Archive member included to satisfy reference by file (symbol)

c:/st/stm32cubeide_1.10.1/stm32cubeide/plugins/com.st.stm32cube.ide.mcu.externaltools.gnu-tools-for-stm32.10.3-2021.10.win32_1.0.0.202111181127/tools/bin/../lib/gcc/arm-none-eabi/10.3.1/../../../../arm-none-eabi/lib/thumb/v7e-m+fp/hard\libstdc++_nano.a(del_ops.o)
                              ./Core/srccpp/Bussinesslogic/LpdcLogic.o (operator delete(void*, unsigned int))
c:/st/stm32cubeide_1.10.1/stm32cubeide/plugins/com.st.stm32cube.ide.mcu.externaltools.gnu-tools-for-stm32.10.3-2021.10.win32_1.0.0.202111181127/tools/bin/../lib/gcc/arm-none-eabi/10.3.1/../../../../arm-none-eabi/lib/thumb/v7e-m+fp/hard\libstdc++_nano.a(del_op.o)
                              c:/st/stm32cubeide_1.10.1/stm32cubeide/plugins/com.st.stm32cube.ide.mcu.externaltools.gnu-tools-for-stm32.10.3-2021.10.win32_1.0.0.202111181127/tools/bin/../lib/gcc/arm-none-eabi/10.3.1/../../../../arm-none-eabi/lib/thumb/v7e-m+fp/hard\libstdc++_nano.a(del_ops.o) (operator delete(void*))
c:/st/stm32cubeide_1.10.1/stm32cubeide/plugins/com.st.stm32cube.ide.mcu.externaltools.gnu-tools-for-stm32.10.3-2021.10.win32_1.0.0.202111181127/tools/bin/../lib/gcc/arm-none-eabi/10.3.1/../../../../arm-none-eabi/lib/thumb/v7e-m+fp/hard\libc_nano.a(lib_a-errno.o)
                              ./Core/Src/syscalls.o (__errno)
c:/st/stm32cubeide_1.10.1/stm32cubeide/plugins/com.st.stm32cube.ide.mcu.externaltools.gnu-tools-for-stm32.10.3-2021.10.win32_1.0.0.202111181127/tools/bin/../lib/gcc/arm-none-eabi/10.3.1/../../../../arm-none-eabi/lib/thumb/v7e-m+fp/hard\libc_nano.a(lib_a-exit.o)
                              c:/st/stm32cubeide_1.10.1/stm32cubeide/plugins/com.st.stm32cube.ide.mcu.externaltools.gnu-tools-for-stm32.10.3-2021.10.win32_1.0.0.202111181127/tools/bin/../lib/gcc/arm-none-eabi/10.3.1/../../../../arm-none-eabi/lib/thumb/v7e-m+fp/hard/crt0.o (exit)
c:/st/stm32cubeide_1.10.1/stm32cubeide/plugins/com.st.stm32cube.ide.mcu.externaltools.gnu-tools-for-stm32.10.3-2021.10.win32_1.0.0.202111181127/tools/bin/../lib/gcc/arm-none-eabi/10.3.1/../../../../arm-none-eabi/lib/thumb/v7e-m+fp/hard\libc_nano.a(lib_a-impure.o)
                              c:/st/stm32cubeide_1.10.1/stm32cubeide/plugins/com.st.stm32cube.ide.mcu.externaltools.gnu-tools-for-stm32.10.3-2021.10.win32_1.0.0.202111181127/tools/bin/../lib/gcc/arm-none-eabi/10.3.1/../../../../arm-none-eabi/lib/thumb/v7e-m+fp/hard\libc_nano.a(lib_a-exit.o) (_global_impure_ptr)
c:/st/stm32cubeide_1.10.1/stm32cubeide/plugins/com.st.stm32cube.ide.mcu.externaltools.gnu-tools-for-stm32.10.3-2021.10.win32_1.0.0.202111181127/tools/bin/../lib/gcc/arm-none-eabi/10.3.1/../../../../arm-none-eabi/lib/thumb/v7e-m+fp/hard\libc_nano.a(lib_a-init.o)
                              c:/st/stm32cubeide_1.10.1/stm32cubeide/plugins/com.st.stm32cube.ide.mcu.externaltools.gnu-tools-for-stm32.10.3-2021.10.win32_1.0.0.202111181127/tools/bin/../lib/gcc/arm-none-eabi/10.3.1/../../../../arm-none-eabi/lib/thumb/v7e-m+fp/hard/crt0.o (__libc_init_array)
c:/st/stm32cubeide_1.10.1/stm32cubeide/plugins/com.st.stm32cube.ide.mcu.externaltools.gnu-tools-for-stm32.10.3-2021.10.win32_1.0.0.202111181127/tools/bin/../lib/gcc/arm-none-eabi/10.3.1/../../../../arm-none-eabi/lib/thumb/v7e-m+fp/hard\libc_nano.a(lib_a-malloc.o)
                              c:/st/stm32cubeide_1.10.1/stm32cubeide/plugins/com.st.stm32cube.ide.mcu.externaltools.gnu-tools-for-stm32.10.3-2021.10.win32_1.0.0.202111181127/tools/bin/../lib/gcc/arm-none-eabi/10.3.1/../../../../arm-none-eabi/lib/thumb/v7e-m+fp/hard\libstdc++_nano.a(del_op.o) (free)
c:/st/stm32cubeide_1.10.1/stm32cubeide/plugins/com.st.stm32cube.ide.mcu.externaltools.gnu-tools-for-stm32.10.3-2021.10.win32_1.0.0.202111181127/tools/bin/../lib/gcc/arm-none-eabi/10.3.1/../../../../arm-none-eabi/lib/thumb/v7e-m+fp/hard\libc_nano.a(lib_a-memcpy-stub.o)
                              ./Core/srccpp/Modbus/Modbusrtu.o (memcpy)
c:/st/stm32cubeide_1.10.1/stm32cubeide/plugins/com.st.stm32cube.ide.mcu.externaltools.gnu-tools-for-stm32.10.3-2021.10.win32_1.0.0.202111181127/tools/bin/../lib/gcc/arm-none-eabi/10.3.1/../../../../arm-none-eabi/lib/thumb/v7e-m+fp/hard\libc_nano.a(lib_a-memset.o)
                              c:/st/stm32cubeide_1.10.1/stm32cubeide/plugins/com.st.stm32cube.ide.mcu.externaltools.gnu-tools-for-stm32.10.3-2021.10.win32_1.0.0.202111181127/tools/bin/../lib/gcc/arm-none-eabi/10.3.1/../../../../arm-none-eabi/lib/thumb/v7e-m+fp/hard/crt0.o (memset)
c:/st/stm32cubeide_1.10.1/stm32cubeide/plugins/com.st.stm32cube.ide.mcu.externaltools.gnu-tools-for-stm32.10.3-2021.10.win32_1.0.0.202111181127/tools/bin/../lib/gcc/arm-none-eabi/10.3.1/../../../../arm-none-eabi/lib/thumb/v7e-m+fp/hard\libc_nano.a(lib_a-nano-freer.o)
[...]
Memory Configuration

Name             Origin             Length             Attributes
RAM              0x0000000020000000 0x0000000000010000 xrw
RAM2             0x0000000010000000 0x0000000000004000 xrw
FLASH            0x0000000008000000 0x0000000000040000 xr
*default*        0x0000000000000000 0xffffffffffffffff

Linker script and memory map

LOAD c:/st/stm32cubeide_1.10.1/stm32cubeide/plugins/com.st.stm32cube.ide.mcu.externaltools.gnu-tools-for-stm32.10.3-2021.10.win32_1.0.0.202111181127/tools/bin/../lib/gcc/arm-none-eabi/10.3.1/thumb/v7e-m+fp/hard/crti.o
LOAD c:/st/stm32cubeide_1.10.1/stm32cubeide/plugins/com.st.stm32cube.ide.mcu.externaltools.gnu-tools-for-stm32.10.3-2021.10.win32_1.0.0.202111181127/tools/bin/../lib/gcc/arm-none-eabi/10.3.1/thumb/v7e-m+fp/hard/crtbegin.o
LOAD c:/st/stm32cubeide_1.10.1/stm32cubeide/plugins/com.st.stm32cube.ide.mcu.externaltools.gnu-tools-for-stm32.10.3-2021.10.win32_1.0.0.202111181127/tools/bin/../lib/gcc/arm-none-eabi/10.3.1/../../../../arm-none-eabi/lib/thumb/v7e-m+fp/hard/crt0.o
LOAD ./Core/Src/ESP8266/esp8266.o
LOAD ./Core/Src/ESP8266/esp8266_rx.o
LOAD ./Core/Src/GLCD_clib.o
LOAD ./Core/Src/TimerIntHandler.o
LOAD ./Core/Src/UARTTxRxHandle.o
LOAD ./Core/Src/main.o
LOAD ./Core/Src/stm32l4xx_hal_msp.o
LOAD ./Core/Src/stm32l4xx_it.o
LOAD ./Core/Src/syscalls.o
LOAD ./Core/Src/sysmem.o
LOAD ./Core/Src/system_stm32l4xx.o
LOAD ./Core/Src/RTC/ds1307.o
LOAD ./Core/Src/W25Q64/w25qxx.o
LOAD ./Core/Src/W5500_C/W5500/w5500.o
LOAD ./Core/Src/W5500_C/socket.o
LOAD ./Core/Src/W5500_C/w5500_spi.o
LOAD ./Core/Src/W5500_C/wizchip_conf.o
LOAD ./Core/Startup/startup_stm32l433rctx.o
LOAD ./Core/srccpp/Bussinesslogic/LpdcLogic.o
LOAD ./Core/srccpp/Common/common.o
LOAD ./Core/srccpp/DisplayCPP/DisplayRoutine.o
LOAD ./Core/srccpp/DisplayCPP/GLCD.o
LOAD ./Core/srccpp/Dwin/Dwinhmi.o
LOAD ./Core/srccpp/Ethernet/W5500.o
LOAD ./Core/srccpp/Modbus/Modbusrtu.o
LOAD ./Core/srccpp/OfflineStorage/OfflineStorage.o
LOAD ./Core/srccpp/Shift/SHIFT.o
LOAD ./Core/srccpp/WifiEsp8266/ESP8266.o
LOAD ./Core/srccpp/main.o
LOAD ./Drivers/STM32L4xx_HAL_Driver/Src/stm32l4xx_hal.o
LOAD ./Drivers/STM32L4xx_HAL_Driver/Src/stm32l4xx_hal_cortex.o
LOAD ./Drivers/STM32L4xx_HAL_Driver/Src/stm32l4xx_hal_dma.o
LOAD ./Drivers/STM32L4xx_HAL_Driver/Src/stm32l4xx_hal_dma_ex.o
LOAD ./Drivers/STM32L4xx_HAL_Driver/Src/stm32l4xx_hal_exti.o
LOAD ./Drivers/STM32L4xx_HAL_Driver/Src/stm32l4xx_hal_flash.o
LOAD ./Drivers/STM32L4xx_HAL_Driver/Src/stm32l4xx_hal_flash_ex.o
LOAD ./Drivers/STM32L4xx_HAL_Driver/Src/stm32l4xx_hal_flash_ramfunc.o
LOAD ./Drivers/STM32L4xx_HAL_Driver/Src/stm32l4xx_hal_gpio.o
LOAD ./Drivers/STM32L4xx_HAL_Driver/Src/stm32l4xx_hal_i2c.o
LOAD ./Drivers/STM32L4xx_HAL_Driver/Src/stm32l4xx_hal_i2c_ex.o
LOAD ./Drivers/STM32L4xx_HAL_Driver/Src/stm32l4xx_hal_pwr.o
LOAD ./Drivers/STM32L4xx_HAL_Driver/Src/stm32l4xx_hal_pwr_ex.o
LOAD ./Drivers/STM32L4xx_HAL_Driver/Src/stm32l4xx_hal_rcc.o
LOAD ./Drivers/STM32L4xx_HAL_Driver/Src/stm32l4xx_hal_rcc_ex.o
LOAD ./Drivers/STM32L4xx_HAL_Driver/Src/stm32l4xx_hal_spi.o
LOAD ./Drivers/STM32L4xx_HAL_Driver/Src/stm32l4xx_hal_spi_ex.o
LOAD ./Drivers/STM32L4xx_HAL_Driver/Src/stm32l4xx_hal_tim.o
LOAD ./Drivers/STM32L4xx_HAL_Driver/Src/stm32l4xx_hal_tim_ex.o
LOAD ./Drivers/STM32L4xx_HAL_Driver/Src/stm32l4xx_hal_uart.o
LOAD ./Drivers/STM32L4xx_HAL_Driver/Src/stm32l4xx_hal_uart_ex.o
START GROUP
LOAD c:/st/stm32cubeide_1.10.1/stm32cubeide/plugins/com.st.stm32cube.ide.mcu.externaltools.gnu-tools-for-stm32.10.3-2021.10.win32_1.0.0.202111181127/tools/bin/../lib/gcc/arm-none-eabi/10.3.1/../../../../arm-none-eabi/lib/thumb/v7e-m+fp/hard\libstdc++_nano.a
LOAD c:/st/stm32cubeide_1.10.1/stm32cubeide/plugins/com.st.stm32cube.ide.mcu.externaltools.gnu-tools-for-stm32.10.3-2021.10.win32_1.0.0.202111181127/tools/bin/../lib/gcc/arm-none-eabi/10.3.1/../../../../arm-none-eabi/lib/thumb/v7e-m+fp/hard\libsupc++_nano.a
END GROUP
LOAD c:/st/stm32cubeide_1.10.1/stm32cubeide/plugins/com.st.stm32cube.ide.mcu.externaltools.gnu-tools-for-stm32.10.3-2021.10.win32_1.0.0.202111181127/tools/bin/../lib/gcc/arm-none-eabi/10.3.1/../../../../arm-none-eabi/lib/thumb/v7e-m+fp/hard\libstdc++_nano.a
LOAD c:/st/stm32cubeide_1.10.1/stm32cubeide/plugins/com.st.stm32cube.ide.mcu.externaltools.gnu-tools-for-stm32.10.3-2021.10.win32_1.0.0.202111181127/tools/bin/../lib/gcc/arm-none-eabi/10.3.1/../../../../arm-none-eabi/lib/thumb/v7e-m+fp/hard\libm.a
LOAD c:/st/stm32cubeide_1.10.1/stm32cubeide/plugins/com.st.stm32cube.ide.mcu.externaltools.gnu-tools-for-stm32.10.3-2021.10.win32_1.0.0.202111181127/tools/bin/../lib/gcc/arm-none-eabi/10.3.1/../../../../arm-none-eabi/lib/thumb/v7e-m+fp/hard\libc_nano.a
START GROUP
LOAD c:/st/stm32cubeide_1.10.1/stm32cubeide/plugins/com.st.stm32cube.ide.mcu.externaltools.gnu-tools-for-stm32.10.3-2021.10.win32_1.0.0.202111181127/tools/bin/../lib/gcc/arm-none-eabi/10.3.1/thumb/v7e-m+fp/hard\libgcc.a
LOAD c:/st/stm32cubeide_1.10.1/stm32cubeide/plugins/com.st.stm32cube.ide.mcu.externaltools.gnu-tools-for-stm32.10.3-2021.10.win32_1.0.0.202111181127/tools/bin/../lib/gcc/arm-none-eabi/10.3.1/../../../../arm-none-eabi/lib/thumb/v7e-m+fp/hard\libc_nano.a
END GROUP
START GROUP
LOAD c:/st/stm32cubeide_1.10.1/stm32cubeide/plugins/com.st.stm32cube.ide.mcu.externaltools.gnu-tools-for-stm32.10.3-2021.10.win32_1.0.0.202111181127/tools/bin/../lib/gcc/arm-none-eabi/10.3.1/thumb/v7e-m+fp/hard\libgcc.a
LOAD c:/st/stm32cubeide_1.10.1/stm32cubeide/plugins/com.st.stm32cube.ide.mcu.externaltools.gnu-tools-for-stm32.10.3-2021.10.win32_1.0.0.202111181127/tools/bin/../lib/gcc/arm-none-eabi/10.3.1/../../../../arm-none-eabi/lib/thumb/v7e-m+fp/hard\libc_nano.a
LOAD c:/st/stm32cubeide_1.10.1/stm32cubeide/plugins/com.st.stm32cube.ide.mcu.externaltools.gnu-tools-for-stm32.10.3-2021.10.win32_1.0.0.202111181127/tools/bin/../lib/gcc/arm-none-eabi/10.3.1/../../../../arm-none-eabi/lib/thumb/v7e-m+fp/hard\libnosys.a
END GROUP
START GROUP
LOAD c:/st/stm32cubeide_1.10.1/stm32cubeide/plugins/com.st.stm32cube.ide.mcu.externaltools.gnu-tools-for-stm32.10.3-2021.10.win32_1.0.0.202111181127/tools/bin/../lib/gcc/arm-none-eabi/10.3.1/thumb/v7e-m+fp/hard\libgcc.a
LOAD c:/st/stm32cubeide_1.10.1/stm32cubeide/plugins/com.st.stm32cube.ide.mcu.externaltools.gnu-tools-for-stm32.10.3-2021.10.win32_1.0.0.202111181127/tools/bin/../lib/gcc/arm-none-eabi/10.3.1/../../../../arm-none-eabi/lib/thumb/v7e-m+fp/hard\libc_nano.a
LOAD c:/st/stm32cubeide_1.10.1/stm32cubeide/plugins/com.st.stm32cube.ide.mcu.externaltools.gnu-tools-for-stm32.10.3-2021.10.win32_1.0.0.202111181127/tools/bin/../lib/gcc/arm-none-eabi/10.3.1/../../../../arm-none-eabi/lib/thumb/v7e-m+fp/hard\libnosys.a
END GROUP
LOAD c:/st/stm32cubeide_1.10.1/stm32cubeide/plugins/com.st.stm32cube.ide.mcu.externaltools.gnu-tools-for-stm32.10.3-2021.10.win32_1.0.0.202111181127/tools/bin/../lib/gcc/arm-none-eabi/10.3.1/thumb/v7e-m+fp/hard/crtend.o
LOAD c:/st/stm32cubeide_1.10.1/stm32cubeide/plugins/com.st.stm32cube.ide.mcu.externaltools.gnu-tools-for-stm32.10.3-2021.10.win32_1.0.0.202111181127/tools/bin/../lib/gcc/arm-none-eabi/10.3.1/thumb/v7e-m+fp/hard/crtn.o
                0x0000000020010000                _estack = (ORIGIN (RAM) + LENGTH (RAM))
                0x0000000000000200                _Min_Heap_Size = 0x200
                0x0000000000000400                _Min_Stack_Size = 0x400

.isr_vector     0x0000000008000000      0x18c
                0x0000000008000000                . = ALIGN (0x4)
 *(.isr_vector)
 .isr_vector    0x0000000008000000      0x18c ./Core/Startup/startup_stm32l433rctx.o
                0x0000000008000000                g_pfnVectors
                0x000000000800018c                . = ALIGN (0x4)

.text           0x0000000008000190    0x102fc
                0x0000000008000190                . = ALIGN (0x4)
 *(.text)
 .text          0x0000000008000190       0x40 c:/st/stm32cubeide_1.10.1/stm32cubeide/plugins/com.st.stm32cube.ide.mcu.externaltools.gnu-tools-for-stm32.10.3-2021.10.win32_1.0.0.202111181127/tools/bin/../lib/gcc/arm-none-eabi/10.3.1/thumb/v7e-m+fp/hard/crtbegin.o
 .text          0x00000000080001d0       0x10 c:/st/stm32cubeide_1.10.1/stm32cubeide/plugins/com.st.stm32cube.ide.mcu.externaltools.gnu-tools-for-stm32.10.3-2021.10.win32_1.0.0.202111181127/tools/bin/../lib/gcc/arm-none-eabi/10.3.1/../../../../arm-none-eabi/lib/thumb/v7e-m+fp/hard\libc_nano.a(lib_a-strlen.o)
                0x00000000080001d0                strlen
 .text          0x00000000080001e0       0xa0 c:/st/stm32cubeide_1.10.1/stm32cubeide/plugins/com.st.stm32cube.ide.mcu.externaltools.gnu-tools-for-stm32.10.3-2021.10.win32_1.0.0.202111181127/tools/bin/../lib/gcc/arm-none-eabi/10.3.1/../../../../arm-none-eabi/lib/thumb/v7e-m+fp/hard\libc_nano.a(lib_a-memchr.o)
                0x00000000080001e0                memchr
 .text          0x0000000008000280       0x30 c:/st/stm32cubeide_1.10.1/stm32cubeide/plugins/com.st.stm32cube.ide.mcu.externaltools.gnu-tools-for-stm32.10.3-2021.10.win32_1.0.0.202111181127/tools/bin/../lib/gcc/arm-none-eabi/10.3.1/thumb/v7e-m+fp/hard\libgcc.a(_aeabi_uldivmod.o)
                0x0000000008000280                __aeabi_uldivmod
 .text          0x00000000080002b0      0x2d0 c:/st/stm32cubeide_1.10.1/stm32cubeide/plugins/com.st.stm32cube.ide.mcu.externaltools.gnu-tools-for-stm32.10.3-2021.10.win32_1.0.0.202111181127/tools/bin/../lib/gcc/arm-none-eabi/10.3.1/thumb/v7e-m+fp/hard\libgcc.a(_udivmoddi4.o)
                0x00000000080002b0                __udivmoddi4
 .text          0x0000000008000580        0x4 c:/st/stm32cubeide_1.10.1/stm32cubeide/plugins/com.st.stm32cube.ide.mcu.externaltools.gnu-tools-for-stm32.10.3-2021.10.win32_1.0.0.202111181127/tools/bin/../lib/gcc/arm-none-eabi/10.3.1/thumb/v7e-m+fp/hard\libgcc.a(_dvmd_tls.o)
                0x0000000008000580                __aeabi_idiv0
                0x0000000008000580                __aeabi_ldiv0
 *(.text*)
 .text.ESPRXDataSeg
                0x0000000008000584      0x434 ./Core/Src/ESP8266/esp8266_rx.o
                0x0000000008000584                ESPRXDataSeg
 .text.ESPRxDecoder
                0x00000000080009b8     0x1344 ./Core/Src/ESP8266/esp8266_rx.o
                0x00000000080009b8                ESPRxDecoder
 .text.DecToASCIIFun
                0x0000000008001cfc       0xe4 ./Core/Src/ESP8266/esp8266_rx.o
                0x0000000008001cfc                DecToASCIIFun
 .text.HAL_TIM_PeriodElapsedCallback
                0x0000000008001de0       0xac ./Core/Src/TimerIntHandler.o
                0x0000000008001de0                HAL_TIM_PeriodElapsedCallback
 .text.HAL_UART_RxCpltCallback
                0x0000000008001e8c      0x134 ./Core/Src/UARTTxRxHandle.o
                0x0000000008001e8c                HAL_UART_RxCpltCallback
 .text.DwinFrameDecode
                0x0000000008001fc0      0x11c ./Core/Src/UARTTxRxHandle.o
                0x0000000008001fc0                DwinFrameDecode
 .text.main     0x00000000080020dc       0xa4 ./Core/Src/main.o
                0x00000000080020dc                main
 .text.SystemClock_Config
                0x0000000008002180       0xa4 ./Core/Src/main.o
                0x0000000008002180                SystemClock_Config
 .text.MX_I2C1_Init
                0x0000000008002224       0x80 ./Core/Src/main.o
 .text.MX_LPUART1_UART_Init
                0x00000000080022a4       0x58 ./Core/Src/main.o
 .text.MX_USART1_UART_Init
                0x00000000080022fc       0x60 ./Core/Src/main.o
 .text.MX_USART2_UART_Init
                0x000000000800235c       0x60 ./Core/Src/main.o
 .text.MX_SPI1_Init
                0x00000000080023bc       0x90 ./Core/Src/main.o
 .text.MX_SPI2_Init
                0x000000000800244c       0x90 ./Core/Src/main.o
 .text.MX_TIM1_Init
                0x00000000080024dc       0xa8 ./Core/Src/main.o
 .text.MX_TIM6_Init
                0x0000000008002584       0x6c ./Core/Src/main.o
 .text.MX_TIM7_Init
                0x00000000080025f0       0x70 ./Core/Src/main.o
 .text.MX_GPIO_Init
                0x0000000008002660      0x1e4 ./Core/Src/main.o
 .text.Error_Handler
                0x0000000008002844        0xa ./Core/Src/main.o
                0x0000000008002844                Error_Handler
 *fill*         0x000000000800284e        0x2 
 .text.HAL_MspInit
                0x0000000008002850       0x48 ./Core/Src/stm32l4xx_hal_msp.o
                0x0000000008002850                HAL_MspInit
 .text.HAL_I2C_MspInit
                0x0000000008002898       0xb8 ./Core/Src/stm32l4xx_hal_msp.o
                0x0000000008002898                HAL_I2C_MspInit
 .text.HAL_UART_MspInit
                0x0000000008002950      0x1fc ./Core/Src/stm32l4xx_hal_msp.o
                0x0000000008002950                HAL_UART_MspInit
 .text.HAL_SPI_MspInit
                0x0000000008002b4c       0xec ./Core/Src/stm32l4xx_hal_msp.o
                0x0000000008002b4c                HAL_SPI_MspInit
 .text.HAL_TIM_Base_MspInit
                0x0000000008002c38       0xac ./Core/Src/stm32l4xx_hal_msp.o
                0x0000000008002c38                HAL_TIM_Base_MspInit
 .text.NMI_Handler
                0x0000000008002ce4        0x6 ./Core/Src/stm32l4xx_it.o
                0x0000000008002ce4                NMI_Handler
 .text.HardFault_Handler
                0x0000000008002cea        0x6 ./Core/Src/stm32l4xx_it.o
                0x0000000008002cea                HardFault_Handler
 .text.MemManage_Handler
                0x0000000008002cf0        0x6 ./Core/Src/stm32l4xx_it.o
                0x0000000008002cf0                MemManage_Handler
 .text.BusFault_Handler
                0x0000000008002cf6        0x6 ./Core/Src/stm32l4xx_it.o
                0x0000000008002cf6                BusFault_Handler
 .text.UsageFault_Handler
                0x0000000008002cfc        0x6 ./Core/Src/stm32l4xx_it.o
                0x0000000008002cfc                UsageFault_Handler
 .text.SVC_Handler
                0x0000000008002d02        0xe ./Core/Src/stm32l4xx_it.o
                0x0000000008002d02                SVC_Handler
 .text.DebugMon_Handler
                0x0000000008002d10        0xe ./Core/Src/stm32l4xx_it.o
                0x0000000008002d10                DebugMon_Handler
 .text.PendSV_Handler
                0x0000000008002d1e        0xe ./Core/Src/stm32l4xx_it.o
                0x0000000008002d1e                PendSV_Handler
 .text.SysTick_Handler
                0x0000000008002d2c        0xc ./Core/Src/stm32l4xx_it.o
                0x0000000008002d2c                SysTick_Handler
 .text.USART1_IRQHandler
                0x0000000008002d38       0x14 ./Core/Src/stm32l4xx_it.o
                0x0000000008002d38                USART1_IRQHandler
 .text.USART2_IRQHandler
                0x0000000008002d4c       0x14 ./Core/Src/stm32l4xx_it.o
                0x0000000008002d4c                USART2_IRQHandler
 .text.TIM6_DAC_IRQHandler
                0x0000000008002d60       0x14 ./Core/Src/stm32l4xx_it.o
                0x0000000008002d60                TIM6_DAC_IRQHandler
 .text.TIM7_IRQHandler
                0x0000000008002d74       0x14 ./Core/Src/stm32l4xx_it.o
                0x0000000008002d74                TIM7_IRQHandler
 .text.LPUART1_IRQHandler
                0x0000000008002d88       0x14 ./Core/Src/stm32l4xx_it.o
                0x0000000008002d88                LPUART1_IRQHandler
 .text._sbrk    0x0000000008002d9c       0x6c ./Core/Src/sysmem.o
                0x0000000008002d9c                _sbrk
 .text.SystemInit
                0x0000000008002e08       0x24 ./Core/Src/system_stm32l4xx.o
                0x0000000008002e08                SystemInit
 .text.bcd2bin  0x0000000008002e2c       0x32 ./Core/Src/RTC/ds1307.o
                0x0000000008002e2c                bcd2bin
 *fill*         0x0000000008002e5e        0x2 
 .text.bin2bcd  0x0000000008002e60       0x48 ./Core/Src/RTC/ds1307.o
                0x0000000008002e60                bin2bcd
 .text.rtc_get_time
                0x0000000008002ea8       0x68 ./Core/Src/RTC/ds1307.o
                0x0000000008002ea8                rtc_get_time
 .text.rtc_set_time
                0x0000000008002f10       0x60 ./Core/Src/RTC/ds1307.o
                0x0000000008002f10                rtc_set_time
 .text.rtc_get_date
                0x0000000008002f70       0x74 ./Core/Src/RTC/ds1307.o
                0x0000000008002f70                rtc_get_date
 .text.rtc_set_date
                0x0000000008002fe4       0x70 ./Core/Src/RTC/ds1307.o
                0x0000000008002fe4                rtc_set_date
 .text.W25qxx_Spi
                0x0000000008003054       0x2c ./Core/Src/W25Q64/w25qxx.o
                0x0000000008003054                W25qxx_Spi
 .text.W25qxx_ReadID
                0x0000000008003080       0x6c ./Core/Src/W25Q64/w25qxx.o
                0x0000000008003080                W25qxx_ReadID
 .text.W25qxx_ReadUniqID
                0x00000000080030ec       0x6c ./Core/Src/W25Q64/w25qxx.o
                0x00000000080030ec                W25qxx_ReadUniqID
 .text.W25qxx_WriteEnable
                0x0000000008003158       0x2c ./Core/Src/W25Q64/w25qxx.o
                0x0000000008003158                W25qxx_WriteEnable
 .text.W25qxx_ReadStatusRegister
                0x0000000008003184       0x8c ./Core/Src/W25Q64/w25qxx.o
                0x0000000008003184                W25qxx_ReadStatusRegister
 .text.W25qxx_WaitForWriteEnd
                0x0000000008003210       0x54 ./Core/Src/W25Q64/w25qxx.o
                0x0000000008003210                W25qxx_WaitForWriteEnd
 .text.W25qxx_Init
                0x0000000008003264      0x1a4 ./Core/Src/W25Q64/w25qxx.o
                0x0000000008003264                W25qxx_Init
 .text.W25qxx_EraseSector
                0x0000000008003408       0xb0 ./Core/Src/W25Q64/w25qxx.o
                0x0000000008003408                W25qxx_EraseSector
 .text.W25qxx_SectorToPage
                0x00000000080034b8       0x2c ./Core/Src/W25Q64/w25qxx.o
                0x00000000080034b8                W25qxx_SectorToPage
 .text.W25qxx_WritePage
                0x00000000080034e4      0x108 ./Core/Src/W25Q64/w25qxx.o
                0x00000000080034e4                W25qxx_WritePage
 .text.W25qxx_WriteSector
                0x00000000080035ec       0xc4 ./Core/Src/W25Q64/w25qxx.o
                0x00000000080035ec                W25qxx_WriteSector
 .text.W25qxx_ReadPage
                0x00000000080036b0       0xfc ./Core/Src/W25Q64/w25qxx.o
                0x00000000080036b0                W25qxx_ReadPage
 .text.W25qxx_ReadSector
                0x00000000080037ac       0xc4 ./Core/Src/W25Q64/w25qxx.o
                0x00000000080037ac                W25qxx_ReadSector
 .text.Reset_Handler
                0x0000000008003870       0x50 ./Core/Startup/startup_stm32l433rctx.o
                0x0000000008003870                Reset_Handler
 .text.Default_Handler
                0x00000000080038c0        0x2 ./Core/Startup/startup_stm32l433rctx.o
                0x00000000080038c0                RTC_Alarm_IRQHandler
                0x00000000080038c0                EXTI2_IRQHandler
                0x00000000080038c0                TIM1_CC_IRQHandler
                0x00000000080038c0                TSC_IRQHandler
                0x00000000080038c0                TAMP_STAMP_IRQHandler
                0x00000000080038c0                EXTI3_IRQHandler
                0x00000000080038c0                LPTIM2_IRQHandler
                0x00000000080038c0                I2C3_ER_IRQHandler
                0x00000000080038c0                EXTI0_IRQHandler
                0x00000000080038c0                I2C2_EV_IRQHandler
                0x00000000080038c0                CAN1_RX0_IRQHandler
                0x00000000080038c0                FPU_IRQHandler
                0x00000000080038c0                TIM1_UP_TIM16_IRQHandler
                0x00000000080038c0                SPI1_IRQHandler
                0x00000000080038c0                DMA2_Channel2_IRQHandler
                0x00000000080038c0                DMA1_Channel4_IRQHandler
                0x00000000080038c0                ADC1_IRQHandler
                0x00000000080038c0                USART3_IRQHandler
                0x00000000080038c0                DMA1_Channel7_IRQHandler
                0x00000000080038c0                CAN1_RX1_IRQHandler
                0x00000000080038c0                LCD_IRQHandler
                0x00000000080038c0                DMA2_Channel1_IRQHandler
                0x00000000080038c0                QUADSPI_IRQHandler
                0x00000000080038c0                I2C1_EV_IRQHandler
                0x00000000080038c0                DMA1_Channel6_IRQHandler
                0x00000000080038c0                DMA2_Channel4_IRQHandler
                0x00000000080038c0                RCC_IRQHandler
                0x00000000080038c0                TIM1_TRG_COM_IRQHandler
                0x00000000080038c0                DMA1_Channel1_IRQHandler
                0x00000000080038c0                Default_Handler
                0x00000000080038c0                DMA2_Channel7_IRQHandler
                0x00000000080038c0                EXTI15_10_IRQHandler
                0x00000000080038c0                SDMMC1_IRQHandler
                0x00000000080038c0                I2C3_EV_IRQHandler
                0x00000000080038c0                USB_IRQHandler
                0x00000000080038c0                EXTI9_5_IRQHandler
                0x00000000080038c0                RTC_WKUP_IRQHandler
                0x00000000080038c0                PVD_PVM_IRQHandler
                0x00000000080038c0                SPI2_IRQHandler
                0x00000000080038c0                CAN1_TX_IRQHandler
                0x00000000080038c0                DMA2_Channel5_IRQHandler
                0x00000000080038c0                CRS_IRQHandler
                0x00000000080038c0                DMA1_Channel5_IRQHandler
                0x00000000080038c0                EXTI4_IRQHandler
                0x00000000080038c0                RNG_IRQHandler
                0x00000000080038c0                DMA1_Channel3_IRQHandler
                0x00000000080038c0                COMP_IRQHandler
                0x00000000080038c0                WWDG_IRQHandler
                0x00000000080038c0                DMA2_Channel6_IRQHandler
                0x00000000080038c0                TIM2_IRQHandler
                0x00000000080038c0                EXTI1_IRQHandler
                0x00000000080038c0                I2C2_ER_IRQHandler
                0x00000000080038c0                DMA1_Channel2_IRQHandler
                0x00000000080038c0                CAN1_SCE_IRQHandler
                0x00000000080038c0                FLASH_IRQHandler
                0x00000000080038c0                SPI3_IRQHandler
                0x00000000080038c0                I2C1_ER_IRQHandler
                0x00000000080038c0                SWPMI1_IRQHandler
                0x00000000080038c0                LPTIM1_IRQHandler
                0x00000000080038c0                SAI1_IRQHandler
                0x00000000080038c0                DMA2_Channel3_IRQHandler
                0x00000000080038c0                TIM1_BRK_TIM15_IRQHandler
 *fill*         0x00000000080038c2        0x2 
 .text._ZN9LpdcLogicC2Ev
                0x00000000080038c4       0x28 ./Core/srccpp/Bussinesslogic/LpdcLogic.o
                0x00000000080038c4                LpdcLogic::LpdcLogic()
                0x00000000080038c4                LpdcLogic::LpdcLogic()
 .text._ZN9LpdcLogicD2Ev
                0x00000000080038ec       0x20 ./Core/srccpp/Bussinesslogic/LpdcLogic.o
                0x00000000080038ec                LpdcLogic::~LpdcLogic()
                0x00000000080038ec                LpdcLogic::~LpdcLogic()
 .text._ZN9LpdcLogicD0Ev
                0x000000000800390c       0x20 ./Core/srccpp/Bussinesslogic/LpdcLogic.o
                0x000000000800390c                LpdcLogic::~LpdcLogic()
 .text._ZN9LpdcLogic3runEv
                0x000000000800392c       0x34 ./Core/srccpp/Bussinesslogic/LpdcLogic.o
                0x000000000800392c                LpdcLogic::run()
 .text._ZN9LpdcLogic11shiftChangeEv
                0x0000000008003960       0x80 ./Core/srccpp/Bussinesslogic/LpdcLogic.o
                0x0000000008003960                LpdcLogic::shiftChange()
 .text._ZN9LpdcLogic13productChangeEv
                0x00000000080039e0       0x70 ./Core/srccpp/Bussinesslogic/LpdcLogic.o
                0x00000000080039e0                LpdcLogic::productChange()
 .text._ZN9LpdcLogic10productionEv
                0x0000000008003a50       0x94 ./Core/srccpp/Bussinesslogic/LpdcLogic.o
                0x0000000008003a50                LpdcLogic::production()
 .text._ZN9LpdcLogic15manualRejectionEv
                0x0000000008003ae4       0x6c ./Core/srccpp/Bussinesslogic/LpdcLogic.o
                0x0000000008003ae4                LpdcLogic::manualRejection()
 .text._ZN9LpdcLogic13mAlarmControlEv
                0x0000000008003b50       0x14 ./Core/srccpp/Bussinesslogic/LpdcLogic.o
                0x0000000008003b50                LpdcLogic::mAlarmControl()
 .text._ZN9LpdcLogic14machineControlEv
                0x0000000008003b64       0x14 ./Core/srccpp/Bussinesslogic/LpdcLogic.o
                0x0000000008003b64                LpdcLogic::machineControl()
 .text._ZN6commonC2Ev
                0x0000000008003b78       0x20 ./Core/srccpp/Common/common.o
                0x0000000008003b78                common::common()
                0x0000000008003b78                common::common()
 .text._ZN6commonD2Ev
                0x0000000008003b98       0x20 ./Core/srccpp/Common/common.o
                0x0000000008003b98                common::~common()
                0x0000000008003b98                common::~common()
 .text._ZN6commonD0Ev
                0x0000000008003bb8       0x20 ./Core/srccpp/Common/common.o
                0x0000000008003bb8                common::~common()
 .text._ZN14DisplayRoutineC2Ev
                0x0000000008003bd8       0xc4 ./Core/srccpp/DisplayCPP/DisplayRoutine.o
                0x0000000008003bd8                DisplayRoutine::DisplayRoutine()
                0x0000000008003bd8                DisplayRoutine::DisplayRoutine()
 .text._ZN14DisplayRoutineD2Ev
                0x0000000008003c9c       0x28 ./Core/srccpp/DisplayCPP/DisplayRoutine.o
                0x0000000008003c9c                DisplayRoutine::~DisplayRoutine()
                0x0000000008003c9c                DisplayRoutine::~DisplayRoutine()
 .text._ZN14DisplayRoutineD0Ev
                0x0000000008003cc4       0x22 ./Core/srccpp/DisplayCPP/DisplayRoutine.o
                0x0000000008003cc4                DisplayRoutine::~DisplayRoutine()
 *fill*         0x0000000008003ce6        0x2 
 .text._ZN14DisplayRoutine3runEv
                0x0000000008003ce8      0x18c ./Core/srccpp/DisplayCPP/DisplayRoutine.o
                0x0000000008003ce8                DisplayRoutine::run()
 .text._ZN14DisplayRoutine11value2DigitEhhh
                0x0000000008003e74       0x80 ./Core/srccpp/DisplayCPP/DisplayRoutine.o
                0x0000000008003e74                DisplayRoutine::value2Digit(unsigned char, unsigned char, unsigned char)
 .text._ZN14DisplayRoutine11value4DigitEthh
                0x0000000008003ef4       0xe0 ./Core/srccpp/DisplayCPP/DisplayRoutine.o
                0x0000000008003ef4                DisplayRoutine::value4Digit(unsigned short, unsigned char, unsigned char)
 .text._ZN14DisplayRoutine4InitEv
                0x0000000008003fd4       0x30 ./Core/srccpp/DisplayCPP/DisplayRoutine.o
                0x0000000008003fd4                DisplayRoutine::Init()
 .text._ZN6common26ReadtheValueAssignPinstateEhh
                0x0000000008004004       0x3e ./Core/srccpp/DisplayCPP/GLCD.o
                0x0000000008004004                common::ReadtheValueAssignPinstate(unsigned char, unsigned char)
 *fill*         0x0000000008004042        0x2 
 .text._ZN4GLCDC2Ev
                0x0000000008004044     0x3ef8 ./Core/srccpp/DisplayCPP/GLCD.o
                0x0000000008004044                GLCD::GLCD()
                0x0000000008004044                GLCD::GLCD()
 .text._ZN4GLCDD2Ev
                0x0000000008007f3c       0x24 ./Core/srccpp/DisplayCPP/GLCD.o
                0x0000000008007f3c                GLCD::~GLCD()
                0x0000000008007f3c                GLCD::~GLCD()
 .text._ZN4GLCDD0Ev
                0x0000000008007f60       0x22 ./Core/srccpp/DisplayCPP/GLCD.o
                0x0000000008007f60                GLCD::~GLCD()
 *fill*         0x0000000008007f82        0x2 
 .text._ZN4GLCD9m_ctrloffEv
                0x0000000008007f84       0x54 ./Core/srccpp/DisplayCPP/GLCD.o
                0x0000000008007f84                GLCD::m_ctrloff()
 .text._ZN4GLCD7m_delayEjh
                0x0000000008007fd8       0x42 ./Core/srccpp/DisplayCPP/GLCD.o
                0x0000000008007fd8                GLCD::m_delay(unsigned int, unsigned char)
 *fill*         0x000000000800801a        0x2 
 .text._ZN4GLCD16m_IOWritethedataEh
                0x000000000800801c       0xe4 ./Core/srccpp/DisplayCPP/GLCD.o
                0x000000000800801c                GLCD::m_IOWritethedata(unsigned char)
 .text._ZN4GLCD11m_displayonEv
                0x0000000008008100       0x78 ./Core/srccpp/DisplayCPP/GLCD.o
                0x0000000008008100                GLCD::m_displayon()
 .text._ZN4GLCD11m_setcolumnEh
                0x0000000008008178      0x108 ./Core/srccpp/DisplayCPP/GLCD.o
                0x0000000008008178                GLCD::m_setcolumn(unsigned char)
 .text._ZN4GLCD9m_setpageEh
                0x0000000008008280       0x84 ./Core/srccpp/DisplayCPP/GLCD.o
                0x0000000008008280                GLCD::m_setpage(unsigned char)
 .text._ZN4GLCD14m_setstartlineEh
                0x0000000008008304       0x84 ./Core/srccpp/DisplayCPP/GLCD.o
                0x0000000008008304                GLCD::m_setstartline(unsigned char)
 .text._ZN4GLCD9m_lcddataEPht
                0x0000000008008388      0x134 ./Core/srccpp/DisplayCPP/GLCD.o
                0x0000000008008388                GLCD::m_lcddata(unsigned char*, unsigned short)
 .text._ZN4GLCD10m_lcdputs1EhhPc
                0x00000000080084bc       0x80 ./Core/srccpp/DisplayCPP/GLCD.o
                0x00000000080084bc                GLCD::m_lcdputs1(unsigned char, unsigned char, char*)
 .text._ZN4GLCD8m_clrlcdEv
                0x000000000800853c       0x56 ./Core/srccpp/DisplayCPP/GLCD.o
                0x000000000800853c                GLCD::m_clrlcd()
 *fill*         0x0000000008008592        0x2 
 .text._ZN7DwinhmiC2Ev
                0x0000000008008594       0x28 ./Core/srccpp/Dwin/Dwinhmi.o
                0x0000000008008594                Dwinhmi::Dwinhmi()
                0x0000000008008594                Dwinhmi::Dwinhmi()
 .text._ZN7DwinhmiD2Ev
                0x00000000080085bc       0x20 ./Core/srccpp/Dwin/Dwinhmi.o
                0x00000000080085bc                Dwinhmi::~Dwinhmi()
                0x00000000080085bc                Dwinhmi::~Dwinhmi()
 .text._ZN7DwinhmiD0Ev
                0x00000000080085dc       0x20 ./Core/srccpp/Dwin/Dwinhmi.o
                0x00000000080085dc                Dwinhmi::~Dwinhmi()
 .text._ZN7Dwinhmi9dwinFrameEv
                0x00000000080085fc      0x27c ./Core/srccpp/Dwin/Dwinhmi.o
                0x00000000080085fc                Dwinhmi::dwinFrame()
 .text._ZN7Dwinhmi11dwinDecoderEv
                0x0000000008008878      0x17c ./Core/srccpp/Dwin/Dwinhmi.o
                0x0000000008008878                Dwinhmi::dwinDecoder()
 .text._ZN10W5500ClassC2Ev
                0x00000000080089f4       0x20 ./Core/srccpp/Ethernet/W5500.o
                0x00000000080089f4                W5500Class::W5500Class()
                0x00000000080089f4                W5500Class::W5500Class()
 .text._ZN10W5500ClassD2Ev
                0x0000000008008a14       0x20 ./Core/srccpp/Ethernet/W5500.o
                0x0000000008008a14                W5500Class::~W5500Class()
                0x0000000008008a14                W5500Class::~W5500Class()
 .text._ZN10W5500ClassD0Ev
                0x0000000008008a34       0x20 ./Core/srccpp/Ethernet/W5500.o
                0x0000000008008a34                W5500Class::~W5500Class()
 .text._Z41__static_initialization_and_destruction_0ii
                0x0000000008008a54       0x44 ./Core/srccpp/Ethernet/W5500.o
 .text._GLOBAL__sub_I_w5500
                0x0000000008008a98       0x10 ./Core/srccpp/Ethernet/W5500.o
 .text._GLOBAL__sub_D_w5500
                0x0000000008008aa8       0x10 ./Core/srccpp/Ethernet/W5500.o
 .text._ZN9ModbusrtuC2Ev
                0x0000000008008ab8       0x50 ./Core/srccpp/Modbus/Modbusrtu.o
                0x0000000008008ab8                Modbusrtu::Modbusrtu()
                0x0000000008008ab8                Modbusrtu::Modbusrtu()
 .text._ZN9ModbusrtuD2Ev
                0x0000000008008b08       0x20 ./Core/srccpp/Modbus/Modbusrtu.o
                0x0000000008008b08                Modbusrtu::~Modbusrtu()
                0x0000000008008b08                Modbusrtu::~Modbusrtu()
 .text._ZN9ModbusrtuD0Ev
                0x0000000008008b28       0x22 ./Core/srccpp/Modbus/Modbusrtu.o
                0x0000000008008b28                Modbusrtu::~Modbusrtu()
 *fill*         0x0000000008008b4a        0x2 
 .text._ZN9Modbusrtu21ModbusReadTransactionEv
                0x0000000008008b4c      0x2b0 ./Core/srccpp/Modbus/Modbusrtu.o
                0x0000000008008b4c                Modbusrtu::ModbusReadTransaction()
 .text.HAL_UART_TxCpltCallback
                0x0000000008008dfc       0x24 ./Core/srccpp/Modbus/Modbusrtu.o
                0x0000000008008dfc                HAL_UART_TxCpltCallback
 .text._ZN9Modbusrtu11ASCChecksumEPhh
                0x0000000008008e20       0x72 ./Core/srccpp/Modbus/Modbusrtu.o
                0x0000000008008e20                Modbusrtu::ASCChecksum(unsigned char*, unsigned char)
 *fill*         0x0000000008008e92        0x2 
 .text._ZN14OfflineStorageC2Ev
                0x0000000008008e94       0x20 ./Core/srccpp/OfflineStorage/OfflineStorage.o
                0x0000000008008e94                OfflineStorage::OfflineStorage()
                0x0000000008008e94                OfflineStorage::OfflineStorage()
 .text._ZN14OfflineStorageD2Ev
                0x0000000008008eb4       0x20 ./Core/srccpp/OfflineStorage/OfflineStorage.o
                0x0000000008008eb4                OfflineStorage::~OfflineStorage()
                0x0000000008008eb4                OfflineStorage::~OfflineStorage()
 .text._ZN14OfflineStorageD0Ev
                0x0000000008008ed4       0x20 ./Core/srccpp/OfflineStorage/OfflineStorage.o
                0x0000000008008ed4                OfflineStorage::~OfflineStorage()
 .text._ZN14OfflineStorage3runEv
                0x0000000008008ef4      0x49c ./Core/srccpp/OfflineStorage/OfflineStorage.o
                0x0000000008008ef4                OfflineStorage::run()
 .text._ZN14OfflineStorage19ReadOfflinedataInitEv
                0x0000000008009390      0x148 ./Core/srccpp/OfflineStorage/OfflineStorage.o
                0x0000000008009390                OfflineStorage::ReadOfflinedataInit()
 .text._ZN5SHIFTC2Ev
                0x00000000080094d8       0x20 ./Core/srccpp/Shift/SHIFT.o
                0x00000000080094d8                SHIFT::SHIFT()
                0x00000000080094d8                SHIFT::SHIFT()
 .text._ZN5SHIFTD2Ev
                0x00000000080094f8       0x20 ./Core/srccpp/Shift/SHIFT.o
                0x00000000080094f8                SHIFT::~SHIFT()
                0x00000000080094f8                SHIFT::~SHIFT()
 .text._ZN5SHIFTD0Ev
                0x0000000008009518       0x20 ./Core/srccpp/Shift/SHIFT.o
                0x0000000008009518                SHIFT::~SHIFT()
 .text._ZN5SHIFT16shiftCalculationEv
                0x0000000008009538      0x1c8 ./Core/srccpp/Shift/SHIFT.o
                0x0000000008009538                SHIFT::shiftCalculation()
 .text._ZN5SHIFT3runEv
                0x0000000008009700       0x16 ./Core/srccpp/Shift/SHIFT.o
                0x0000000008009700                SHIFT::run()
 *fill*         0x0000000008009716        0x2 
 .text._ZN7ESP8266C2Ev
                0x0000000008009718      0x378 ./Core/srccpp/WifiEsp8266/ESP8266.o
                0x0000000008009718                ESP8266::ESP8266()
                0x0000000008009718                ESP8266::ESP8266()
 .text._ZN7ESP8266D2Ev
                0x0000000008009a90       0x20 ./Core/srccpp/WifiEsp8266/ESP8266.o
                0x0000000008009a90                ESP8266::~ESP8266()
                0x0000000008009a90                ESP8266::~ESP8266()
 .text._ZN7ESP8266D0Ev
                0x0000000008009ab0       0x22 ./Core/srccpp/WifiEsp8266/ESP8266.o
                0x0000000008009ab0                ESP8266::~ESP8266()
 .text._ZN7ESP82663runEv
                0x0000000008009ad2       0x1c ./Core/srccpp/WifiEsp8266/ESP8266.o
                0x0000000008009ad2                ESP8266::run()
 *fill*         0x0000000008009aee        0x2 
 .text._ZN7ESP826612Send_WifiCmdEv
                0x0000000008009af0      0x7fc ./Core/srccpp/WifiEsp8266/ESP8266.o
                0x0000000008009af0                ESP8266::Send_WifiCmd()
 .text._ZN7ESP826615RefreshWifiDataEv
                0x000000000800a2ec       0x80 ./Core/srccpp/WifiEsp8266/ESP8266.o
                0x000000000800a2ec                ESP8266::RefreshWifiData()
 .text._ZN7ESP82664InitEv
                0x000000000800a36c       0x7c ./Core/srccpp/WifiEsp8266/ESP8266.o
                0x000000000800a36c                ESP8266::Init()
 .text.cppMain  0x000000000800a3e8      0x130 ./Core/srccpp/main.o
                0x000000000800a3e8                cppMain
 .text.HAL_Init
                0x000000000800a518       0x30 ./Drivers/STM32L4xx_HAL_Driver/Src/stm32l4xx_hal.o
                0x000000000800a518                HAL_Init
 .text.HAL_InitTick
                0x000000000800a548       0x78 ./Drivers/STM32L4xx_HAL_Driver/Src/stm32l4xx_hal.o
                0x000000000800a548                HAL_InitTick
 .text.HAL_IncTick
                0x000000000800a5c0       0x28 ./Drivers/STM32L4xx_HAL_Driver/Src/stm32l4xx_hal.o
                0x000000000800a5c0                HAL_IncTick
 .text.HAL_GetTick
                0x000000000800a5e8       0x18 ./Drivers/STM32L4xx_HAL_Driver/Src/stm32l4xx_hal.o
                0x000000000800a5e8                HAL_GetTick
 .text.HAL_Delay
                0x000000000800a600       0x48 ./Drivers/STM32L4xx_HAL_Driver/Src/stm32l4xx_hal.o
                0x000000000800a600                HAL_Delay
 .text.__NVIC_SetPriorityGrouping
                0x000000000800a648       0x48 ./Drivers/STM32L4xx_HAL_Driver/Src/stm32l4xx_hal_cortex.o
 .text.__NVIC_GetPriorityGrouping
                0x000000000800a690       0x1c ./Drivers/STM32L4xx_HAL_Driver/Src/stm32l4xx_hal_cortex.o
 .text.__NVIC_EnableIRQ
                0x000000000800a6ac       0x3c ./Drivers/STM32L4xx_HAL_Driver/Src/stm32l4xx_hal_cortex.o
 .text.__NVIC_SetPriority
                0x000000000800a6e8       0x54 ./Drivers/STM32L4xx_HAL_Driver/Src/stm32l4xx_hal_cortex.o
 .text.NVIC_EncodePriority
                0x000000000800a73c       0x66 ./Drivers/STM32L4xx_HAL_Driver/Src/stm32l4xx_hal_cortex.o
 *fill*         0x000000000800a7a2        0x2 
 .text.SysTick_Config
                0x000000000800a7a4       0x44 ./Drivers/STM32L4xx_HAL_Driver/Src/stm32l4xx_hal_cortex.o
 .text.HAL_NVIC_SetPriorityGrouping
                0x000000000800a7e8       0x16 ./Drivers/STM32L4xx_HAL_Driver/Src/stm32l4xx_hal_cortex.o
                0x000000000800a7e8                HAL_NVIC_SetPriorityGrouping
 .text.HAL_NVIC_SetPriority
                0x000000000800a7fe       0x38 ./Drivers/STM32L4xx_HAL_Driver/Src/stm32l4xx_hal_cortex.o
                0x000000000800a7fe                HAL_NVIC_SetPriority
 .text.HAL_NVIC_EnableIRQ
                0x000000000800a836       0x1c ./Drivers/STM32L4xx_HAL_Driver/Src/stm32l4xx_hal_cortex.o
                0x000000000800a836                HAL_NVIC_EnableIRQ
 .text.HAL_SYSTICK_Config
                0x000000000800a852       0x18 ./Drivers/STM32L4xx_HAL_Driver/Src/stm32l4xx_hal_cortex.o
                0x000000000800a852                HAL_SYSTICK_Config
 .text.HAL_DMA_Abort
                0x000000000800a86a       0x7c ./Drivers/STM32L4xx_HAL_Driver/Src/stm32l4xx_hal_dma.o
                0x000000000800a86a                HAL_DMA_Abort
 .text.HAL_DMA_Abort_IT
                0x000000000800a8e6       0x82 ./Drivers/STM32L4xx_HAL_Driver/Src/stm32l4xx_hal_dma.o
                0x000000000800a8e6                HAL_DMA_Abort_IT
 .text.HAL_GPIO_Init
                0x000000000800a968      0x2f4 ./Drivers/STM32L4xx_HAL_Driver/Src/stm32l4xx_hal_gpio.o
                0x000000000800a968                HAL_GPIO_Init
 .text.HAL_GPIO_ReadPin
                0x000000000800ac5c       0x30 ./Drivers/STM32L4xx_HAL_Driver/Src/stm32l4xx_hal_gpio.o
                0x000000000800ac5c                HAL_GPIO_ReadPin
 .text.HAL_GPIO_WritePin
                0x000000000800ac8c       0x30 ./Drivers/STM32L4xx_HAL_Driver/Src/stm32l4xx_hal_gpio.o
                0x000000000800ac8c                HAL_GPIO_WritePin
 .text.HAL_GPIO_TogglePin
                0x000000000800acbc       0x34 ./Drivers/STM32L4xx_HAL_Driver/Src/stm32l4xx_hal_gpio.o
                0x000000000800acbc                HAL_GPIO_TogglePin
 .text.HAL_I2C_Init
                0x000000000800acf0      0x11e ./Drivers/STM32L4xx_HAL_Driver/Src/stm32l4xx_hal_i2c.o
                0x000000000800acf0                HAL_I2C_Init
 *fill*         0x000000000800ae0e        0x2 
 .text.HAL_I2C_Mem_Write
                0x000000000800ae10      0x228 ./Drivers/STM32L4xx_HAL_Driver/Src/stm32l4xx_hal_i2c.o
                0x000000000800ae10                HAL_I2C_Mem_Write
 .text.HAL_I2C_Mem_Read
                0x000000000800b038      0x234 ./Drivers/STM32L4xx_HAL_Driver/Src/stm32l4xx_hal_i2c.o
                0x000000000800b038                HAL_I2C_Mem_Read
 .text.I2C_RequestMemoryWrite
                0x000000000800b26c       0xa8 ./Drivers/STM32L4xx_HAL_Driver/Src/stm32l4xx_hal_i2c.o
 .text.I2C_RequestMemoryRead
                0x000000000800b314       0xa8 ./Drivers/STM32L4xx_HAL_Driver/Src/stm32l4xx_hal_i2c.o
 .text.I2C_Flush_TXDR
                0x000000000800b3bc       0x48 ./Drivers/STM32L4xx_HAL_Driver/Src/stm32l4xx_hal_i2c.o
 .text.I2C_WaitOnFlagUntilTimeout
                0x000000000800b404       0x80 ./Drivers/STM32L4xx_HAL_Driver/Src/stm32l4xx_hal_i2c.o
 .text.I2C_WaitOnTXISFlagUntilTimeout
                0x000000000800b484       0x80 ./Drivers/STM32L4xx_HAL_Driver/Src/stm32l4xx_hal_i2c.o
 .text.I2C_WaitOnSTOPFlagUntilTimeout
                0x000000000800b504       0x78 ./Drivers/STM32L4xx_HAL_Driver/Src/stm32l4xx_hal_i2c.o
 .text.I2C_IsErrorOccurred
                0x000000000800b57c      0x1d8 ./Drivers/STM32L4xx_HAL_Driver/Src/stm32l4xx_hal_i2c.o
 .text.I2C_TransferConfig
                0x000000000800b754       0x64 ./Drivers/STM32L4xx_HAL_Driver/Src/stm32l4xx_hal_i2c.o
 .text.HAL_I2CEx_ConfigAnalogFilter
                0x000000000800b7b8       0x96 ./Drivers/STM32L4xx_HAL_Driver/Src/stm32l4xx_hal_i2c_ex.o
                0x000000000800b7b8                HAL_I2CEx_ConfigAnalogFilter
 .text.HAL_I2CEx_ConfigDigitalFilter
                0x000000000800b84e       0x98 ./Drivers/STM32L4xx_HAL_Driver/Src/stm32l4xx_hal_i2c_ex.o
                0x000000000800b84e                HAL_I2CEx_ConfigDigitalFilter
 *fill*         0x000000000800b8e6        0x2 
 .text.HAL_PWREx_GetVoltageRange
                0x000000000800b8e8       0x1c ./Drivers/STM32L4xx_HAL_Driver/Src/stm32l4xx_hal_pwr_ex.o
                0x000000000800b8e8                HAL_PWREx_GetVoltageRange
 .text.HAL_PWREx_ControlVoltageScaling
                0x000000000800b904       0xac ./Drivers/STM32L4xx_HAL_Driver/Src/stm32l4xx_hal_pwr_ex.o
                0x000000000800b904                HAL_PWREx_ControlVoltageScaling
 .text.HAL_RCC_OscConfig
                0x000000000800b9b0      0x828 ./Drivers/STM32L4xx_HAL_Driver/Src/stm32l4xx_hal_rcc.o
                0x000000000800b9b0                HAL_RCC_OscConfig
 .text.HAL_RCC_ClockConfig
                0x000000000800c1d8      0x200 ./Drivers/STM32L4xx_HAL_Driver/Src/stm32l4xx_hal_rcc.o
                0x000000000800c1d8                HAL_RCC_ClockConfig
 .text.HAL_RCC_GetSysClockFreq
                0x000000000800c3d8      0x118 ./Drivers/STM32L4xx_HAL_Driver/Src/stm32l4xx_hal_rcc.o
                0x000000000800c3d8                HAL_RCC_GetSysClockFreq
 .text.HAL_RCC_GetHCLKFreq
                0x000000000800c4f0       0x18 ./Drivers/STM32L4xx_HAL_Driver/Src/stm32l4xx_hal_rcc.o
                0x000000000800c4f0                HAL_RCC_GetHCLKFreq
 .text.HAL_RCC_GetPCLK1Freq
                0x000000000800c508       0x2c ./Drivers/STM32L4xx_HAL_Driver/Src/stm32l4xx_hal_rcc.o
                0x000000000800c508                HAL_RCC_GetPCLK1Freq
 .text.HAL_RCC_GetPCLK2Freq
                0x000000000800c534       0x2c ./Drivers/STM32L4xx_HAL_Driver/Src/stm32l4xx_hal_rcc.o
                0x000000000800c534                HAL_RCC_GetPCLK2Freq
 .text.RCC_SetFlashLatencyFromMSIRange
                0x000000000800c560       0xc0 ./Drivers/STM32L4xx_HAL_Driver/Src/stm32l4xx_hal_rcc.o
 .text.HAL_RCCEx_PeriphCLKConfig
                0x000000000800c620      0x494 ./Drivers/STM32L4xx_HAL_Driver/Src/stm32l4xx_hal_rcc_ex.o
                0x000000000800c620                HAL_RCCEx_PeriphCLKConfig
 .text.RCCEx_PLLSAI1_Config
                0x000000000800cab4      0x1e4 ./Drivers/STM32L4xx_HAL_Driver/Src/stm32l4xx_hal_rcc_ex.o
 .text.HAL_SPI_Init
                0x000000000800cc98      0x146 ./Drivers/STM32L4xx_HAL_Driver/Src/stm32l4xx_hal_spi.o
                0x000000000800cc98                HAL_SPI_Init
 .text.HAL_SPI_Transmit
                0x000000000800cdde      0x2dc ./Drivers/STM32L4xx_HAL_Driver/Src/stm32l4xx_hal_spi.o
                0x000000000800cdde                HAL_SPI_Transmit
 .text.HAL_SPI_Receive
                0x000000000800d0ba      0x260 ./Drivers/STM32L4xx_HAL_Driver/Src/stm32l4xx_hal_spi.o
                0x000000000800d0ba                HAL_SPI_Receive
 .text.HAL_SPI_TransmitReceive
                0x000000000800d31a      0x426 ./Drivers/STM32L4xx_HAL_Driver/Src/stm32l4xx_hal_spi.o
                0x000000000800d31a                HAL_SPI_TransmitReceive
 .text.SPI_WaitFlagStateUntilTimeout
                0x000000000800d740      0x110 ./Drivers/STM32L4xx_HAL_Driver/Src/stm32l4xx_hal_spi.o
 .text.SPI_WaitFifoStateUntilTimeout
                0x000000000800d850      0x12c ./Drivers/STM32L4xx_HAL_Driver/Src/stm32l4xx_hal_spi.o
 .text.SPI_EndRxTransaction
                0x000000000800d97c       0xb0 ./Drivers/STM32L4xx_HAL_Driver/Src/stm32l4xx_hal_spi.o
 .text.SPI_EndRxTxTransaction
                0x000000000800da2c       0x8c ./Drivers/STM32L4xx_HAL_Driver/Src/stm32l4xx_hal_spi.o
 .text.HAL_TIM_Base_Init
                0x000000000800dab8       0xae ./Drivers/STM32L4xx_HAL_Driver/Src/stm32l4xx_hal_tim.o
                0x000000000800dab8                HAL_TIM_Base_Init
 *fill*         0x000000000800db66        0x2 
 .text.HAL_TIM_Base_Start
                0x000000000800db68       0x98 ./Drivers/STM32L4xx_HAL_Driver/Src/stm32l4xx_hal_tim.o
                0x000000000800db68                HAL_TIM_Base_Start
 .text.HAL_TIM_Base_Start_IT
                0x000000000800dc00       0xa8 ./Drivers/STM32L4xx_HAL_Driver/Src/stm32l4xx_hal_tim.o
                0x000000000800dc00                HAL_TIM_Base_Start_IT
 .text.HAL_TIM_IRQHandler
                0x000000000800dca8      0x23e ./Drivers/STM32L4xx_HAL_Driver/Src/stm32l4xx_hal_tim.o
                0x000000000800dca8                HAL_TIM_IRQHandler
 .text.HAL_TIM_ConfigClockSource
                0x000000000800dee6      0x192 ./Drivers/STM32L4xx_HAL_Driver/Src/stm32l4xx_hal_tim.o
                0x000000000800dee6                HAL_TIM_ConfigClockSource
 .text.HAL_TIM_OC_DelayElapsedCallback
                0x000000000800e078       0x14 ./Drivers/STM32L4xx_HAL_Driver/Src/stm32l4xx_hal_tim.o
                0x000000000800e078                HAL_TIM_OC_DelayElapsedCallback
 .text.HAL_TIM_IC_CaptureCallback
                0x000000000800e08c       0x14 ./Drivers/STM32L4xx_HAL_Driver/Src/stm32l4xx_hal_tim.o
                0x000000000800e08c                HAL_TIM_IC_CaptureCallback
 .text.HAL_TIM_PWM_PulseFinishedCallback
                0x000000000800e0a0       0x14 ./Drivers/STM32L4xx_HAL_Driver/Src/stm32l4xx_hal_tim.o
                0x000000000800e0a0                HAL_TIM_PWM_PulseFinishedCallback
 .text.HAL_TIM_TriggerCallback
                0x000000000800e0b4       0x14 ./Drivers/STM32L4xx_HAL_Driver/Src/stm32l4xx_hal_tim.o
                0x000000000800e0b4                HAL_TIM_TriggerCallback
 .text.TIM_Base_SetConfig
                0x000000000800e0c8       0xc8 ./Drivers/STM32L4xx_HAL_Driver/Src/stm32l4xx_hal_tim.o
                0x000000000800e0c8                TIM_Base_SetConfig
 .text.TIM_TI1_ConfigInputStage
                0x000000000800e190       0x5e ./Drivers/STM32L4xx_HAL_Driver/Src/stm32l4xx_hal_tim.o
 .text.TIM_TI2_ConfigInputStage
                0x000000000800e1ee       0x60 ./Drivers/STM32L4xx_HAL_Driver/Src/stm32l4xx_hal_tim.o
 .text.TIM_ITRx_SetConfig
                0x000000000800e24e       0x36 ./Drivers/STM32L4xx_HAL_Driver/Src/stm32l4xx_hal_tim.o
 .text.TIM_ETR_SetConfig
                0x000000000800e284       0x40 ./Drivers/STM32L4xx_HAL_Driver/Src/stm32l4xx_hal_tim.o
                0x000000000800e284                TIM_ETR_SetConfig
 .text.HAL_TIMEx_MasterConfigSynchronization
                0x000000000800e2c4       0xcc ./Drivers/STM32L4xx_HAL_Driver/Src/stm32l4xx_hal_tim_ex.o
                0x000000000800e2c4                HAL_TIMEx_MasterConfigSynchronization
 .text.HAL_TIMEx_CommutCallback
                0x000000000800e390       0x14 ./Drivers/STM32L4xx_HAL_Driver/Src/stm32l4xx_hal_tim_ex.o
                0x000000000800e390                HAL_TIMEx_CommutCallback
 .text.HAL_TIMEx_BreakCallback
                0x000000000800e3a4       0x14 ./Drivers/STM32L4xx_HAL_Driver/Src/stm32l4xx_hal_tim_ex.o
                0x000000000800e3a4                HAL_TIMEx_BreakCallback
 .text.HAL_TIMEx_Break2Callback
                0x000000000800e3b8       0x14 ./Drivers/STM32L4xx_HAL_Driver/Src/stm32l4xx_hal_tim_ex.o
                0x000000000800e3b8                HAL_TIMEx_Break2Callback
 .text.HAL_UART_Init
                0x000000000800e3cc       0x9c ./Drivers/STM32L4xx_HAL_Driver/Src/stm32l4xx_hal_uart.o
                0x000000000800e3cc                HAL_UART_Init
 .text.HAL_UART_Transmit_IT
                0x000000000800e468       0xdc ./Drivers/STM32L4xx_HAL_Driver/Src/stm32l4xx_hal_uart.o
                0x000000000800e468                HAL_UART_Transmit_IT
 .text.HAL_UART_Receive_IT
                0x000000000800e544       0xac ./Drivers/STM32L4xx_HAL_Driver/Src/stm32l4xx_hal_uart.o
                0x000000000800e544                HAL_UART_Receive_IT
 .text.HAL_UART_IRQHandler
                0x000000000800e5f0      0x5c4 ./Drivers/STM32L4xx_HAL_Driver/Src/stm32l4xx_hal_uart.o
                0x000000000800e5f0                HAL_UART_IRQHandler
 .text.HAL_UART_ErrorCallback
                0x000000000800ebb4       0x14 ./Drivers/STM32L4xx_HAL_Driver/Src/stm32l4xx_hal_uart.o
                0x000000000800ebb4                HAL_UART_ErrorCallback
 .text.HAL_UARTEx_RxEventCallback
                0x000000000800ebc8       0x18 ./Drivers/STM32L4xx_HAL_Driver/Src/stm32l4xx_hal_uart.o
                0x000000000800ebc8                HAL_UARTEx_RxEventCallback
 .text.UART_SetConfig
                0x000000000800ebe0      0x4b4 ./Drivers/STM32L4xx_HAL_Driver/Src/stm32l4xx_hal_uart.o
                0x000000000800ebe0                UART_SetConfig
 .text.UART_AdvFeatureConfig
                0x000000000800f094      0x144 ./Drivers/STM32L4xx_HAL_Driver/Src/stm32l4xx_hal_uart.o
                0x000000000800f094                UART_AdvFeatureConfig
 .text.UART_CheckIdleState
                0x000000000800f1d8       0x92 ./Drivers/STM32L4xx_HAL_Driver/Src/stm32l4xx_hal_uart.o
                0x000000000800f1d8                UART_CheckIdleState
 .text.UART_WaitOnFlagUntilTimeout
                0x000000000800f26a      0x188 ./Drivers/STM32L4xx_HAL_Driver/Src/stm32l4xx_hal_uart.o
                0x000000000800f26a                UART_WaitOnFlagUntilTimeout
 *fill*         0x000000000800f3f2        0x2 
 .text.UART_Start_Receive_IT
                0x000000000800f3f4      0x194 ./Drivers/STM32L4xx_HAL_Driver/Src/stm32l4xx_hal_uart.o
                0x000000000800f3f4                UART_Start_Receive_IT
 .text.UART_EndRxTransfer
                0x000000000800f588       0xc6 ./Drivers/STM32L4xx_HAL_Driver/Src/stm32l4xx_hal_uart.o
 .text.UART_DMAAbortOnError
                0x000000000800f64e       0x2c ./Drivers/STM32L4xx_HAL_Driver/Src/stm32l4xx_hal_uart.o
 .text.UART_TxISR_8BIT
                0x000000000800f67a       0xb8 ./Drivers/STM32L4xx_HAL_Driver/Src/stm32l4xx_hal_uart.o
 .text.UART_TxISR_16BIT
                0x000000000800f732       0xc0 ./Drivers/STM32L4xx_HAL_Driver/Src/stm32l4xx_hal_uart.o
 .text.UART_EndTransmit_IT
                0x000000000800f7f2       0x54 ./Drivers/STM32L4xx_HAL_Driver/Src/stm32l4xx_hal_uart.o
 .text.UART_RxISR_8BIT
                0x000000000800f846      0x160 ./Drivers/STM32L4xx_HAL_Driver/Src/stm32l4xx_hal_uart.o
 .text.UART_RxISR_16BIT
                0x000000000800f9a6      0x160 ./Drivers/STM32L4xx_HAL_Driver/Src/stm32l4xx_hal_uart.o
 .text.HAL_UARTEx_WakeupCallback
                0x000000000800fb06       0x14 ./Drivers/STM32L4xx_HAL_Driver/Src/stm32l4xx_hal_uart_ex.o
                0x000000000800fb06                HAL_UARTEx_WakeupCallback
 .text._ZdlPvj  0x000000000800fb1a        0x4 c:/st/stm32cubeide_1.10.1/stm32cubeide/plugins/com.st.stm32cube.ide.mcu.externaltools.gnu-tools-for-stm32.10.3-2021.10.win32_1.0.0.202111181127/tools/bin/../lib/gcc/arm-none-eabi/10.3.1/../../../../arm-none-eabi/lib/thumb/v7e-m+fp/hard\libstdc++_nano.a(del_ops.o)
                0x000000000800fb1a                operator delete(void*, unsigned int)
 .text._ZdlPv   0x000000000800fb1e        0x4 c:/st/stm32cubeide_1.10.1/stm32cubeide/plugins/com.st.stm32cube.ide.mcu.externaltools.gnu-tools-for-stm32.10.3-2021.10.win32_1.0.0.202111181127/tools/bin/../lib/gcc/arm-none-eabi/10.3.1/../../../../arm-none-eabi/lib/thumb/v7e-m+fp/hard\libstdc++_nano.a(del_op.o)
                0x000000000800fb1e                operator delete(void*)
 *fill*         0x000000000800fb22        0x2 
 .text.__errno  0x000000000800fb24        0xc c:/st/stm32cubeide_1.10.1/stm32cubeide/plugins/com.st.stm32cube.ide.mcu.externaltools.gnu-tools-for-stm32.10.3-2021.10.win32_1.0.0.202111181127/tools/bin/../lib/gcc/arm-none-eabi/10.3.1/../../../../arm-none-eabi/lib/thumb/v7e-m+fp/hard\libc_nano.a(lib_a-errno.o)
                0x000000000800fb24                __errno
 .text.__libc_init_array
                0x000000000800fb30       0x48 c:/st/stm32cubeide_1.10.1/stm32cubeide/plugins/com.st.stm32cube.ide.mcu.externaltools.gnu-tools-for-stm32.10.3-2021.10.win32_1.0.0.202111181127/tools/bin/../lib/gcc/arm-none-eabi/10.3.1/../../../../arm-none-eabi/lib/thumb/v7e-m+fp/hard\libc_nano.a(lib_a-init.o)
                0x000000000800fb30                __libc_init_array
 .text.free     0x000000000800fb78       0x10 c:/st/stm32cubeide_1.10.1/stm32cubeide/plugins/com.st.stm32cube.ide.mcu.externaltools.gnu-tools-for-stm32.10.3-2021.10.win32_1.0.0.202111181127/tools/bin/../lib/gcc/arm-none-eabi/10.3.1/../../../../arm-none-eabi/lib/thumb/v7e-m+fp/hard\libc_nano.a(lib_a-malloc.o)
                0x000000000800fb78                free
 .text.memcpy   0x000000000800fb88       0x1c c:/st/stm32cubeide_1.10.1/stm32cubeide/plugins/com.st.stm32cube.ide.mcu.externaltools.gnu-tools-for-stm32.10.3-2021.10.win32_1.0.0.202111181127/tools/bin/../lib/gcc/arm-none-eabi/10.3.1/../../../../arm-none-eabi/lib/thumb/v7e-m+fp/hard\libc_nano.a(lib_a-memcpy-stub.o)
                0x000000000800fb88                memcpy
 .text.memset   0x000000000800fba4       0x10 c:/st/stm32cubeide_1.10.1/stm32cubeide/plugins/com.st.stm32cube.ide.mcu.externaltools.gnu-tools-for-stm32.10.3-2021.10.win32_1.0.0.202111181127/tools/bin/../lib/gcc/arm-none-eabi/10.3.1/../../../../arm-none-eabi/lib/thumb/v7e-m+fp/hard\libc_nano.a(lib_a-memset.o)
                0x000000000800fba4                memset
 .text._free_r  0x000000000800fbb4       0x98 c:/st/stm32cubeide_1.10.1/stm32cubeide/plugins/com.st.stm32cube.ide.mcu.externaltools.gnu-tools-for-stm32.10.3-2021.10.win32_1.0.0.202111181127/tools/bin/../lib/gcc/arm-none-eabi/10.3.1/../../../../arm-none-eabi/lib/thumb/v7e-m+fp/hard\libc_nano.a(lib_a-nano-freer.o)
                0x000000000800fbb4                _free_r
 .text.sbrk_aligned
                0x000000000800fc4c       0x40 c:/st/stm32cubeide_1.10.1/stm32cubeide/plugins/com.st.stm32cube.ide.mcu.externaltools.gnu-tools-for-stm32.10.3-2021.10.win32_1.0.0.202111181127/tools/bin/../lib/gcc/arm-none-eabi/10.3.1/../../../../arm-none-eabi/lib/thumb/v7e-m+fp/hard\libc_nano.a(lib_a-nano-mallocr.o)
 .text._malloc_r
                0x000000000800fc8c       0xe8 c:/st/stm32cubeide_1.10.1/stm32cubeide/plugins/com.st.stm32cube.ide.mcu.externaltools.gnu-tools-for-stm32.10.3-2021.10.win32_1.0.0.202111181127/tools/bin/../lib/gcc/arm-none-eabi/10.3.1/../../../../arm-none-eabi/lib/thumb/v7e-m+fp/hard\libc_nano.a(lib_a-nano-mallocr.o)
                0x000000000800fc8c                _malloc_r
 .text._sbrk_r  0x000000000800fd74       0x20 c:/st/stm32cubeide_1.10.1/stm32cubeide/plugins/com.st.stm32cube.ide.mcu.externaltools.gnu-tools-for-stm32.10.3-2021.10.win32_1.0.0.202111181127/tools/bin/../lib/gcc/arm-none-eabi/10.3.1/../../../../arm-none-eabi/lib/thumb/v7e-m+fp/hard\libc_nano.a(lib_a-sbrkr.o)
                0x000000000800fd74                _sbrk_r
 .text.sprintf  0x000000000800fd94       0x40 c:/st/stm32cubeide_1.10.1/stm32cubeide/plugins/com.st.stm32cube.ide.mcu.externaltools.gnu-tools-for-stm32.10.3-2021.10.win32_1.0.0.202111181127/tools/bin/../lib/gcc/arm-none-eabi/10.3.1/../../../../arm-none-eabi/lib/thumb/v7e-m+fp/hard\libc_nano.a(lib_a-sprintf.o)
                0x000000000800fd94                siprintf
                0x000000000800fd94                sprintf
 .text.__malloc_lock
                0x000000000800fdd4        0xc c:/st/stm32cubeide_1.10.1/stm32cubeide/plugins/com.st.stm32cube.ide.mcu.externaltools.gnu-tools-for-stm32.10.3-2021.10.win32_1.0.0.202111181127/tools/bin/../lib/gcc/arm-none-eabi/10.3.1/../../../../arm-none-eabi/lib/thumb/v7e-m+fp/hard\libc_nano.a(lib_a-mlock.o)
                0x000000000800fdd4                __malloc_lock
 .text.__malloc_unlock
                0x000000000800fde0        0xc c:/st/stm32cubeide_1.10.1/stm32cubeide/plugins/com.st.stm32cube.ide.mcu.externaltools.gnu-tools-for-stm32.10.3-2021.10.win32_1.0.0.202111181127/tools/bin/../lib/gcc/arm-none-eabi/10.3.1/../../../../arm-none-eabi/lib/thumb/v7e-m+fp/hard\libc_nano.a(lib_a-mlock.o)
                0x000000000800fde0                __malloc_unlock
 .text.__ssputs_r
                0x000000000800fdec       0xb6 c:/st/stm32cubeide_1.10.1/stm32cubeide/plugins/com.st.stm32cube.ide.mcu.externaltools.gnu-tools-for-stm32.10.3-2021.10.win32_1.0.0.202111181127/tools/bin/../lib/gcc/arm-none-eabi/10.3.1/../../../../arm-none-eabi/lib/thumb/v7e-m+fp/hard\libc_nano.a(lib_a-nano-svfprintf.o)
                0x000000000800fdec                __ssputs_r
 *fill*         0x000000000800fea2        0x2 
 .text._svfprintf_r
                0x000000000800fea4      0x200 c:/st/stm32cubeide_1.10.1/stm32cubeide/plugins/com.st.stm32cube.ide.mcu.externaltools.gnu-tools-for-stm32.10.3-2021.10.win32_1.0.0.202111181127/tools/bin/../lib/gcc/arm-none-eabi/10.3.1/../../../../arm-none-eabi/lib/thumb/v7e-m+fp/hard\libc_nano.a(lib_a-nano-svfprintf.o)
                0x000000000800fea4                _svfiprintf_r
                0x000000000800fea4                _svfprintf_r
 .text._printf_common
                0x00000000080100a4       0xda c:/st/stm32cubeide_1.10.1/stm32cubeide/plugins/com.st.stm32cube.ide.mcu.externaltools.gnu-tools-for-stm32.10.3-2021.10.win32_1.0.0.202111181127/tools/bin/../lib/gcc/arm-none-eabi/10.3.1/../../../../arm-none-eabi/lib/thumb/v7e-m+fp/hard\libc_nano.a(lib_a-nano-vfprintf_i.o)
                0x00000000080100a4                _printf_common
 *fill*         0x000000000801017e        0x2 
 .text._printf_i
                0x0000000008010180      0x24c c:/st/stm32cubeide_1.10.1/stm32cubeide/plugins/com.st.stm32cube.ide.mcu.externaltools.gnu-tools-for-stm32.10.3-2021.10.win32_1.0.0.202111181127/tools/bin/../lib/gcc/arm-none-eabi/10.3.1/../../../../arm-none-eabi/lib/thumb/v7e-m+fp/hard\libc_nano.a(lib_a-nano-vfprintf_i.o)
                0x0000000008010180                _printf_i
 .text.__retarget_lock_acquire_recursive
                0x00000000080103cc        0x2 c:/st/stm32cubeide_1.10.1/stm32cubeide/plugins/com.st.stm32cube.ide.mcu.externaltools.gnu-tools-for-stm32.10.3-2021.10.win32_1.0.0.202111181127/tools/bin/../lib/gcc/arm-none-eabi/10.3.1/../../../../arm-none-eabi/lib/thumb/v7e-m+fp/hard\libc_nano.a(lib_a-lock.o)
                0x00000000080103cc                __retarget_lock_acquire_recursive
 .text.__retarget_lock_release_recursive
                0x00000000080103ce        0x2 c:/st/stm32cubeide_1.10.1/stm32cubeide/plugins/com.st.stm32cube.ide.mcu.externaltools.gnu-tools-for-stm32.10.3-2021.10.win32_1.0.0.202111181127/tools/bin/../lib/gcc/arm-none-eabi/10.3.1/../../../../arm-none-eabi/lib/thumb/v7e-m+fp/hard\libc_nano.a(lib_a-lock.o)
                0x00000000080103ce                __retarget_lock_release_recursive
 .text.memmove  0x00000000080103d0       0x34 c:/st/stm32cubeide_1.10.1/stm32cubeide/plugins/com.st.stm32cube.ide.mcu.externaltools.gnu-tools-for-stm32.10.3-2021.10.win32_1.0.0.202111181127/tools/bin/../lib/gcc/arm-none-eabi/10.3.1/../../../../arm-none-eabi/lib/thumb/v7e-m+fp/hard\libc_nano.a(lib_a-memmove.o)
                0x00000000080103d0                memmove
 .text._realloc_r
                0x0000000008010404       0x5e c:/st/stm32cubeide_1.10.1/stm32cubeide/plugins/com.st.stm32cube.ide.mcu.externaltools.gnu-tools-for-stm32.10.3-2021.10.win32_1.0.0.202111181127/tools/bin/../lib/gcc/arm-none-eabi/10.3.1/../../../../arm-none-eabi/lib/thumb/v7e-m+fp/hard\libc_nano.a(lib_a-nano-reallocr.o)
                0x0000000008010404                _realloc_r
 .text._malloc_usable_size_r
                0x0000000008010462       0x10 c:/st/stm32cubeide_1.10.1/stm32cubeide/plugins/com.st.stm32cube.ide.mcu.externaltools.gnu-tools-for-stm32.10.3-2021.10.win32_1.0.0.202111181127/tools/bin/../lib/gcc/arm-none-eabi/10.3.1/../../../../arm-none-eabi/lib/thumb/v7e-m+fp/hard\libc_nano.a(lib_a-nano-msizer.o)
                0x0000000008010462                _malloc_usable_size_r
 *(.glue_7)
 .glue_7        0x0000000008010472        0x0 linker stubs
 *(.glue_7t)
 .glue_7t       0x0000000008010472        0x0 linker stubs
 *(.eh_frame)
 *fill*         0x0000000008010472        0x2 
 .eh_frame      0x0000000008010474        0x0 c:/st/stm32cubeide_1.10.1/stm32cubeide/plugins/com.st.stm32cube.ide.mcu.externaltools.gnu-tools-for-stm32.10.3-2021.10.win32_1.0.0.202111181127/tools/bin/../lib/gcc/arm-none-eabi/10.3.1/thumb/v7e-m+fp/hard/crtbegin.o
 *(.init)
 .init          0x0000000008010474        0x4 c:/st/stm32cubeide_1.10.1/stm32cubeide/plugins/com.st.stm32cube.ide.mcu.externaltools.gnu-tools-for-stm32.10.3-2021.10.win32_1.0.0.202111181127/tools/bin/../lib/gcc/arm-none-eabi/10.3.1/thumb/v7e-m+fp/hard/crti.o
                0x0000000008010474                _init
 .init          0x0000000008010478        0x8 c:/st/stm32cubeide_1.10.1/stm32cubeide/plugins/com.st.stm32cube.ide.mcu.externaltools.gnu-tools-for-stm32.10.3-2021.10.win32_1.0.0.202111181127/tools/bin/../lib/gcc/arm-none-eabi/10.3.1/thumb/v7e-m+fp/hard/crtn.o
 *(.fini)
 .fini          0x0000000008010480        0x4 c:/st/stm32cubeide_1.10.1/stm32cubeide/plugins/com.st.stm32cube.ide.mcu.externaltools.gnu-tools-for-stm32.10.3-2021.10.win32_1.0.0.202111181127/tools/bin/../lib/gcc/arm-none-eabi/10.3.1/thumb/v7e-m+fp/hard/crti.o
                0x0000000008010480                _fini
 .fini          0x0000000008010484        0x8 c:/st/stm32cubeide_1.10.1/stm32cubeide/plugins/com.st.stm32cube.ide.mcu.externaltools.gnu-tools-for-stm32.10.3-2021.10.win32_1.0.0.202111181127/tools/bin/../lib/gcc/arm-none-eabi/10.3.1/thumb/v7e-m+fp/hard/crtn.o
                0x000000000801048c                . = ALIGN (0x4)
                0x000000000801048c                _etext = .

.vfp11_veneer   0x000000000801048c        0x0
 .vfp11_veneer  0x000000000801048c        0x0 linker stubs

.v4_bx          0x000000000801048c        0x0
 .v4_bx         0x000000000801048c        0x0 linker stubs

.iplt           0x000000000801048c        0x0
 .iplt          0x000000000801048c        0x0 c:/st/stm32cubeide_1.10.1/stm32cubeide/plugins/com.st.stm32cube.ide.mcu.externaltools.gnu-tools-for-stm32.10.3-2021.10.win32_1.0.0.202111181127/tools/bin/../lib/gcc/arm-none-eabi/10.3.1/thumb/v7e-m+fp/hard/crtbegin.o

.rodata         0x000000000801048c      0x508
                0x000000000801048c                . = ALIGN (0x4)
 *(.rodata)
 .rodata        0x000000000801048c       0x49 ./Core/srccpp/DisplayCPP/DisplayRoutine.o
 *fill*         0x00000000080104d5        0x3 
 .rodata        0x00000000080104d8        0xf ./Core/srccpp/DisplayCPP/GLCD.o
 *fill*         0x00000000080104e7        0x1 
 .rodata        0x00000000080104e8      0x200 ./Core/srccpp/Modbus/Modbusrtu.o
 .rodata        0x00000000080106e8       0x4a ./Core/srccpp/OfflineStorage/OfflineStorage.o
 *fill*         0x0000000008010732        0x2 
 .rodata        0x0000000008010734      0x142 ./Core/srccpp/WifiEsp8266/ESP8266.o
 *(.rodata*)
 *fill*         0x0000000008010876        0x2 
 .rodata.AHBPrescTable
                0x0000000008010878       0x10 ./Core/Src/system_stm32l4xx.o
                0x0000000008010878                AHBPrescTable
 .rodata.APBPrescTable
                0x0000000008010888        0x8 ./Core/Src/system_stm32l4xx.o
                0x0000000008010888                APBPrescTable
 .rodata.MSIRangeTable
                0x0000000008010890       0x30 ./Core/Src/system_stm32l4xx.o
                0x0000000008010890                MSIRangeTable
 .rodata._ZTV9LpdcLogic
                0x00000000080108c0       0x10 ./Core/srccpp/Bussinesslogic/LpdcLogic.o
                0x00000000080108c0                vtable for LpdcLogic
 .rodata._ZTV6common
                0x00000000080108d0       0x10 ./Core/srccpp/Common/common.o
                0x00000000080108d0                vtable for common
 .rodata._ZTV14DisplayRoutine
                0x00000000080108e0       0x10 ./Core/srccpp/DisplayCPP/DisplayRoutine.o
                0x00000000080108e0                vtable for DisplayRoutine
 .rodata._ZTV4GLCD
                0x00000000080108f0       0x10 ./Core/srccpp/DisplayCPP/GLCD.o
                0x00000000080108f0                vtable for GLCD
 .rodata._ZTV7Dwinhmi
                0x0000000008010900       0x10 ./Core/srccpp/Dwin/Dwinhmi.o
                0x0000000008010900                vtable for Dwinhmi
 .rodata._ZTV10W5500Class
                0x0000000008010910       0x10 ./Core/srccpp/Ethernet/W5500.o
                0x0000000008010910                vtable for W5500Class
 .rodata._ZTV9Modbusrtu
                0x0000000008010920       0x10 ./Core/srccpp/Modbus/Modbusrtu.o
                0x0000000008010920                vtable for Modbusrtu
 .rodata._ZTV14OfflineStorage
                0x0000000008010930       0x10 ./Core/srccpp/OfflineStorage/OfflineStorage.o
                0x0000000008010930                vtable for OfflineStorage
 .rodata._ZTV5SHIFT
                0x0000000008010940       0x10 ./Core/srccpp/Shift/SHIFT.o
                0x0000000008010940                vtable for SHIFT
 .rodata._ZTV7ESP8266
                0x0000000008010950       0x10 ./Core/srccpp/WifiEsp8266/ESP8266.o
                0x0000000008010950                vtable for ESP8266
 .rodata._svfprintf_r.str1.1
                0x0000000008010960       0x11 c:/st/stm32cubeide_1.10.1/stm32cubeide/plugins/com.st.stm32cube.ide.mcu.externaltools.gnu-tools-for-stm32.10.3-2021.10.win32_1.0.0.202111181127/tools/bin/../lib/gcc/arm-none-eabi/10.3.1/../../../../arm-none-eabi/lib/thumb/v7e-m+fp/hard\libc_nano.a(lib_a-nano-svfprintf.o)
 .rodata._printf_i.str1.1
                0x0000000008010971       0x22 c:/st/stm32cubeide_1.10.1/stm32cubeide/plugins/com.st.stm32cube.ide.mcu.externaltools.gnu-tools-for-stm32.10.3-2021.10.win32_1.0.0.202111181127/tools/bin/../lib/gcc/arm-none-eabi/10.3.1/../../../../arm-none-eabi/lib/thumb/v7e-m+fp/hard\libc_nano.a(lib_a-nano-vfprintf_i.o)
                0x0000000008010994                . = ALIGN (0x4)
 *fill*         0x0000000008010993        0x1 

.ARM.extab      0x0000000008010994        0x0
                0x0000000008010994                . = ALIGN (0x4)
 *(.ARM.extab* .gnu.linkonce.armextab.*)
                0x0000000008010994                . = ALIGN (0x4)

.ARM            0x0000000008010994        0x8
                0x0000000008010994                . = ALIGN (0x4)
                0x0000000008010994                __exidx_start = .
 *(.ARM.exidx*)
 .ARM.exidx     0x0000000008010994        0x8 c:/st/stm32cubeide_1.10.1/stm32cubeide/plugins/com.st.stm32cube.ide.mcu.externaltools.gnu-tools-for-stm32.10.3-2021.10.win32_1.0.0.202111181127/tools/bin/../lib/gcc/arm-none-eabi/10.3.1/thumb/v7e-m+fp/hard\libgcc.a(_udivmoddi4.o)
                0x000000000801099c                __exidx_end = .
                0x000000000801099c                . = ALIGN (0x4)

.rel.dyn        0x000000000801099c        0x0
 .rel.iplt      0x000000000801099c        0x0 c:/st/stm32cubeide_1.10.1/stm32cubeide/plugins/com.st.stm32cube.ide.mcu.externaltools.gnu-tools-for-stm32.10.3-2021.10.win32_1.0.0.202111181127/tools/bin/../lib/gcc/arm-none-eabi/10.3.1/thumb/v7e-m+fp/hard/crtbegin.o

.preinit_array  0x000000000801099c        0x0
                0x000000000801099c                . = ALIGN (0x4)
                0x000000000801099c                PROVIDE (__preinit_array_start = .)
 *(.preinit_array*)
                0x000000000801099c                PROVIDE (__preinit_array_end = .)
                0x000000000801099c                . = ALIGN (0x4)

.init_array     0x000000000801099c        0x8
                0x000000000801099c                . = ALIGN (0x4)
                0x000000000801099c                PROVIDE (__init_array_start = .)
 *(SORT_BY_NAME(.init_array.*))
 *(.init_array*)
 .init_array    0x000000000801099c        0x4 c:/st/stm32cubeide_1.10.1/stm32cubeide/plugins/com.st.stm32cube.ide.mcu.externaltools.gnu-tools-for-stm32.10.3-2021.10.win32_1.0.0.202111181127/tools/bin/../lib/gcc/arm-none-eabi/10.3.1/thumb/v7e-m+fp/hard/crtbegin.o
 .init_array    0x00000000080109a0        0x4 ./Core/srccpp/Ethernet/W5500.o
                0x00000000080109a4                PROVIDE (__init_array_end = .)
                0x00000000080109a4                . = ALIGN (0x4)

.fini_array     0x00000000080109a4        0x8
                0x00000000080109a4                . = ALIGN (0x4)
                [!provide]                        PROVIDE (__fini_array_start = .)
 *(SORT_BY_NAME(.fini_array.*))
 *(.fini_array*)
 .fini_array    0x00000000080109a4        0x4 c:/st/stm32cubeide_1.10.1/stm32cubeide/plugins/com.st.stm32cube.ide.mcu.externaltools.gnu-tools-for-stm32.10.3-2021.10.win32_1.0.0.202111181127/tools/bin/../lib/gcc/arm-none-eabi/10.3.1/thumb/v7e-m+fp/hard/crtbegin.o
 .fini_array    0x00000000080109a8        0x4 ./Core/srccpp/Ethernet/W5500.o
                [!provide]                        PROVIDE (__fini_array_end = .)
                0x00000000080109ac                . = ALIGN (0x4)
                0x00000000080109ac                _sidata = LOADADDR (.data)

.data           0x0000000020000000       0x88 load address 0x00000000080109ac
                0x0000000020000000                . = ALIGN (0x4)
                0x0000000020000000                _sdata = .
 *(.data)
 *(.data*)
 .data.productiontimeSetOL
                0x0000000020000000        0x2 ./Core/Src/ESP8266/esp8266_rx.o
                0x0000000020000000                productiontimeSetOL
 *fill*         0x0000000020000002        0x2 
 .data.wifiusernamecheck
                0x0000000020000004        0xf ./Core/Src/ESP8266/esp8266_rx.o
                0x0000000020000004                wifiusernamecheck
 *fill*         0x0000000020000013        0x1 
 .data.SystemCoreClock
                0x0000000020000014        0x4 ./Core/Src/system_stm32l4xx.o
                0x0000000020000014                SystemCoreClock
 .data.len      0x0000000020000018        0x1 ./Core/srccpp/WifiEsp8266/ESP8266.o
                0x0000000020000018                len
 *fill*         0x0000000020000019        0x3 
 .data.uwTickPrio
                0x000000002000001c        0x4 ./Drivers/STM32L4xx_HAL_Driver/Src/stm32l4xx_hal.o
                0x000000002000001c                uwTickPrio
 .data.uwTickFreq
                0x0000000020000020        0x1 ./Drivers/STM32L4xx_HAL_Driver/Src/stm32l4xx_hal.o
                0x0000000020000020                uwTickFreq
 *fill*         0x0000000020000021        0x3 
 .data._impure_ptr
                0x0000000020000024        0x4 c:/st/stm32cubeide_1.10.1/stm32cubeide/plugins/com.st.stm32cube.ide.mcu.externaltools.gnu-tools-for-stm32.10.3-2021.10.win32_1.0.0.202111181127/tools/bin/../lib/gcc/arm-none-eabi/10.3.1/../../../../arm-none-eabi/lib/thumb/v7e-m+fp/hard\libc_nano.a(lib_a-impure.o)
                0x0000000020000024                _impure_ptr
 .data.impure_data
                0x0000000020000028       0x60 c:/st/stm32cubeide_1.10.1/stm32cubeide/plugins/com.st.stm32cube.ide.mcu.externaltools.gnu-tools-for-stm32.10.3-2021.10.win32_1.0.0.202111181127/tools/bin/../lib/gcc/arm-none-eabi/10.3.1/../../../../arm-none-eabi/lib/thumb/v7e-m+fp/hard\libc_nano.a(lib_a-impure.o)
 *(.RamFunc)
 *(.RamFunc*)
                0x0000000020000088                . = ALIGN (0x4)
                0x0000000020000088                _edata = .

.igot.plt       0x0000000020000088        0x0 load address 0x0000000008010a34
 .igot.plt      0x0000000020000088        0x0 c:/st/stm32cubeide_1.10.1/stm32cubeide/plugins/com.st.stm32cube.ide.mcu.externaltools.gnu-tools-for-stm32.10.3-2021.10.win32_1.0.0.202111181127/tools/bin/../lib/gcc/arm-none-eabi/10.3.1/thumb/v7e-m+fp/hard/crtbegin.o
                0x0000000020000088                . = ALIGN (0x4)

.bss            0x0000000020000088      0xea8 load address 0x0000000008010a34
                0x0000000020000088                _sbss = .
                0x0000000020000088                __bss_start__ = _sbss
 *(.bss)
 .bss           0x0000000020000088       0x1c c:/st/stm32cubeide_1.10.1/stm32cubeide/plugins/com.st.stm32cube.ide.mcu.externaltools.gnu-tools-for-stm32.10.3-2021.10.win32_1.0.0.202111181127/tools/bin/../lib/gcc/arm-none-eabi/10.3.1/thumb/v7e-m+fp/hard/crtbegin.o
 *(.bss*)
 .bss.Uart_rx_buffer
                0x00000000200000a4       0x46 ./Core/Src/ESP8266/esp8266_rx.o
                0x00000000200000a4                Uart_rx_buffer
 .bss.Data_bufferptr
                0x00000000200000ea        0x1 ./Core/Src/ESP8266/esp8266_rx.o
                0x00000000200000ea                Data_bufferptr
 .bss.Err_bufferptr
                0x00000000200000eb        0x1 ./Core/Src/ESP8266/esp8266_rx.o
                0x00000000200000eb                Err_bufferptr
 .bss.WifiDisplay
                0x00000000200000ec        0x1 ./Core/Src/ESP8266/esp8266_rx.o
                0x00000000200000ec                WifiDisplay
 .bss.Error_Close
                0x00000000200000ed        0x1 ./Core/Src/ESP8266/esp8266_rx.o
                0x00000000200000ed                Error_Close
 .bss.Updatetimeinfo
                0x00000000200000ee        0x1 ./Core/Src/ESP8266/esp8266_rx.o
                0x00000000200000ee                Updatetimeinfo
 .bss.RxCompleteU2C1WIFI
                0x00000000200000ef        0x1 ./Core/Src/ESP8266/esp8266_rx.o
                0x00000000200000ef                RxCompleteU2C1WIFI
 .bss.Valid_DataWifi1
                0x00000000200000f0        0x1 ./Core/Src/ESP8266/esp8266_rx.o
                0x00000000200000f0                Valid_DataWifi1
 .bss.SW_Hour   0x00000000200000f1        0x1 ./Core/Src/ESP8266/esp8266_rx.o
                0x00000000200000f1                SW_Hour
 .bss.SW_Minute
                0x00000000200000f2        0x1 ./Core/Src/ESP8266/esp8266_rx.o
                0x00000000200000f2                SW_Minute
 .bss.SW_Date   0x00000000200000f3        0x1 ./Core/Src/ESP8266/esp8266_rx.o
                0x00000000200000f3                SW_Date
 .bss.SW_Month  0x00000000200000f4        0x1 ./Core/Src/ESP8266/esp8266_rx.o
                0x00000000200000f4                SW_Month
 .bss.SW_Year   0x00000000200000f5        0x1 ./Core/Src/ESP8266/esp8266_rx.o
                0x00000000200000f5                SW_Year
 .bss.temperatureSetOL
                0x00000000200000f6        0x2 ./Core/Src/ESP8266/esp8266_rx.o
                0x00000000200000f6                temperatureSetOL
 .bss.temperaturehighSetOL
                0x00000000200000f8        0x2 ./Core/Src/ESP8266/esp8266_rx.o
                0x00000000200000f8                temperaturehighSetOL
 .bss.temperatureLowSetOL
                0x00000000200000fa        0x2 ./Core/Src/ESP8266/esp8266_rx.o
                0x00000000200000fa                temperatureLowSetOL
 .bss.productChangeOL
                0x00000000200000fc        0x1 ./Core/Src/ESP8266/esp8266_rx.o
                0x00000000200000fc                productChangeOL
 *fill*         0x00000000200000fd        0x1 
 .bss.Production_Total
                0x00000000200000fe        0x2 ./Core/Src/ESP8266/esp8266_rx.o
                0x00000000200000fe                Production_Total
 .bss.Rejection_Total
                0x0000000020000100        0x2 ./Core/Src/ESP8266/esp8266_rx.o
                0x0000000020000100                Rejection_Total
 .bss.batchTargetquantity
                0x0000000020000102        0x2 ./Core/Src/ESP8266/esp8266_rx.o
                0x0000000020000102                batchTargetquantity
 .bss.temperateSet
                0x0000000020000104        0x2 ./Core/Src/ESP8266/esp8266_rx.o
                0x0000000020000104                temperateSet
 .bss.temperateSetHigh
                0x0000000020000106        0x2 ./Core/Src/ESP8266/esp8266_rx.o
                0x0000000020000106                temperateSetHigh
 .bss.temperateSetLow
                0x0000000020000108        0x2 ./Core/Src/ESP8266/esp8266_rx.o
                0x0000000020000108                temperateSetLow
 .bss.requirementId
                0x000000002000010a        0x2 ./Core/Src/ESP8266/esp8266_rx.o
                0x000000002000010a                requirementId
 .bss.batchNumber
                0x000000002000010c        0x2 ./Core/Src/ESP8266/esp8266_rx.o
                0x000000002000010c                batchNumber
 .bss.resetStatus
                0x000000002000010e        0x1 ./Core/Src/ESP8266/esp8266_rx.o
                0x000000002000010e                resetStatus
 .bss.startStopStatus
                0x000000002000010f        0x1 ./Core/Src/ESP8266/esp8266_rx.o
                0x000000002000010f                startStopStatus
 .bss.Error_Retry.0
                0x0000000020000110        0x1 ./Core/Src/ESP8266/esp8266_rx.o
 .bss.Flag1MS   0x0000000020000111        0x1 ./Core/Src/TimerIntHandler.o
                0x0000000020000111                Flag1MS
 .bss.Flag1Second
                0x0000000020000112        0x1 ./Core/Src/TimerIntHandler.o
                0x0000000020000112                Flag1Second
 .bss.Flag100milliSeconds
                0x0000000020000113        0x1 ./Core/Src/TimerIntHandler.o
                0x0000000020000113                Flag100milliSeconds
 .bss.SimCount  0x0000000020000114        0x1 ./Core/Src/TimerIntHandler.o
                0x0000000020000114                SimCount
 .bss.LocCount1S
                0x0000000020000115        0x1 ./Core/Src/TimerIntHandler.o
                0x0000000020000115                LocCount1S
 *fill*         0x0000000020000116        0x2 
 .bss.checkbuff
                0x0000000020000118       0xc8 ./Core/Src/UARTTxRxHandle.o
                0x0000000020000118                checkbuff
 .bss.refinc    0x00000000200001e0        0x1 ./Core/Src/UARTTxRxHandle.o
                0x00000000200001e0                refinc
 *fill*         0x00000000200001e1        0x1 
 .bss.Dye_Temperature
                0x00000000200001e2        0x2 ./Core/Src/UARTTxRxHandle.o
                0x00000000200001e2                Dye_Temperature
 .bss.Connector_Temperature
                0x00000000200001e4        0x2 ./Core/Src/UARTTxRxHandle.o
                0x00000000200001e4                Connector_Temperature
 *fill*         0x00000000200001e6        0x2 
 .bss.check     0x00000000200001e8       0xd2 ./Core/Src/UARTTxRxHandle.o
                0x00000000200001e8                check
 .bss.trackpoint
                0x00000000200002ba        0x1 ./Core/Src/UARTTxRxHandle.o
                0x00000000200002ba                trackpoint
 .bss.NoOfDwinRxdata
                0x00000000200002bb        0x1 ./Core/Src/UARTTxRxHandle.o
                0x00000000200002bb                NoOfDwinRxdata
 .bss.Rx_Dwin_Data_Buff_Point
                0x00000000200002bc        0x1 ./Core/Src/UARTTxRxHandle.o
                0x00000000200002bc                Rx_Dwin_Data_Buff_Point
 .bss.Rx_Dwin_Complete
                0x00000000200002bd        0x1 ./Core/Src/UARTTxRxHandle.o
                0x00000000200002bd                Rx_Dwin_Complete
 *fill*         0x00000000200002be        0x2 
 .bss.DwinDatabuffer
                0x00000000200002c0       0xff ./Core/Src/UARTTxRxHandle.o
                0x00000000200002c0                DwinDatabuffer
 *fill*         0x00000000200003bf        0x1 
 .bss.hi2c1     0x00000000200003c0       0x54 ./Core/Src/main.o
                0x00000000200003c0                hi2c1
 .bss.hlpuart1  0x0000000020000414       0x84 ./Core/Src/main.o
                0x0000000020000414                hlpuart1
 .bss.huart1    0x0000000020000498       0x84 ./Core/Src/main.o
                0x0000000020000498                huart1
 .bss.huart2    0x000000002000051c       0x84 ./Core/Src/main.o
                0x000000002000051c                huart2
 .bss.hspi1     0x00000000200005a0       0x64 ./Core/Src/main.o
                0x00000000200005a0                hspi1
 .bss.hspi2     0x0000000020000604       0x64 ./Core/Src/main.o
                0x0000000020000604                hspi2
 .bss.htim1     0x0000000020000668       0x4c ./Core/Src/main.o
                0x0000000020000668                htim1
 .bss.htim6     0x00000000200006b4       0x4c ./Core/Src/main.o
                0x00000000200006b4                htim6
 .bss.htim7     0x0000000020000700       0x4c ./Core/Src/main.o
                0x0000000020000700                htim7
 .bss.rxTempBuff
                0x000000002000074c        0x5 ./Core/Src/main.o
                0x000000002000074c                rxTempBuff
 *fill*         0x0000000020000751        0x3 
 .bss.rxDwinBuff
                0x0000000020000754        0x5 ./Core/Src/main.o
                0x0000000020000754                rxDwinBuff
 *fill*         0x0000000020000759        0x3 
 .bss.__sbrk_heap_end
                0x000000002000075c        0x4 ./Core/Src/sysmem.o
 .bss.w25qxx    0x0000000020000760       0x28 ./Core/Src/W25Q64/w25qxx.o
                0x0000000020000760                w25qxx
 .bss.GPIO_PinStateMac
                0x0000000020000788        0x1 ./Core/srccpp/Bussinesslogic/LpdcLogic.o
                0x0000000020000788                GPIO_PinStateMac
 .bss.GPIO_PinStateEjection
                0x0000000020000789        0x1 ./Core/srccpp/Bussinesslogic/LpdcLogic.o
                0x0000000020000789                GPIO_PinStateEjection
 .bss.GPIO_PinStateRej
                0x000000002000078a        0x1 ./Core/srccpp/Bussinesslogic/LpdcLogic.o
                0x000000002000078a                GPIO_PinStateRej
 .bss.MAC_A_Prod_Input1_StartTimer
                0x000000002000078b        0x1 ./Core/srccpp/Bussinesslogic/LpdcLogic.o
                0x000000002000078b                MAC_A_Prod_Input1_StartTimer
 .bss.MAC_A_Prod_Input1_CountBase
                0x000000002000078c        0x2 ./Core/srccpp/Bussinesslogic/LpdcLogic.o
                0x000000002000078c                MAC_A_Prod_Input1_CountBase
 .bss.MAC_Gen_Prod_Input1_Production
                0x000000002000078e        0x2 ./Core/srccpp/Bussinesslogic/LpdcLogic.o
                0x000000002000078e                MAC_Gen_Prod_Input1_Production
 .bss.Production_Zeit
                0x0000000020000790        0x2 ./Core/srccpp/Bussinesslogic/LpdcLogic.o
                0x0000000020000790                Production_Zeit
 .bss.MAC_Gen_Rej_Input_Production
                0x0000000020000792        0x2 ./Core/srccpp/Bussinesslogic/LpdcLogic.o
                0x0000000020000792                MAC_Gen_Rej_Input_Production
 .bss.Rejection_Zeit
                0x0000000020000794        0x2 ./Core/srccpp/Bussinesslogic/LpdcLogic.o
                0x0000000020000794                Rejection_Zeit
 .bss.Manual_RejectionCount
                0x0000000020000796        0x2 ./Core/srccpp/Bussinesslogic/LpdcLogic.o
                0x0000000020000796                Manual_RejectionCount
 .bss.CurrentShift_K1
                0x0000000020000798        0x1 ./Core/srccpp/Bussinesslogic/LpdcLogic.o
                0x0000000020000798                CurrentShift_K1
 .bss.IsCurrentShiftUpdated
                0x0000000020000799        0x1 ./Core/srccpp/Bussinesslogic/LpdcLogic.o
                0x0000000020000799                IsCurrentShiftUpdated
 .bss.UpdateStorage
                0x000000002000079a        0x1 ./Core/srccpp/Bussinesslogic/LpdcLogic.o
                0x000000002000079a                UpdateStorage
 *fill*         0x000000002000079b        0x1 
 .bss.GLCDNumericArray
                0x000000002000079c        0x2 ./Core/srccpp/DisplayCPP/DisplayRoutine.o
                0x000000002000079c                GLCDNumericArray
 *fill*         0x000000002000079e        0x2 
 .bss.gLCDNumericArraySize_4
                0x00000000200007a0        0x4 ./Core/srccpp/DisplayCPP/DisplayRoutine.o
                0x00000000200007a0                gLCDNumericArraySize_4
 .bss.length    0x00000000200007a4        0x1 ./Core/srccpp/DisplayCPP/GLCD.o
                0x00000000200007a4                length
 *fill*         0x00000000200007a5        0x1 
 .bss.machineId
                0x00000000200007a6        0x2 ./Core/srccpp/Dwin/Dwinhmi.o
                0x00000000200007a6                machineId
 .bss.portNumber
                0x00000000200007a8        0x2 ./Core/srccpp/Dwin/Dwinhmi.o
                0x00000000200007a8                portNumber
 *fill*         0x00000000200007aa        0x2 
 .bss.serverAddress
                0x00000000200007ac       0x14 ./Core/srccpp/Dwin/Dwinhmi.o
                0x00000000200007ac                serverAddress
 .bss.userNameWifi
                0x00000000200007c0       0x14 ./Core/srccpp/Dwin/Dwinhmi.o
                0x00000000200007c0                userNameWifi
 .bss.passwordWifi
                0x00000000200007d4       0x14 ./Core/srccpp/Dwin/Dwinhmi.o
                0x00000000200007d4                passwordWifi
 .bss.shiftP    0x00000000200007e8        0x1 ./Core/srccpp/Dwin/Dwinhmi.o
                0x00000000200007e8                shiftP
 .bss.len_i     0x00000000200007e9        0x1 ./Core/srccpp/Dwin/Dwinhmi.o
                0x00000000200007e9                len_i
 .bss.Dwinseq   0x00000000200007ea        0x1 ./Core/srccpp/Dwin/Dwinhmi.o
                0x00000000200007ea                Dwinseq
 *fill*         0x00000000200007eb        0x1 
 .bss.w5500     0x00000000200007ec        0x4 ./Core/srccpp/Ethernet/W5500.o
                0x00000000200007ec                w5500
 .bss.u8rxbuf   0x00000000200007f0       0xff ./Core/srccpp/Modbus/Modbusrtu.o
                0x00000000200007f0                u8rxbuf
 .bss.TxSeqComplete
                0x00000000200008ef        0x1 ./Core/srccpp/Modbus/Modbusrtu.o
                0x00000000200008ef                TxSeqComplete
 .bss.ProductionSet_uintFormat
                0x00000000200008f0       0x64 ./Core/srccpp/OfflineStorage/OfflineStorage.o
                0x00000000200008f0                ProductionSet_uintFormat
 .bss.ProductionSet_charFormat
                0x0000000020000954       0x64 ./Core/srccpp/OfflineStorage/OfflineStorage.o
                0x0000000020000954                ProductionSet_charFormat
 .bss.MAC_Gen_Prod_Input1_Production_K1
                0x00000000200009b8        0x2 ./Core/srccpp/OfflineStorage/OfflineStorage.o
                0x00000000200009b8                MAC_Gen_Prod_Input1_Production_K1
 .bss.MAC_Gen_Rej_Input_Production_K1
                0x00000000200009ba        0x2 ./Core/srccpp/OfflineStorage/OfflineStorage.o
                0x00000000200009ba                MAC_Gen_Rej_Input_Production_K1
 .bss.Manual_RejectionCount_K1
                0x00000000200009bc        0x2 ./Core/srccpp/OfflineStorage/OfflineStorage.o
                0x00000000200009bc                Manual_RejectionCount_K1
 .bss.SectorPos
                0x00000000200009be        0x2 ./Core/srccpp/OfflineStorage/OfflineStorage.o
                0x00000000200009be                SectorPos
 .bss.BlockStatusOffline
                0x00000000200009c0       0x28 ./Core/srccpp/OfflineStorage/OfflineStorage.o
                0x00000000200009c0                BlockStatusOffline
 .bss.hour_t    0x00000000200009e8        0x1 ./Core/srccpp/Shift/SHIFT.o
                0x00000000200009e8                hour_t
 .bss.min_t     0x00000000200009e9        0x1 ./Core/srccpp/Shift/SHIFT.o
                0x00000000200009e9                min_t
 .bss.sec_t     0x00000000200009ea        0x1 ./Core/srccpp/Shift/SHIFT.o
                0x00000000200009ea                sec_t
 .bss.Wdate_Rtc
                0x00000000200009eb        0x1 ./Core/srccpp/Shift/SHIFT.o
                0x00000000200009eb                Wdate_Rtc
 .bss.date_Rtc  0x00000000200009ec        0x1 ./Core/srccpp/Shift/SHIFT.o
                0x00000000200009ec                date_Rtc
 .bss.month_Rtc
                0x00000000200009ed        0x1 ./Core/srccpp/Shift/SHIFT.o
                0x00000000200009ed                month_Rtc
 .bss.year_Rtc  0x00000000200009ee        0x1 ./Core/srccpp/Shift/SHIFT.o
                0x00000000200009ee                year_Rtc
 .bss.CurrentShift
                0x00000000200009ef        0x1 ./Core/srccpp/Shift/SHIFT.o
                0x00000000200009ef                CurrentShift
 .bss.UpdateShiftInfo
                0x00000000200009f0        0x1 ./Core/srccpp/Shift/SHIFT.o
                0x00000000200009f0                UpdateShiftInfo
 .bss.wifi_command
                0x00000000200009f1        0x1 ./Core/srccpp/WifiEsp8266/ESP8266.o
                0x00000000200009f1                wifi_command
 *fill*         0x00000000200009f2        0x2 
 .bss.ESP8266TXData
                0x00000000200009f4       0xfa ./Core/srccpp/WifiEsp8266/ESP8266.o
                0x00000000200009f4                ESP8266TXData
 *fill*         0x0000000020000aee        0x2 
 .bss.OnlineData_buffer
                0x0000000020000af0       0xc8 ./Core/srccpp/WifiEsp8266/ESP8266.o
                0x0000000020000af0                OnlineData_buffer
 .bss.bufferptr
                0x0000000020000bb8        0x1 ./Core/srccpp/WifiEsp8266/ESP8266.o
                0x0000000020000bb8                bufferptr
 .bss.Rxseqdecoder
                0x0000000020000bb9        0x1 ./Core/srccpp/WifiEsp8266/ESP8266.o
                0x0000000020000bb9                Rxseqdecoder
 .bss.Check_CWMODE_For_Hang
                0x0000000020000bba        0x1 ./Core/srccpp/WifiEsp8266/ESP8266.o
                0x0000000020000bba                Check_CWMODE_For_Hang
 *fill*         0x0000000020000bbb        0x1 
 .bss.NoOfdata_byte
                0x0000000020000bbc        0x2 ./Core/srccpp/WifiEsp8266/ESP8266.o
                0x0000000020000bbc                NoOfdata_byte
 .bss.Timerdelay
                0x0000000020000bbe        0x1 ./Core/srccpp/WifiEsp8266/ESP8266.o
                0x0000000020000bbe                Timerdelay
 .bss.url_buffer
                0x0000000020000bbf        0x1 ./Core/srccpp/WifiEsp8266/ESP8266.o
                0x0000000020000bbf                url_buffer
 .bss.Dyn_data_calc
                0x0000000020000bc0        0x2 ./Core/srccpp/WifiEsp8266/ESP8266.o
                0x0000000020000bc0                Dyn_data_calc
 .bss.RefreshBlockInfo
                0x0000000020000bc2        0x1 ./Core/srccpp/WifiEsp8266/ESP8266.o
                0x0000000020000bc2                RefreshBlockInfo
 .bss.powercycleRefresh
                0x0000000020000bc3        0x1 ./Core/srccpp/WifiEsp8266/ESP8266.o
                0x0000000020000bc3                powercycleRefresh
 .bss.Framecheck
                0x0000000020000bc4        0x1 ./Core/srccpp/WifiEsp8266/ESP8266.o
                0x0000000020000bc4                Framecheck
 *fill*         0x0000000020000bc5        0x3 
 .bss.ProductionSet_uintFormat_MEM
                0x0000000020000bc8      0x352 ./Core/srccpp/WifiEsp8266/ESP8266.o
                0x0000000020000bc8                ProductionSet_uintFormat_MEM
 *fill*         0x0000000020000f1a        0x2 
 .bss.uwTick    0x0000000020000f1c        0x4 ./Drivers/STM32L4xx_HAL_Driver/Src/stm32l4xx_hal.o
                0x0000000020000f1c                uwTick
 .bss.__malloc_free_list
                0x0000000020000f20        0x4 c:/st/stm32cubeide_1.10.1/stm32cubeide/plugins/com.st.stm32cube.ide.mcu.externaltools.gnu-tools-for-stm32.10.3-2021.10.win32_1.0.0.202111181127/tools/bin/../lib/gcc/arm-none-eabi/10.3.1/../../../../arm-none-eabi/lib/thumb/v7e-m+fp/hard\libc_nano.a(lib_a-nano-mallocr.o)
                0x0000000020000f20                __malloc_free_list
 .bss.__malloc_sbrk_start