Archive member included to satisfy reference by file (symbol)

c:/st/stm32cubeide_1.10.1/stm32cubeide/plugins/com.st.stm32cube.ide.mcu.externaltools.gnu-tools-for-stm32.10.3-2021.10.win32_1.0.0.202111181127/tools/bin/../lib/gcc/arm-none-eabi/10.3.1/../../../../arm-none-eabi/lib/thumb/v7e-m+fp/hard\libstdc++_nano.a(del_ops.o)
                              ./Core/srccpp/Bussinesslogic/LpdcLogic.o (operator delete(void*, unsigned int))
c:/st/stm32cubeide_1.10.1/stm32cubeide/plugins/com.st.stm32cube.ide.mcu.externaltools.gnu-tools-for-stm32.10.3-2021.10.win32_1.0.0.202111181127/tools/bin/../lib/gcc/arm-none-eabi/10.3.1/../../../../arm-none-eabi/lib/thumb/v7e-m+fp/hard\libstdc++_nano.a(del_op.o)
                              c:/st/stm32cubeide_1.10.1/stm32cubeide/plugins/com.st.stm32cube.ide.mcu.externaltools.gnu-tools-for-stm32.10.3-2021.10.win32_1.0.0.202111181127/tools/bin/../lib/gcc/arm-none-eabi/10.3.1/../../../../arm-none-eabi/lib/thumb/v7e-m+fp/hard\libstdc++_nano.a(del_ops.o) (operator delete(void*))
c:/st/stm32cubeide_1.10.1/stm32cubeide/plugins/com.st.stm32cube.ide.mcu.externaltools.gnu-tools-for-stm32.10.3-2021.10.win32_1.0.0.202111181127/tools/bin/../lib/gcc/arm-none-eabi/10.3.1/../../../../arm-none-eabi/lib/thumb/v7e-m+fp/hard\libc_nano.a(lib_a-errno.o)
                              ./Core/Src/syscalls.o (__errno)
c:/st/stm32cubeide_1.10.1/stm32cubeide/plugins/com.st.stm32cube.ide.mcu.externaltools.gnu-tools-for-stm32.10.3-2021.10.win32_1.0.0.202111181127/tools/bin/../lib/gcc/arm-none-eabi/10.3.1/../../../../arm-none-eabi/lib/thumb/v7e-m+fp/hard\libc_nano.a(lib_a-exit.o)
                              c:/st/stm32cubeide_1.10.1/stm32cubeide/plugins/com.st.stm32cube.ide.mcu.externaltools.gnu-tools-for-stm32.10.3-2021.10.win32_1.0.0.202111181127/tools/bin/../lib/gcc/arm-none-eabi/10.3.1/../../../../arm-none-eabi/lib/thumb/v7e-m+fp/hard/crt0.o (exit)
c:/st/stm32cubeide_1.10.1/stm32cubeide/plugins/com.st.stm32cube.ide.mcu.externaltools.gnu-tools-for-stm32.10.3-2021.10.win32_1.0.0.202111181127/tools/bin/../lib/gcc/arm-none-eabi/10.3.1/../../../../arm-none-eabi/lib/thumb/v7e-m+fp/hard\libc_nano.a(lib_a-impure.o)
                              c:/st/stm32cubeide_1.10.1/stm32cubeide/plugins/com.st.stm32cube.ide.mcu.externaltools.gnu-tools-for-stm32.10.3-2021.10.win32_1.0.0.202111181127/tools/bin/../lib/gcc/arm-none-eabi/10.3.1/../../../../arm-none-eabi/lib/thumb/v7e-m+fp/hard\libc_nano.a(lib_a-exit.o) (_global_impure_ptr)
c:/st/stm32cubeide_1.10.1/stm32cubeide/plugins/com.st.stm32cube.ide.mcu.externaltools.gnu-tools-for-stm32.10.3-2021.10.win32_1.0.0.202111181127/tools/bin/../lib/gcc/arm-none-eabi/10.3.1/../../../../arm-none-eabi/lib/thumb/v7e-m+fp/hard\libc_nano.a(lib_a-init.o)
                              c:/st/stm32cubeide_1.10.1/stm32cubeide/plugins/com.st.stm32cube.ide.mcu.externaltools.gnu-tools-for-stm32.10.3-2021.10.win32_1.0.0.202111181127/tools/bin/../lib/gcc/arm-none-eabi/10.3.1/../../../../arm-none-eabi/lib/thumb/v7e-m+fp/hard/crt0.o (__libc_init_array)
c:/st/stm32cubeide_1.10.1/stm32cubeide/plugins/com.st.stm32cube.ide.mcu.externaltools.gnu-tools-for-stm32.10.3-2021.10.win32_1.0.0.202111181127/tools/bin/../lib/gcc/arm-none-eabi/10.3.1/../../../../arm-none-eabi/lib/thumb/v7e-m+fp/hard\libc_nano.a(lib_a-malloc.o)
                              c:/st/stm32cubeide_1.10.1/stm32cubeide/plugins/com.st.stm32cube.ide.mcu.externaltools.gnu-tools-for-stm32.10.3-2021.10.win32_1.0.0.202111181127/tools/bin/../lib/gcc/arm-none-eabi/10.3.1/../../../../arm-none-eabi/lib/thumb/v7e-m+fp/hard\libstdc++_nano.a(del_op.o) (free)
c:/st/stm32cubeide_1.10.1/stm32cubeide/plugins/com.st.stm32cube.ide.mcu.externaltools.gnu-tools-for-stm32.10.3-2021.10.win32_1.0.0.202111181127/tools/bin/../lib/gcc/arm-none-eabi/10.3.1/../../../../arm-none-eabi/lib/thumb/v7e-m+fp/hard\libc_nano.a(lib_a-memcpy-stub.o)
                              ./Core/srccpp/Modbus/Modbusrtu.o (memcpy)
c:/st/stm32cubeide_1.10.1/stm32cubeide/plugins/com.st.stm32cube.ide.mcu.externaltools.gnu-tools-for-stm32.10.3-2021.10.win32_1.0.0.202111181127/tools/bin/../lib/gcc/arm-none-eabi/10.3.1/../../../../arm-none-eabi/lib/thumb/v7e-m+fp/hard\libc_nano.a(lib_a-memset.o)
                              c:/st/stm32cubeide_1.10.1/stm32cubeide/plugins/com.st.stm32cube.ide.mcu.externaltools.gnu-tools-for-stm32.10.3-2021.10.win32_1.0.0.202111181127/tools/bin/../lib/gcc/arm-none-eabi/10.3.1/../../../../arm-none-eabi/lib/thumb/v7e-m+fp/hard/crt0.o (memset)
c:/st/stm32cubeide_1.10.1/stm32cubeide/plugins/com.st.stm32cube.ide.mcu.externaltools.gnu-tools-for-stm32.10.3-2021.10.win32_1.0.0.202111181127/tools/bin/../lib/gcc/arm-none-eabi/10.3.1/../../../../arm-none-eabi/lib/thumb/v7e-m+fp/hard\libc_nano.a(lib_a-nano-freer.o)
[...]
Memory Configuration

Name             Origin             Length             Attributes
RAM              0x0000000020000000 0x0000000000010000 xrw
RAM2             0x0000000010000000 0x0000000000004000 xrw
FLASH            0x0000000008000000 0x0000000000040000 xr
*default*        0x0000000000000000 0xffffffffffffffff

Linker script and memory map

LOAD c:/st/stm32cubeide_1.10.1/stm32cubeide/plugins/com.st.stm32cube.ide.mcu.externaltools.gnu-tools-for-stm32.10.3-2021.10.win32_1.0.0.202111181127/tools/bin/../lib/gcc/arm-none-eabi/10.3.1/thumb/v7e-m+fp/hard/crti.o
LOAD c:/st/stm32cubeide_1.10.1/stm32cubeide/plugins/com.st.stm32cube.ide.mcu.externaltools.gnu-tools-for-stm32.10.3-2021.10.win32_1.0.0.202111181127/tools/bin/../lib/gcc/arm-none-eabi/10.3.1/thumb/v7e-m+fp/hard/crtbegin.o
LOAD c:/st/stm32cubeide_1.10.1/stm32cubeide/plugins/com.st.stm32cube.ide.mcu.externaltools.gnu-tools-for-stm32.10.3-2021.10.win32_1.0.0.202111181127/tools/bin/../lib/gcc/arm-none-eabi/10.3.1/../../../../arm-none-eabi/lib/thumb/v7e-m+fp/hard/crt0.o
LOAD ./Core/Src/ESP8266/esp8266.o
LOAD ./Core/Src/ESP8266/esp8266_rx.o
LOAD ./Core/Src/GLCD_clib.o
LOAD ./Core/Src/TimerIntHandler.o
LOAD ./Core/Src/UARTTxRxHandle.o
LOAD ./Core/Src/main.o
LOAD ./Core/Src/stm32l4xx_hal_msp.o
LOAD ./Core/Src/stm32l4xx_it.o
LOAD ./Core/Src/syscalls.o
LOAD ./Core/Src/sysmem.o
LOAD ./Core/Src/system_stm32l4xx.o
LOAD ./Core/Src/RTC/ds1307.o
LOAD ./Core/Src/W25Q64/w25qxx.o
LOAD ./Core/Src/W5500_C/W5500/w5500.o
LOAD ./Core/Src/W5500_C/socket.o
LOAD ./Core/Src/W5500_C/w5500_spi.o
LOAD ./Core/Src/W5500_C/wizchip_conf.o
LOAD ./Core/Startup/startup_stm32l433rctx.o
LOAD ./Core/srccpp/Bussinesslogic/LpdcLogic.o
LOAD ./Core/srccpp/Common/common.o
LOAD ./Core/srccpp/DisplayCPP/DisplayRoutine.o
LOAD ./Core/srccpp/DisplayCPP/GLCD.o
LOAD ./Core/srccpp/Dwin/Dwinhmi.o
LOAD ./Core/srccpp/Ethernet/W5500.o
LOAD ./Core/srccpp/Modbus/Modbusrtu.o
LOAD ./Core/srccpp/OfflineStorage/OfflineStorage.o
LOAD ./Core/srccpp/Shift/SHIFT.o
LOAD ./Core/srccpp/WifiEsp8266/ESP8266.o
LOAD ./Core/srccpp/main.o
LOAD ./Drivers/STM32L4xx_HAL_Driver/Src/stm32l4xx_hal.o
LOAD ./Drivers/STM32L4xx_HAL_Driver/Src/stm32l4xx_hal_cortex.o
LOAD ./Drivers/STM32L4xx_HAL_Driver/Src/stm32l4xx_hal_dma.o
LOAD ./Drivers/STM32L4xx_HAL_Driver/Src/stm32l4xx_hal_dma_ex.o
LOAD ./Drivers/STM32L4xx_HAL_Driver/Src/stm32l4xx_hal_exti.o
LOAD ./Drivers/STM32L4xx_HAL_Driver/Src/stm32l4xx_hal_flash.o
LOAD ./Drivers/STM32L4xx_HAL_Driver/Src/stm32l4xx_hal_flash_ex.o
LOAD ./Drivers/STM32L4xx_HAL_Driver/Src/stm32l4xx_hal_flash_ramfunc.o
LOAD ./Drivers/STM32L4xx_HAL_Driver/Src/stm32l4xx_hal_gpio.o
LOAD ./Drivers/STM32L4xx_HAL_Driver/Src/stm32l4xx_hal_i2c.o
LOAD ./Drivers/STM32L4xx_HAL_Driver/Src/stm32l4xx_hal_i2c_ex.o
LOAD ./Drivers/STM32L4xx_HAL_Driver/Src/stm32l4xx_hal_pwr.o
LOAD ./Drivers/STM32L4xx_HAL_Driver/Src/stm32l4xx_hal_pwr_ex.o
LOAD ./Drivers/STM32L4xx_HAL_Driver/Src/stm32l4xx_hal_rcc.o
LOAD ./Drivers/STM32L4xx_HAL_Driver/Src/stm32l4xx_hal_rcc_ex.o
LOAD ./Drivers/STM32L4xx_HAL_Driver/Src/stm32l4xx_hal_spi.o
LOAD ./Drivers/STM32L4xx_HAL_Driver/Src/stm32l4xx_hal_spi_ex.o
LOAD ./Drivers/STM32L4xx_HAL_Driver/Src/stm32l4xx_hal_tim.o
LOAD ./Drivers/STM32L4xx_HAL_Driver/Src/stm32l4xx_hal_tim_ex.o
LOAD ./Drivers/STM32L4xx_HAL_Driver/Src/stm32l4xx_hal_uart.o
LOAD ./Drivers/STM32L4xx_HAL_Driver/Src/stm32l4xx_hal_uart_ex.o
START GROUP
LOAD c:/st/stm32cubeide_1.10.1/stm32cubeide/plugins/com.st.stm32cube.ide.mcu.externaltools.gnu-tools-for-stm32.10.3-2021.10.win32_1.0.0.202111181127/tools/bin/../lib/gcc/arm-none-eabi/10.3.1/../../../../arm-none-eabi/lib/thumb/v7e-m+fp/hard\libstdc++_nano.a
LOAD c:/st/stm32cubeide_1.10.1/stm32cubeide/plugins/com.st.stm32cube.ide.mcu.externaltools.gnu-tools-for-stm32.10.3-2021.10.win32_1.0.0.202111181127/tools/bin/../lib/gcc/arm-none-eabi/10.3.1/../../../../arm-none-eabi/lib/thumb/v7e-m+fp/hard\libsupc++_nano.a
END GROUP
LOAD c:/st/stm32cubeide_1.10.1/stm32cubeide/plugins/com.st.stm32cube.ide.mcu.externaltools.gnu-tools-for-stm32.10.3-2021.10.win32_1.0.0.202111181127/tools/bin/../lib/gcc/arm-none-eabi/10.3.1/../../../../arm-none-eabi/lib/thumb/v7e-m+fp/hard\libstdc++_nano.a
LOAD c:/st/stm32cubeide_1.10.1/stm32cubeide/plugins/com.st.stm32cube.ide.mcu.externaltools.gnu-tools-for-stm32.10.3-2021.10.win32_1.0.0.202111181127/tools/bin/../lib/gcc/arm-none-eabi/10.3.1/../../../../arm-none-eabi/lib/thumb/v7e-m+fp/hard\libm.a
LOAD c:/st/stm32cubeide_1.10.1/stm32cubeide/plugins/com.st.stm32cube.ide.mcu.externaltools.gnu-tools-for-stm32.10.3-2021.10.win32_1.0.0.202111181127/tools/bin/../lib/gcc/arm-none-eabi/10.3.1/../../../../arm-none-eabi/lib/thumb/v7e-m+fp/hard\libc_nano.a
START GROUP
LOAD c:/st/stm32cubeide_1.10.1/stm32cubeide/plugins/com.st.stm32cube.ide.mcu.externaltools.gnu-tools-for-stm32.10.3-2021.10.win32_1.0.0.202111181127/tools/bin/../lib/gcc/arm-none-eabi/10.3.1/thumb/v7e-m+fp/hard\libgcc.a
LOAD c:/st/stm32cubeide_1.10.1/stm32cubeide/plugins/com.st.stm32cube.ide.mcu.externaltools.gnu-tools-for-stm32.10.3-2021.10.win32_1.0.0.202111181127/tools/bin/../lib/gcc/arm-none-eabi/10.3.1/../../../../arm-none-eabi/lib/thumb/v7e-m+fp/hard\libc_nano.a
END GROUP
START GROUP
LOAD c:/st/stm32cubeide_1.10.1/stm32cubeide/plugins/com.st.stm32cube.ide.mcu.externaltools.gnu-tools-for-stm32.10.3-2021.10.win32_1.0.0.202111181127/tools/bin/../lib/gcc/arm-none-eabi/10.3.1/thumb/v7e-m+fp/hard\libgcc.a
LOAD c:/st/stm32cubeide_1.10.1/stm32cubeide/plugins/com.st.stm32cube.ide.mcu.externaltools.gnu-tools-for-stm32.10.3-2021.10.win32_1.0.0.202111181127/tools/bin/../lib/gcc/arm-none-eabi/10.3.1/../../../../arm-none-eabi/lib/thumb/v7e-m+fp/hard\libc_nano.a
LOAD c:/st/stm32cubeide_1.10.1/stm32cubeide/plugins/com.st.stm32cube.ide.mcu.externaltools.gnu-tools-for-stm32.10.3-2021.10.win32_1.0.0.202111181127/tools/bin/../lib/gcc/arm-none-eabi/10.3.1/../../../../arm-none-eabi/lib/thumb/v7e-m+fp/hard\libnosys.a
END GROUP
START GROUP
LOAD c:/st/stm32cubeide_1.10.1/stm32cubeide/plugins/com.st.stm32cube.ide.mcu.externaltools.gnu-tools-for-stm32.10.3-2021.10.win32_1.0.0.202111181127/tools/bin/../lib/gcc/arm-none-eabi/10.3.1/thumb/v7e-m+fp/hard\libgcc.a
LOAD c:/st/stm32cubeide_1.10.1/stm32cubeide/plugins/com.st.stm32cube.ide.mcu.externaltools.gnu-tools-for-stm32.10.3-2021.10.win32_1.0.0.202111181127/tools/bin/../lib/gcc/arm-none-eabi/10.3.1/../../../../arm-none-eabi/lib/thumb/v7e-m+fp/hard\libc_nano.a
LOAD c:/st/stm32cubeide_1.10.1/stm32cubeide/plugins/com.st.stm32cube.ide.mcu.externaltools.gnu-tools-for-stm32.10.3-2021.10.win32_1.0.0.202111181127/tools/bin/../lib/gcc/arm-none-eabi/10.3.1/../../../../arm-none-eabi/lib/thumb/v7e-m+fp/hard\libnosys.a
END GROUP
LOAD c:/st/stm32cubeide_1.10.1/stm32cubeide/plugins/com.st.stm32cube.ide.mcu.externaltools.gnu-tools-for-stm32.10.3-2021.10.win32_1.0.0.202111181127/tools/bin/../lib/gcc/arm-none-eabi/10.3.1/thumb/v7e-m+fp/hard/crtend.o
LOAD c:/st/stm32cubeide_1.10.1/stm32cubeide/plugins/com.st.stm32cube.ide.mcu.externaltools.gnu-tools-for-stm32.10.3-2021.10.win32_1.0.0.202111181127/tools/bin/../lib/gcc/arm-none-eabi/10.3.1/thumb/v7e-m+fp/hard/crtn.o
                0x0000000020010000                _estack = (ORIGIN (RAM) + LENGTH (RAM))
                0x0000000000000200                _Min_Heap_Size = 0x200
                0x0000000000000400                _Min_Stack_Size = 0x400

.isr_vector     0x0000000008000000      0x18c
                0x0000000008000000                . = ALIGN (0x4)
 *(.isr_vector)
 .isr_vector    0x0000000008000000      0x18c ./Core/Startup/startup_stm32l433rctx.o
                0x0000000008000000                g_pfnVectors
                0x000000000800018c                . = ALIGN (0x4)

.text           0x0000000008000190    0x10d58
                0x0000000008000190                . = ALIGN (0x4)
 *(.text)
 .text          0x0000000008000190       0x40 c:/st/stm32cubeide_1.10.1/stm32cubeide/plugins/com.st.stm32cube.ide.mcu.externaltools.gnu-tools-for-stm32.10.3-2021.10.win32_1.0.0.202111181127/tools/bin/../lib/gcc/arm-none-eabi/10.3.1/thumb/v7e-m+fp/hard/crtbegin.o
 .text          0x00000000080001d0       0x10 c:/st/stm32cubeide_1.10.1/stm32cubeide/plugins/com.st.stm32cube.ide.mcu.externaltools.gnu-tools-for-stm32.10.3-2021.10.win32_1.0.0.202111181127/tools/bin/../lib/gcc/arm-none-eabi/10.3.1/../../../../arm-none-eabi/lib/thumb/v7e-m+fp/hard\libc_nano.a(lib_a-strlen.o)
                0x00000000080001d0                strlen
 .text          0x00000000080001e0       0xa0 c:/st/stm32cubeide_1.10.1/stm32cubeide/plugins/com.st.stm32cube.ide.mcu.externaltools.gnu-tools-for-stm32.10.3-2021.10.win32_1.0.0.202111181127/tools/bin/../lib/gcc/arm-none-eabi/10.3.1/../../../../arm-none-eabi/lib/thumb/v7e-m+fp/hard\libc_nano.a(lib_a-memchr.o)
                0x00000000080001e0                memchr
 .text          0x0000000008000280       0x30 c:/st/stm32cubeide_1.10.1/stm32cubeide/plugins/com.st.stm32cube.ide.mcu.externaltools.gnu-tools-for-stm32.10.3-2021.10.win32_1.0.0.202111181127/tools/bin/../lib/gcc/arm-none-eabi/10.3.1/thumb/v7e-m+fp/hard\libgcc.a(_aeabi_uldivmod.o)
                0x0000000008000280                __aeabi_uldivmod
 .text          0x00000000080002b0      0x2d0 c:/st/stm32cubeide_1.10.1/stm32cubeide/plugins/com.st.stm32cube.ide.mcu.externaltools.gnu-tools-for-stm32.10.3-2021.10.win32_1.0.0.202111181127/tools/bin/../lib/gcc/arm-none-eabi/10.3.1/thumb/v7e-m+fp/hard\libgcc.a(_udivmoddi4.o)
                0x00000000080002b0                __udivmoddi4
 .text          0x0000000008000580        0x4 c:/st/stm32cubeide_1.10.1/stm32cubeide/plugins/com.st.stm32cube.ide.mcu.externaltools.gnu-tools-for-stm32.10.3-2021.10.win32_1.0.0.202111181127/tools/bin/../lib/gcc/arm-none-eabi/10.3.1/thumb/v7e-m+fp/hard\libgcc.a(_dvmd_tls.o)
                0x0000000008000580                __aeabi_idiv0
                0x0000000008000580                __aeabi_ldiv0
 *(.text*)
 .text.ESPRXDataSeg
                0x0000000008000584      0x460 ./Core/Src/ESP8266/esp8266_rx.o
                0x0000000008000584                ESPRXDataSeg
 .text.ESPRxDecoder
                0x00000000080009e4     0x13a0 ./Core/Src/ESP8266/esp8266_rx.o
                0x00000000080009e4                ESPRxDecoder
 .text.DecToASCIIFun
                0x0000000008001d84       0xe4 ./Core/Src/ESP8266/esp8266_rx.o
                0x0000000008001d84                DecToASCIIFun
 .text.HAL_TIM_PeriodElapsedCallback
                0x0000000008001e68       0xfc ./Core/Src/TimerIntHandler.o
                0x0000000008001e68                HAL_TIM_PeriodElapsedCallback
 .text.HAL_UART_RxCpltCallback
                0x0000000008001f64      0x134 ./Core/Src/UARTTxRxHandle.o
                0x0000000008001f64                HAL_UART_RxCpltCallback
 .text.DwinFrameDecode
                0x0000000008002098      0x11c ./Core/Src/UARTTxRxHandle.o
                0x0000000008002098                DwinFrameDecode
 .text.main     0x00000000080021b4       0xa4 ./Core/Src/main.o
                0x00000000080021b4                main
 .text.SystemClock_Config
                0x0000000008002258       0xa4 ./Core/Src/main.o
                0x0000000008002258                SystemClock_Config
 .text.MX_I2C1_Init
                0x00000000080022fc       0x80 ./Core/Src/main.o
 .text.MX_LPUART1_UART_Init
                0x000000000800237c       0x58 ./Core/Src/main.o
 .text.MX_USART1_UART_Init
                0x00000000080023d4       0x60 ./Core/Src/main.o
 .text.MX_USART2_UART_Init
                0x0000000008002434       0x60 ./Core/Src/main.o
 .text.MX_SPI1_Init
                0x0000000008002494       0x90 ./Core/Src/main.o
 .text.MX_SPI2_Init
                0x0000000008002524       0x90 ./Core/Src/main.o
 .text.MX_TIM1_Init
                0x00000000080025b4       0xa8 ./Core/Src/main.o
 .text.MX_TIM6_Init
                0x000000000800265c       0x6c ./Core/Src/main.o
 .text.MX_TIM7_Init
                0x00000000080026c8       0x70 ./Core/Src/main.o
 .text.MX_GPIO_Init
                0x0000000008002738      0x1e4 ./Core/Src/main.o
 .text.Error_Handler
                0x000000000800291c        0xa ./Core/Src/main.o
                0x000000000800291c                Error_Handler
 *fill*         0x0000000008002926        0x2 
 .text.HAL_MspInit
                0x0000000008002928       0x48 ./Core/Src/stm32l4xx_hal_msp.o
                0x0000000008002928                HAL_MspInit
 .text.HAL_I2C_MspInit
                0x0000000008002970       0xb8 ./Core/Src/stm32l4xx_hal_msp.o
                0x0000000008002970                HAL_I2C_MspInit
 .text.HAL_UART_MspInit
                0x0000000008002a28      0x1fc ./Core/Src/stm32l4xx_hal_msp.o
                0x0000000008002a28                HAL_UART_MspInit
 .text.HAL_SPI_MspInit
                0x0000000008002c24       0xec ./Core/Src/stm32l4xx_hal_msp.o
                0x0000000008002c24                HAL_SPI_MspInit
 .text.HAL_TIM_Base_MspInit
                0x0000000008002d10       0xac ./Core/Src/stm32l4xx_hal_msp.o
                0x0000000008002d10                HAL_TIM_Base_MspInit
 .text.NMI_Handler
                0x0000000008002dbc        0x6 ./Core/Src/stm32l4xx_it.o
                0x0000000008002dbc                NMI_Handler
 .text.HardFault_Handler
                0x0000000008002dc2        0x6 ./Core/Src/stm32l4xx_it.o
                0x0000000008002dc2                HardFault_Handler
 .text.MemManage_Handler
                0x0000000008002dc8        0x6 ./Core/Src/stm32l4xx_it.o
                0x0000000008002dc8                MemManage_Handler
 .text.BusFault_Handler
                0x0000000008002dce        0x6 ./Core/Src/stm32l4xx_it.o
                0x0000000008002dce                BusFault_Handler
 .text.UsageFault_Handler
                0x0000000008002dd4        0x6 ./Core/Src/stm32l4xx_it.o
                0x0000000008002dd4                UsageFault_Handler
 .text.SVC_Handler
                0x0000000008002dda        0xe ./Core/Src/stm32l4xx_it.o
                0x0000000008002dda                SVC_Handler
 .text.DebugMon_Handler
                0x0000000008002de8        0xe ./Core/Src/stm32l4xx_it.o
                0x0000000008002de8                DebugMon_Handler
 .text.PendSV_Handler
                0x0000000008002df6        0xe ./Core/Src/stm32l4xx_it.o
                0x0000000008002df6                PendSV_Handler
 .text.SysTick_Handler
                0x0000000008002e04        0xc ./Core/Src/stm32l4xx_it.o
                0x0000000008002e04                SysTick_Handler
 .text.USART1_IRQHandler
                0x0000000008002e10       0x14 ./Core/Src/stm32l4xx_it.o
                0x0000000008002e10                USART1_IRQHandler
 .text.USART2_IRQHandler
                0x0000000008002e24       0x14 ./Core/Src/stm32l4xx_it.o
                0x0000000008002e24                USART2_IRQHandler
 .text.TIM6_DAC_IRQHandler
                0x0000000008002e38       0x14 ./Core/Src/stm32l4xx_it.o
                0x0000000008002e38                TIM6_DAC_IRQHandler
 .text.TIM7_IRQHandler
                0x0000000008002e4c       0x14 ./Core/Src/stm32l4xx_it.o
                0x0000000008002e4c                TIM7_IRQHandler
 .text.LPUART1_IRQHandler
                0x0000000008002e60       0x14 ./Core/Src/stm32l4xx_it.o
                0x0000000008002e60                LPUART1_IRQHandler
 .text._sbrk    0x0000000008002e74       0x6c ./Core/Src/sysmem.o
                0x0000000008002e74                _sbrk
 .text.SystemInit
                0x0000000008002ee0       0x24 ./Core/Src/system_stm32l4xx.o
                0x0000000008002ee0                SystemInit
 .text.bcd2bin  0x0000000008002f04       0x32 ./Core/Src/RTC/ds1307.o
                0x0000000008002f04                bcd2bin
 *fill*         0x0000000008002f36        0x2 
 .text.bin2bcd  0x0000000008002f38       0x48 ./Core/Src/RTC/ds1307.o
                0x0000000008002f38                bin2bcd
 .text.rtc_get_time
                0x0000000008002f80       0x68 ./Core/Src/RTC/ds1307.o
                0x0000000008002f80                rtc_get_time
 .text.rtc_set_time
                0x0000000008002fe8       0x60 ./Core/Src/RTC/ds1307.o
                0x0000000008002fe8                rtc_set_time
 .text.rtc_get_date
                0x0000000008003048       0x74 ./Core/Src/RTC/ds1307.o
                0x0000000008003048                rtc_get_date
 .text.rtc_set_date
                0x00000000080030bc       0x70 ./Core/Src/RTC/ds1307.o
                0x00000000080030bc                rtc_set_date
 .text.W25qxx_Spi
                0x000000000800312c       0x2c ./Core/Src/W25Q64/w25qxx.o
                0x000000000800312c                W25qxx_Spi
 .text.W25qxx_ReadID
                0x0000000008003158       0x6c ./Core/Src/W25Q64/w25qxx.o
                0x0000000008003158                W25qxx_ReadID
 .text.W25qxx_ReadUniqID
                0x00000000080031c4       0x6c ./Core/Src/W25Q64/w25qxx.o
                0x00000000080031c4                W25qxx_ReadUniqID
 .text.W25qxx_WriteEnable
                0x0000000008003230       0x2c ./Core/Src/W25Q64/w25qxx.o
                0x0000000008003230                W25qxx_WriteEnable
 .text.W25qxx_ReadStatusRegister
                0x000000000800325c       0x8c ./Core/Src/W25Q64/w25qxx.o
                0x000000000800325c                W25qxx_ReadStatusRegister
 .text.W25qxx_WaitForWriteEnd
                0x00000000080032e8       0x54 ./Core/Src/W25Q64/w25qxx.o
                0x00000000080032e8                W25qxx_WaitForWriteEnd
 .text.W25qxx_Init
                0x000000000800333c      0x1a4 ./Core/Src/W25Q64/w25qxx.o
                0x000000000800333c                W25qxx_Init
 .text.W25qxx_EraseSector
                0x00000000080034e0       0xb0 ./Core/Src/W25Q64/w25qxx.o
                0x00000000080034e0                W25qxx_EraseSector
 .text.W25qxx_SectorToPage
                0x0000000008003590       0x2c ./Core/Src/W25Q64/w25qxx.o
                0x0000000008003590                W25qxx_SectorToPage
 .text.W25qxx_IsEmptySector
                0x00000000080035bc      0x1d4 ./Core/Src/W25Q64/w25qxx.o
                0x00000000080035bc                W25qxx_IsEmptySector
 .text.W25qxx_WritePage
                0x0000000008003790      0x108 ./Core/Src/W25Q64/w25qxx.o
                0x0000000008003790                W25qxx_WritePage
 .text.W25qxx_WriteSector
                0x0000000008003898       0xc4 ./Core/Src/W25Q64/w25qxx.o
                0x0000000008003898                W25qxx_WriteSector
 .text.W25qxx_ReadPage
                0x000000000800395c       0xfc ./Core/Src/W25Q64/w25qxx.o
                0x000000000800395c                W25qxx_ReadPage
 .text.W25qxx_ReadSector
                0x0000000008003a58       0xc4 ./Core/Src/W25Q64/w25qxx.o
                0x0000000008003a58                W25qxx_ReadSector
 .text.Reset_Handler
                0x0000000008003b1c       0x50 ./Core/Startup/startup_stm32l433rctx.o
                0x0000000008003b1c                Reset_Handler
 .text.Default_Handler
                0x0000000008003b6c        0x2 ./Core/Startup/startup_stm32l433rctx.o
                0x0000000008003b6c                RTC_Alarm_IRQHandler
                0x0000000008003b6c                EXTI2_IRQHandler
                0x0000000008003b6c                TIM1_CC_IRQHandler
                0x0000000008003b6c                TSC_IRQHandler
                0x0000000008003b6c                TAMP_STAMP_IRQHandler
                0x0000000008003b6c                EXTI3_IRQHandler
                0x0000000008003b6c                LPTIM2_IRQHandler
                0x0000000008003b6c                I2C3_ER_IRQHandler
                0x0000000008003b6c                EXTI0_IRQHandler
                0x0000000008003b6c                I2C2_EV_IRQHandler
                0x0000000008003b6c                CAN1_RX0_IRQHandler
                0x0000000008003b6c                FPU_IRQHandler
                0x0000000008003b6c                TIM1_UP_TIM16_IRQHandler
                0x0000000008003b6c                SPI1_IRQHandler
                0x0000000008003b6c                DMA2_Channel2_IRQHandler
                0x0000000008003b6c                DMA1_Channel4_IRQHandler
                0x0000000008003b6c                ADC1_IRQHandler
                0x0000000008003b6c                USART3_IRQHandler
                0x0000000008003b6c                DMA1_Channel7_IRQHandler
                0x0000000008003b6c                CAN1_RX1_IRQHandler
                0x0000000008003b6c                LCD_IRQHandler
                0x0000000008003b6c                DMA2_Channel1_IRQHandler
                0x0000000008003b6c                QUADSPI_IRQHandler
                0x0000000008003b6c                I2C1_EV_IRQHandler
                0x0000000008003b6c                DMA1_Channel6_IRQHandler
                0x0000000008003b6c                DMA2_Channel4_IRQHandler
                0x0000000008003b6c                RCC_IRQHandler
                0x0000000008003b6c                TIM1_TRG_COM_IRQHandler
                0x0000000008003b6c                DMA1_Channel1_IRQHandler
                0x0000000008003b6c                Default_Handler
                0x0000000008003b6c                DMA2_Channel7_IRQHandler
                0x0000000008003b6c                EXTI15_10_IRQHandler
                0x0000000008003b6c                SDMMC1_IRQHandler
                0x0000000008003b6c                I2C3_EV_IRQHandler
                0x0000000008003b6c                USB_IRQHandler
                0x0000000008003b6c                EXTI9_5_IRQHandler
                0x0000000008003b6c                RTC_WKUP_IRQHandler
                0x0000000008003b6c                PVD_PVM_IRQHandler
                0x0000000008003b6c                SPI2_IRQHandler
                0x0000000008003b6c                CAN1_TX_IRQHandler
                0x0000000008003b6c                DMA2_Channel5_IRQHandler
                0x0000000008003b6c                CRS_IRQHandler
                0x0000000008003b6c                DMA1_Channel5_IRQHandler
                0x0000000008003b6c                EXTI4_IRQHandler
                0x0000000008003b6c                RNG_IRQHandler
                0x0000000008003b6c                DMA1_Channel3_IRQHandler
                0x0000000008003b6c                COMP_IRQHandler
                0x0000000008003b6c                WWDG_IRQHandler
                0x0000000008003b6c                DMA2_Channel6_IRQHandler
                0x0000000008003b6c                TIM2_IRQHandler
                0x0000000008003b6c                EXTI1_IRQHandler
                0x0000000008003b6c                I2C2_ER_IRQHandler
                0x0000000008003b6c                DMA1_Channel2_IRQHandler
                0x0000000008003b6c                CAN1_SCE_IRQHandler
                0x0000000008003b6c                FLASH_IRQHandler
                0x0000000008003b6c                SPI3_IRQHandler
                0x0000000008003b6c                I2C1_ER_IRQHandler
                0x0000000008003b6c                SWPMI1_IRQHandler
                0x0000000008003b6c                LPTIM1_IRQHandler
                0x0000000008003b6c                SAI1_IRQHandler
                0x0000000008003b6c                DMA2_Channel3_IRQHandler
                0x0000000008003b6c                TIM1_BRK_TIM15_IRQHandler
 *fill*         0x0000000008003b6e        0x2 
 .text._ZN9LpdcLogicC2Ev
                0x0000000008003b70       0x28 ./Core/srccpp/Bussinesslogic/LpdcLogic.o
                0x0000000008003b70                LpdcLogic::LpdcLogic()
                0x0000000008003b70                LpdcLogic::LpdcLogic()
 .text._ZN9LpdcLogicD2Ev
                0x0000000008003b98       0x20 ./Core/srccpp/Bussinesslogic/LpdcLogic.o
                0x0000000008003b98                LpdcLogic::~LpdcLogic()
                0x0000000008003b98                LpdcLogic::~LpdcLogic()
 .text._ZN9LpdcLogicD0Ev
                0x0000000008003bb8       0x20 ./Core/srccpp/Bussinesslogic/LpdcLogic.o
                0x0000000008003bb8                LpdcLogic::~LpdcLogic()
 .text._ZN9LpdcLogic3runEv
                0x0000000008003bd8       0x34 ./Core/srccpp/Bussinesslogic/LpdcLogic.o
                0x0000000008003bd8                LpdcLogic::run()
 .text._ZN9LpdcLogic11shiftChangeEv
                0x0000000008003c0c       0x80 ./Core/srccpp/Bussinesslogic/LpdcLogic.o
                0x0000000008003c0c                LpdcLogic::shiftChange()
 .text._ZN9LpdcLogic13productChangeEv
                0x0000000008003c8c       0x70 ./Core/srccpp/Bussinesslogic/LpdcLogic.o
                0x0000000008003c8c                LpdcLogic::productChange()
 .text._ZN9LpdcLogic10productionEv
                0x0000000008003cfc       0x98 ./Core/srccpp/Bussinesslogic/LpdcLogic.o
                0x0000000008003cfc                LpdcLogic::production()
 .text._ZN9LpdcLogic15manualRejectionEv
                0x0000000008003d94       0x7c ./Core/srccpp/Bussinesslogic/LpdcLogic.o
                0x0000000008003d94                LpdcLogic::manualRejection()
 .text._ZN9LpdcLogic13mAlarmControlEv
                0x0000000008003e10       0x14 ./Core/srccpp/Bussinesslogic/LpdcLogic.o
                0x0000000008003e10                LpdcLogic::mAlarmControl()
 .text._ZN9LpdcLogic14machineControlEv
                0x0000000008003e24       0xac ./Core/srccpp/Bussinesslogic/LpdcLogic.o
                0x0000000008003e24                LpdcLogic::machineControl()
 .text._ZN6commonC2Ev
                0x0000000008003ed0       0x20 ./Core/srccpp/Common/common.o
                0x0000000008003ed0                common::common()
                0x0000000008003ed0                common::common()
 .text._ZN6commonD2Ev
                0x0000000008003ef0       0x20 ./Core/srccpp/Common/common.o
                0x0000000008003ef0                common::~common()
                0x0000000008003ef0                common::~common()
 .text._ZN6commonD0Ev
                0x0000000008003f10       0x20 ./Core/srccpp/Common/common.o
                0x0000000008003f10                common::~common()
 .text._ZN14DisplayRoutineC2Ev
                0x0000000008003f30       0xc4 ./Core/srccpp/DisplayCPP/DisplayRoutine.o
                0x0000000008003f30                DisplayRoutine::DisplayRoutine()
                0x0000000008003f30                DisplayRoutine::DisplayRoutine()
 .text._ZN14DisplayRoutineD2Ev
                0x0000000008003ff4       0x28 ./Core/srccpp/DisplayCPP/DisplayRoutine.o
                0x0000000008003ff4                DisplayRoutine::~DisplayRoutine()
                0x0000000008003ff4                DisplayRoutine::~DisplayRoutine()
 .text._ZN14DisplayRoutineD0Ev
                0x000000000800401c       0x22 ./Core/srccpp/DisplayCPP/DisplayRoutine.o
                0x000000000800401c                DisplayRoutine::~DisplayRoutine()
 *fill*         0x000000000800403e        0x2 
 .text._ZN14DisplayRoutine3runEv
                0x0000000008004040      0x18c ./Core/srccpp/DisplayCPP/DisplayRoutine.o
                0x0000000008004040                DisplayRoutine::run()
 .text._ZN14DisplayRoutine11value2DigitEhhh
                0x00000000080041cc       0x80 ./Core/srccpp/DisplayCPP/DisplayRoutine.o
                0x00000000080041cc                DisplayRoutine::value2Digit(unsigned char, unsigned char, unsigned char)
 .text._ZN14DisplayRoutine11value4DigitEthh
                0x000000000800424c       0xe0 ./Core/srccpp/DisplayCPP/DisplayRoutine.o
                0x000000000800424c                DisplayRoutine::value4Digit(unsigned short, unsigned char, unsigned char)
 .text._ZN14DisplayRoutine4InitEv
                0x000000000800432c       0x30 ./Core/srccpp/DisplayCPP/DisplayRoutine.o
                0x000000000800432c                DisplayRoutine::Init()
 .text._ZN6common26ReadtheValueAssignPinstateEhh
                0x000000000800435c       0x3e ./Core/srccpp/DisplayCPP/GLCD.o
                0x000000000800435c                common::ReadtheValueAssignPinstate(unsigned char, unsigned char)
 *fill*         0x000000000800439a        0x2 
 .text._ZN4GLCDC2Ev
                0x000000000800439c     0x3ef8 ./Core/srccpp/DisplayCPP/GLCD.o
                0x000000000800439c                GLCD::GLCD()
                0x000000000800439c                GLCD::GLCD()
 .text._ZN4GLCDD2Ev
                0x0000000008008294       0x24 ./Core/srccpp/DisplayCPP/GLCD.o
                0x0000000008008294                GLCD::~GLCD()
                0x0000000008008294                GLCD::~GLCD()
 .text._ZN4GLCDD0Ev
                0x00000000080082b8       0x22 ./Core/srccpp/DisplayCPP/GLCD.o
                0x00000000080082b8                GLCD::~GLCD()
 *fill*         0x00000000080082da        0x2 
 .text._ZN4GLCD9m_ctrloffEv
                0x00000000080082dc       0x54 ./Core/srccpp/DisplayCPP/GLCD.o
                0x00000000080082dc                GLCD::m_ctrloff()
 .text._ZN4GLCD7m_delayEjh
                0x0000000008008330       0x42 ./Core/srccpp/DisplayCPP/GLCD.o
                0x0000000008008330                GLCD::m_delay(unsigned int, unsigned char)
 *fill*         0x0000000008008372        0x2 
 .text._ZN4GLCD16m_IOWritethedataEh
                0x0000000008008374       0xe4 ./Core/srccpp/DisplayCPP/GLCD.o
                0x0000000008008374                GLCD::m_IOWritethedata(unsigned char)
 .text._ZN4GLCD11m_displayonEv
                0x0000000008008458       0x78 ./Core/srccpp/DisplayCPP/GLCD.o
                0x0000000008008458                GLCD::m_displayon()
 .text._ZN4GLCD11m_setcolumnEh
                0x00000000080084d0      0x108 ./Core/srccpp/DisplayCPP/GLCD.o
                0x00000000080084d0                GLCD::m_setcolumn(unsigned char)
 .text._ZN4GLCD9m_setpageEh
                0x00000000080085d8       0x84 ./Core/srccpp/DisplayCPP/GLCD.o
                0x00000000080085d8                GLCD::m_setpage(unsigned char)
 .text._ZN4GLCD14m_setstartlineEh
                0x000000000800865c       0x84 ./Core/srccpp/DisplayCPP/GLCD.o
                0x000000000800865c                GLCD::m_setstartline(unsigned char)
 .text._ZN4GLCD9m_lcddataEPht
                0x00000000080086e0      0x134 ./Core/srccpp/DisplayCPP/GLCD.o
                0x00000000080086e0                GLCD::m_lcddata(unsigned char*, unsigned short)
 .text._ZN4GLCD10m_lcdputs1EhhPc
                0x0000000008008814       0x80 ./Core/srccpp/DisplayCPP/GLCD.o
                0x0000000008008814                GLCD::m_lcdputs1(unsigned char, unsigned char, char*)
 .text._ZN4GLCD8m_clrlcdEv
                0x0000000008008894       0x56 ./Core/srccpp/DisplayCPP/GLCD.o
                0x0000000008008894                GLCD::m_clrlcd()
 *fill*         0x00000000080088ea        0x2 
 .text._ZN7DwinhmiC2Ev
                0x00000000080088ec       0x28 ./Core/srccpp/Dwin/Dwinhmi.o
                0x00000000080088ec                Dwinhmi::Dwinhmi()
                0x00000000080088ec                Dwinhmi::Dwinhmi()
 .text._ZN7DwinhmiD2Ev
                0x0000000008008914       0x20 ./Core/srccpp/Dwin/Dwinhmi.o
                0x0000000008008914                Dwinhmi::~Dwinhmi()
                0x0000000008008914                Dwinhmi::~Dwinhmi()
 .text._ZN7DwinhmiD0Ev
                0x0000000008008934       0x20 ./Core/srccpp/Dwin/Dwinhmi.o
                0x0000000008008934                Dwinhmi::~Dwinhmi()
 .text._ZN7Dwinhmi9dwinFrameEv
                0x0000000008008954      0x364 ./Core/srccpp/Dwin/Dwinhmi.o
                0x0000000008008954                Dwinhmi::dwinFrame()
 .text._ZN7Dwinhmi11dwinDecoderEv
                0x0000000008008cb8      0x1dc ./Core/srccpp/Dwin/Dwinhmi.o
                0x0000000008008cb8                Dwinhmi::dwinDecoder()
 .text._ZN10W5500ClassC2Ev
                0x0000000008008e94       0x20 ./Core/srccpp/Ethernet/W5500.o
                0x0000000008008e94                W5500Class::W5500Class()
                0x0000000008008e94                W5500Class::W5500Class()
 .text._ZN10W5500ClassD2Ev
                0x0000000008008eb4       0x20 ./Core/srccpp/Ethernet/W5500.o
                0x0000000008008eb4                W5500Class::~W5500Class()
                0x0000000008008eb4                W5500Class::~W5500Class()
 .text._ZN10W5500ClassD0Ev
                0x0000000008008ed4       0x20 ./Core/srccpp/Ethernet/W5500.o
                0x0000000008008ed4                W5500Class::~W5500Class()
 .text._Z41__static_initialization_and_destruction_0ii
                0x0000000008008ef4       0x44 ./Core/srccpp/Ethernet/W5500.o
 .text._GLOBAL__sub_I_w5500
                0x0000000008008f38       0x10 ./Core/srccpp/Ethernet/W5500.o
 .text._GLOBAL__sub_D_w5500
                0x0000000008008f48       0x10 ./Core/srccpp/Ethernet/W5500.o
 .text._ZN9ModbusrtuC2Ev
                0x0000000008008f58       0x50 ./Core/srccpp/Modbus/Modbusrtu.o
                0x0000000008008f58                Modbusrtu::Modbusrtu()
                0x0000000008008f58                Modbusrtu::Modbusrtu()
 .text._ZN9ModbusrtuD2Ev
                0x0000000008008fa8       0x20 ./Core/srccpp/Modbus/Modbusrtu.o
                0x0000000008008fa8                Modbusrtu::~Modbusrtu()
                0x0000000008008fa8                Modbusrtu::~Modbusrtu()
 .text._ZN9ModbusrtuD0Ev
                0x0000000008008fc8       0x22 ./Core/srccpp/Modbus/Modbusrtu.o
                0x0000000008008fc8                Modbusrtu::~Modbusrtu()
 *fill*         0x0000000008008fea        0x2 
 .text._ZN9Modbusrtu21ModbusReadTransactionEv
                0x0000000008008fec      0x2b0 ./Core/srccpp/Modbus/Modbusrtu.o
                0x0000000008008fec                Modbusrtu::ModbusReadTransaction()
 .text.HAL_UART_TxCpltCallback
                0x000000000800929c       0x24 ./Core/srccpp/Modbus/Modbusrtu.o
                0x000000000800929c                HAL_UART_TxCpltCallback
 .text._ZN9Modbusrtu11ASCChecksumEPhh
                0x00000000080092c0       0x72 ./Core/srccpp/Modbus/Modbusrtu.o
                0x00000000080092c0                Modbusrtu::ASCChecksum(unsigned char*, unsigned char)
 *fill*         0x0000000008009332        0x2 
 .text._ZN14OfflineStorageC2Ev
                0x0000000008009334       0x20 ./Core/srccpp/OfflineStorage/OfflineStorage.o
                0x0000000008009334                OfflineStorage::OfflineStorage()
                0x0000000008009334                OfflineStorage::OfflineStorage()
 .text._ZN14OfflineStorageD2Ev
                0x0000000008009354       0x20 ./Core/srccpp/OfflineStorage/OfflineStorage.o
                0x0000000008009354                OfflineStorage::~OfflineStorage()
                0x0000000008009354                OfflineStorage::~OfflineStorage()
 .text._ZN14OfflineStorageD0Ev
                0x0000000008009374       0x20 ./Core/srccpp/OfflineStorage/OfflineStorage.o
                0x0000000008009374                OfflineStorage::~OfflineStorage()
 .text._ZN14OfflineStorage3runEv
                0x0000000008009394      0x4b4 ./Core/srccpp/OfflineStorage/OfflineStorage.o
                0x0000000008009394                OfflineStorage::run()
 .text._ZN14OfflineStorage19specialMacDataWriteEv
                0x0000000008009848       0x60 ./Core/srccpp/OfflineStorage/OfflineStorage.o
                0x0000000008009848                OfflineStorage::specialMacDataWrite()
 .text._ZN14OfflineStorage15dwinRxDataStoreEv
                0x00000000080098a8       0x80 ./Core/srccpp/OfflineStorage/OfflineStorage.o
                0x00000000080098a8                OfflineStorage::dwinRxDataStore()
 .text._ZN14OfflineStorage16processDataWriteEv
                0x0000000008009928       0xe8 ./Core/srccpp/OfflineStorage/OfflineStorage.o
                0x0000000008009928                OfflineStorage::processDataWrite()
 .text._ZN14OfflineStorage18specialMacDataReadEv
                0x0000000008009a10       0x4c ./Core/srccpp/OfflineStorage/OfflineStorage.o
                0x0000000008009a10                OfflineStorage::specialMacDataRead()
 .text._ZN14OfflineStorage14dwinRxDataReadEv
                0x0000000008009a5c       0x74 ./Core/srccpp/OfflineStorage/OfflineStorage.o
                0x0000000008009a5c                OfflineStorage::dwinRxDataRead()
 .text._ZN14OfflineStorage15processDataReadEv
                0x0000000008009ad0       0xb8 ./Core/srccpp/OfflineStorage/OfflineStorage.o
                0x0000000008009ad0                OfflineStorage::processDataRead()
 .text._ZN14OfflineStorage19ReadOfflinedataInitEv
                0x0000000008009b88      0x148 ./Core/srccpp/OfflineStorage/OfflineStorage.o
                0x0000000008009b88                OfflineStorage::ReadOfflinedataInit()
 .text._ZN5SHIFTC2Ev
                0x0000000008009cd0       0x20 ./Core/srccpp/Shift/SHIFT.o
                0x0000000008009cd0                SHIFT::SHIFT()
                0x0000000008009cd0                SHIFT::SHIFT()
 .text._ZN5SHIFTD2Ev
                0x0000000008009cf0       0x20 ./Core/srccpp/Shift/SHIFT.o
                0x0000000008009cf0                SHIFT::~SHIFT()
                0x0000000008009cf0                SHIFT::~SHIFT()
 .text._ZN5SHIFTD0Ev
                0x0000000008009d10       0x20 ./Core/srccpp/Shift/SHIFT.o
                0x0000000008009d10                SHIFT::~SHIFT()
 .text._ZN5SHIFT16shiftCalculationEv
                0x0000000008009d30      0x1c8 ./Core/srccpp/Shift/SHIFT.o
                0x0000000008009d30                SHIFT::shiftCalculation()
 .text._ZN5SHIFT3runEv
                0x0000000008009ef8       0x16 ./Core/srccpp/Shift/SHIFT.o
                0x0000000008009ef8                SHIFT::run()
 *fill*         0x0000000008009f0e        0x2 
 .text._ZN7ESP8266C2Ev
                0x0000000008009f10      0x378 ./Core/srccpp/WifiEsp8266/ESP8266.o
                0x0000000008009f10                ESP8266::ESP8266()
                0x0000000008009f10                ESP8266::ESP8266()
 .text._ZN7ESP8266D2Ev
                0x000000000800a288       0x20 ./Core/srccpp/WifiEsp8266/ESP8266.o
                0x000000000800a288                ESP8266::~ESP8266()
                0x000000000800a288                ESP8266::~ESP8266()
 .text._ZN7ESP8266D0Ev
                0x000000000800a2a8       0x22 ./Core/srccpp/WifiEsp8266/ESP8266.o
                0x000000000800a2a8                ESP8266::~ESP8266()
 .text._ZN7ESP82663runEv
                0x000000000800a2ca       0x1c ./Core/srccpp/WifiEsp8266/ESP8266.o
                0x000000000800a2ca                ESP8266::run()
 *fill*         0x000000000800a2e6        0x2 
 .text._ZN7ESP826612Send_WifiCmdEv
                0x000000000800a2e8      0x820 ./Core/srccpp/WifiEsp8266/ESP8266.o
                0x000000000800a2e8                ESP8266::Send_WifiCmd()
 .text._ZN7ESP826615RefreshWifiDataEv
                0x000000000800ab08      0x270 ./Core/srccpp/WifiEsp8266/ESP8266.o
                0x000000000800ab08                ESP8266::RefreshWifiData()
 .text._ZN7ESP82664InitEv
                0x000000000800ad78       0x7c ./Core/srccpp/WifiEsp8266/ESP8266.o
                0x000000000800ad78                ESP8266::Init()
 .text.cppMain  0x000000000800adf4      0x180 ./Core/srccpp/main.o
                0x000000000800adf4                cppMain
 .text.HAL_Init
                0x000000000800af74       0x30 ./Drivers/STM32L4xx_HAL_Driver/Src/stm32l4xx_hal.o
                0x000000000800af74                HAL_Init
 .text.HAL_InitTick
                0x000000000800afa4       0x78 ./Drivers/STM32L4xx_HAL_Driver/Src/stm32l4xx_hal.o
                0x000000000800afa4                HAL_InitTick
 .text.HAL_IncTick
                0x000000000800b01c       0x28 ./Drivers/STM32L4xx_HAL_Driver/Src/stm32l4xx_hal.o
                0x000000000800b01c                HAL_IncTick
 .text.HAL_GetTick
                0x000000000800b044       0x18 ./Drivers/STM32L4xx_HAL_Driver/Src/stm32l4xx_hal.o
                0x000000000800b044                HAL_GetTick
 .text.HAL_Delay
                0x000000000800b05c       0x48 ./Drivers/STM32L4xx_HAL_Driver/Src/stm32l4xx_hal.o
                0x000000000800b05c                HAL_Delay
 .text.__NVIC_SetPriorityGrouping
                0x000000000800b0a4       0x48 ./Drivers/STM32L4xx_HAL_Driver/Src/stm32l4xx_hal_cortex.o
 .text.__NVIC_GetPriorityGrouping
                0x000000000800b0ec       0x1c ./Drivers/STM32L4xx_HAL_Driver/Src/stm32l4xx_hal_cortex.o
 .text.__NVIC_EnableIRQ
                0x000000000800b108       0x3c ./Drivers/STM32L4xx_HAL_Driver/Src/stm32l4xx_hal_cortex.o
 .text.__NVIC_SetPriority
                0x000000000800b144       0x54 ./Drivers/STM32L4xx_HAL_Driver/Src/stm32l4xx_hal_cortex.o
 .text.NVIC_EncodePriority
                0x000000000800b198       0x66 ./Drivers/STM32L4xx_HAL_Driver/Src/stm32l4xx_hal_cortex.o
 *fill*         0x000000000800b1fe        0x2 
 .text.SysTick_Config
                0x000000000800b200       0x44 ./Drivers/STM32L4xx_HAL_Driver/Src/stm32l4xx_hal_cortex.o
 .text.HAL_NVIC_SetPriorityGrouping
                0x000000000800b244       0x16 ./Drivers/STM32L4xx_HAL_Driver/Src/stm32l4xx_hal_cortex.o
                0x000000000800b244                HAL_NVIC_SetPriorityGrouping
 .text.HAL_NVIC_SetPriority
                0x000000000800b25a       0x38 ./Drivers/STM32L4xx_HAL_Driver/Src/stm32l4xx_hal_cortex.o
                0x000000000800b25a                HAL_NVIC_SetPriority
 .text.HAL_NVIC_EnableIRQ
                0x000000000800b292       0x1c ./Drivers/STM32L4xx_HAL_Driver/Src/stm32l4xx_hal_cortex.o
                0x000000000800b292                HAL_NVIC_EnableIRQ
 .text.HAL_SYSTICK_Config
                0x000000000800b2ae       0x18 ./Drivers/STM32L4xx_HAL_Driver/Src/stm32l4xx_hal_cortex.o
                0x000000000800b2ae                HAL_SYSTICK_Config
 .text.HAL_DMA_Abort
                0x000000000800b2c6       0x7c ./Drivers/STM32L4xx_HAL_Driver/Src/stm32l4xx_hal_dma.o
                0x000000000800b2c6                HAL_DMA_Abort
 .text.HAL_DMA_Abort_IT
                0x000000000800b342       0x82 ./Drivers/STM32L4xx_HAL_Driver/Src/stm32l4xx_hal_dma.o
                0x000000000800b342                HAL_DMA_Abort_IT
 .text.HAL_GPIO_Init
                0x000000000800b3c4      0x2f4 ./Drivers/STM32L4xx_HAL_Driver/Src/stm32l4xx_hal_gpio.o
                0x000000000800b3c4                HAL_GPIO_Init
 .text.HAL_GPIO_ReadPin
                0x000000000800b6b8       0x30 ./Drivers/STM32L4xx_HAL_Driver/Src/stm32l4xx_hal_gpio.o
                0x000000000800b6b8                HAL_GPIO_ReadPin
 .text.HAL_GPIO_WritePin
                0x000000000800b6e8       0x30 ./Drivers/STM32L4xx_HAL_Driver/Src/stm32l4xx_hal_gpio.o
                0x000000000800b6e8                HAL_GPIO_WritePin
 .text.HAL_GPIO_TogglePin
                0x000000000800b718       0x34 ./Drivers/STM32L4xx_HAL_Driver/Src/stm32l4xx_hal_gpio.o
                0x000000000800b718                HAL_GPIO_TogglePin
 .text.HAL_I2C_Init
                0x000000000800b74c      0x11e ./Drivers/STM32L4xx_HAL_Driver/Src/stm32l4xx_hal_i2c.o
                0x000000000800b74c                HAL_I2C_Init
 *fill*         0x000000000800b86a        0x2 
 .text.HAL_I2C_Mem_Write
                0x000000000800b86c      0x228 ./Drivers/STM32L4xx_HAL_Driver/Src/stm32l4xx_hal_i2c.o
                0x000000000800b86c                HAL_I2C_Mem_Write
 .text.HAL_I2C_Mem_Read
                0x000000000800ba94      0x234 ./Drivers/STM32L4xx_HAL_Driver/Src/stm32l4xx_hal_i2c.o
                0x000000000800ba94                HAL_I2C_Mem_Read
 .text.I2C_RequestMemoryWrite
                0x000000000800bcc8       0xa8 ./Drivers/STM32L4xx_HAL_Driver/Src/stm32l4xx_hal_i2c.o
 .text.I2C_RequestMemoryRead
                0x000000000800bd70       0xa8 ./Drivers/STM32L4xx_HAL_Driver/Src/stm32l4xx_hal_i2c.o
 .text.I2C_Flush_TXDR
                0x000000000800be18       0x48 ./Drivers/STM32L4xx_HAL_Driver/Src/stm32l4xx_hal_i2c.o
 .text.I2C_WaitOnFlagUntilTimeout
                0x000000000800be60       0x80 ./Drivers/STM32L4xx_HAL_Driver/Src/stm32l4xx_hal_i2c.o
 .text.I2C_WaitOnTXISFlagUntilTimeout
                0x000000000800bee0       0x80 ./Drivers/STM32L4xx_HAL_Driver/Src/stm32l4xx_hal_i2c.o
 .text.I2C_WaitOnSTOPFlagUntilTimeout
                0x000000000800bf60       0x78 ./Drivers/STM32L4xx_HAL_Driver/Src/stm32l4xx_hal_i2c.o
 .text.I2C_IsErrorOccurred
                0x000000000800bfd8      0x1d8 ./Drivers/STM32L4xx_HAL_Driver/Src/stm32l4xx_hal_i2c.o
 .text.I2C_TransferConfig
                0x000000000800c1b0       0x64 ./Drivers/STM32L4xx_HAL_Driver/Src/stm32l4xx_hal_i2c.o
 .text.HAL_I2CEx_ConfigAnalogFilter
                0x000000000800c214       0x96 ./Drivers/STM32L4xx_HAL_Driver/Src/stm32l4xx_hal_i2c_ex.o
                0x000000000800c214                HAL_I2CEx_ConfigAnalogFilter
 .text.HAL_I2CEx_ConfigDigitalFilter
                0x000000000800c2aa       0x98 ./Drivers/STM32L4xx_HAL_Driver/Src/stm32l4xx_hal_i2c_ex.o
                0x000000000800c2aa                HAL_I2CEx_ConfigDigitalFilter
 *fill*         0x000000000800c342        0x2 
 .text.HAL_PWREx_GetVoltageRange
                0x000000000800c344       0x1c ./Drivers/STM32L4xx_HAL_Driver/Src/stm32l4xx_hal_pwr_ex.o
                0x000000000800c344                HAL_PWREx_GetVoltageRange
 .text.HAL_PWREx_ControlVoltageScaling
                0x000000000800c360       0xac ./Drivers/STM32L4xx_HAL_Driver/Src/stm32l4xx_hal_pwr_ex.o
                0x000000000800c360                HAL_PWREx_ControlVoltageScaling
 .text.HAL_RCC_OscConfig
                0x000000000800c40c      0x828 ./Drivers/STM32L4xx_HAL_Driver/Src/stm32l4xx_hal_rcc.o
                0x000000000800c40c                HAL_RCC_OscConfig
 .text.HAL_RCC_ClockConfig
                0x000000000800cc34      0x200 ./Drivers/STM32L4xx_HAL_Driver/Src/stm32l4xx_hal_rcc.o
                0x000000000800cc34                HAL_RCC_ClockConfig
 .text.HAL_RCC_GetSysClockFreq
                0x000000000800ce34      0x118 ./Drivers/STM32L4xx_HAL_Driver/Src/stm32l4xx_hal_rcc.o
                0x000000000800ce34                HAL_RCC_GetSysClockFreq
 .text.HAL_RCC_GetHCLKFreq
                0x000000000800cf4c       0x18 ./Drivers/STM32L4xx_HAL_Driver/Src/stm32l4xx_hal_rcc.o
                0x000000000800cf4c                HAL_RCC_GetHCLKFreq
 .text.HAL_RCC_GetPCLK1Freq
                0x000000000800cf64       0x2c ./Drivers/STM32L4xx_HAL_Driver/Src/stm32l4xx_hal_rcc.o
                0x000000000800cf64                HAL_RCC_GetPCLK1Freq
 .text.HAL_RCC_GetPCLK2Freq
                0x000000000800cf90       0x2c ./Drivers/STM32L4xx_HAL_Driver/Src/stm32l4xx_hal_rcc.o
                0x000000000800cf90                HAL_RCC_GetPCLK2Freq
 .text.RCC_SetFlashLatencyFromMSIRange
                0x000000000800cfbc       0xc0 ./Drivers/STM32L4xx_HAL_Driver/Src/stm32l4xx_hal_rcc.o
 .text.HAL_RCCEx_PeriphCLKConfig
                0x000000000800d07c      0x494 ./Drivers/STM32L4xx_HAL_Driver/Src/stm32l4xx_hal_rcc_ex.o
                0x000000000800d07c                HAL_RCCEx_PeriphCLKConfig
 .text.RCCEx_PLLSAI1_Config
                0x000000000800d510      0x1e4 ./Drivers/STM32L4xx_HAL_Driver/Src/stm32l4xx_hal_rcc_ex.o
 .text.HAL_SPI_Init
                0x000000000800d6f4      0x146 ./Drivers/STM32L4xx_HAL_Driver/Src/stm32l4xx_hal_spi.o
                0x000000000800d6f4                HAL_SPI_Init
 .text.HAL_SPI_Transmit
                0x000000000800d83a      0x2dc ./Drivers/STM32L4xx_HAL_Driver/Src/stm32l4xx_hal_spi.o
                0x000000000800d83a                HAL_SPI_Transmit
 .text.HAL_SPI_Receive
                0x000000000800db16      0x260 ./Drivers/STM32L4xx_HAL_Driver/Src/stm32l4xx_hal_spi.o
                0x000000000800db16                HAL_SPI_Receive
 .text.HAL_SPI_TransmitReceive
                0x000000000800dd76      0x426 ./Drivers/STM32L4xx_HAL_Driver/Src/stm32l4xx_hal_spi.o
                0x000000000800dd76                HAL_SPI_TransmitReceive
 .text.SPI_WaitFlagStateUntilTimeout
                0x000000000800e19c      0x110 ./Drivers/STM32L4xx_HAL_Driver/Src/stm32l4xx_hal_spi.o
 .text.SPI_WaitFifoStateUntilTimeout
                0x000000000800e2ac      0x12c ./Drivers/STM32L4xx_HAL_Driver/Src/stm32l4xx_hal_spi.o
 .text.SPI_EndRxTransaction
                0x000000000800e3d8       0xb0 ./Drivers/STM32L4xx_HAL_Driver/Src/stm32l4xx_hal_spi.o
 .text.SPI_EndRxTxTransaction
                0x000000000800e488       0x8c ./Drivers/STM32L4xx_HAL_Driver/Src/stm32l4xx_hal_spi.o
 .text.HAL_TIM_Base_Init
                0x000000000800e514       0xae ./Drivers/STM32L4xx_HAL_Driver/Src/stm32l4xx_hal_tim.o
                0x000000000800e514                HAL_TIM_Base_Init
 *fill*         0x000000000800e5c2        0x2 
 .text.HAL_TIM_Base_Start
                0x000000000800e5c4       0x98 ./Drivers/STM32L4xx_HAL_Driver/Src/stm32l4xx_hal_tim.o
                0x000000000800e5c4                HAL_TIM_Base_Start
 .text.HAL_TIM_Base_Start_IT
                0x000000000800e65c       0xa8 ./Drivers/STM32L4xx_HAL_Driver/Src/stm32l4xx_hal_tim.o
                0x000000000800e65c                HAL_TIM_Base_Start_IT
 .text.HAL_TIM_IRQHandler
                0x000000000800e704      0x23e ./Drivers/STM32L4xx_HAL_Driver/Src/stm32l4xx_hal_tim.o
                0x000000000800e704                HAL_TIM_IRQHandler
 .text.HAL_TIM_ConfigClockSource
                0x000000000800e942      0x192 ./Drivers/STM32L4xx_HAL_Driver/Src/stm32l4xx_hal_tim.o
                0x000000000800e942                HAL_TIM_ConfigClockSource
 .text.HAL_TIM_OC_DelayElapsedCallback
                0x000000000800ead4       0x14 ./Drivers/STM32L4xx_HAL_Driver/Src/stm32l4xx_hal_tim.o
                0x000000000800ead4                HAL_TIM_OC_DelayElapsedCallback
 .text.HAL_TIM_IC_CaptureCallback
                0x000000000800eae8       0x14 ./Drivers/STM32L4xx_HAL_Driver/Src/stm32l4xx_hal_tim.o
                0x000000000800eae8                HAL_TIM_IC_CaptureCallback
 .text.HAL_TIM_PWM_PulseFinishedCallback
                0x000000000800eafc       0x14 ./Drivers/STM32L4xx_HAL_Driver/Src/stm32l4xx_hal_tim.o
                0x000000000800eafc                HAL_TIM_PWM_PulseFinishedCallback
 .text.HAL_TIM_TriggerCallback
                0x000000000800eb10       0x14 ./Drivers/STM32L4xx_HAL_Driver/Src/stm32l4xx_hal_tim.o
                0x000000000800eb10                HAL_TIM_TriggerCallback
 .text.TIM_Base_SetConfig
                0x000000000800eb24       0xc8 ./Drivers/STM32L4xx_HAL_Driver/Src/stm32l4xx_hal_tim.o
                0x000000000800eb24                TIM_Base_SetConfig
 .text.TIM_TI1_ConfigInputStage
                0x000000000800ebec       0x5e ./Drivers/STM32L4xx_HAL_Driver/Src/stm32l4xx_hal_tim.o
 .text.TIM_TI2_ConfigInputStage
                0x000000000800ec4a       0x60 ./Drivers/STM32L4xx_HAL_Driver/Src/stm32l4xx_hal_tim.o
 .text.TIM_ITRx_SetConfig
                0x000000000800ecaa       0x36 ./Drivers/STM32L4xx_HAL_Driver/Src/stm32l4xx_hal_tim.o
 .text.TIM_ETR_SetConfig
                0x000000000800ece0       0x40 ./Drivers/STM32L4xx_HAL_Driver/Src/stm32l4xx_hal_tim.o
                0x000000000800ece0                TIM_ETR_SetConfig
 .text.HAL_TIMEx_MasterConfigSynchronization
                0x000000000800ed20       0xcc ./Drivers/STM32L4xx_HAL_Driver/Src/stm32l4xx_hal_tim_ex.o
                0x000000000800ed20                HAL_TIMEx_MasterConfigSynchronization
 .text.HAL_TIMEx_CommutCallback
                0x000000000800edec       0x14 ./Drivers/STM32L4xx_HAL_Driver/Src/stm32l4xx_hal_tim_ex.o
                0x000000000800edec                HAL_TIMEx_CommutCallback
 .text.HAL_TIMEx_BreakCallback
                0x000000000800ee00       0x14 ./Drivers/STM32L4xx_HAL_Driver/Src/stm32l4xx_hal_tim_ex.o
                0x000000000800ee00                HAL_TIMEx_BreakCallback
 .text.HAL_TIMEx_Break2Callback
                0x000000000800ee14       0x14 ./Drivers/STM32L4xx_HAL_Driver/Src/stm32l4xx_hal_tim_ex.o
                0x000000000800ee14                HAL_TIMEx_Break2Callback
 .text.HAL_UART_Init
                0x000000000800ee28       0x9c ./Drivers/STM32L4xx_HAL_Driver/Src/stm32l4xx_hal_uart.o
                0x000000000800ee28                HAL_UART_Init
 .text.HAL_UART_Transmit_IT
                0x000000000800eec4       0xdc ./Drivers/STM32L4xx_HAL_Driver/Src/stm32l4xx_hal_uart.o
                0x000000000800eec4                HAL_UART_Transmit_IT
 .text.HAL_UART_Receive_IT
                0x000000000800efa0       0xac ./Drivers/STM32L4xx_HAL_Driver/Src/stm32l4xx_hal_uart.o
                0x000000000800efa0                HAL_UART_Receive_IT
 .text.HAL_UART_IRQHandler
                0x000000000800f04c      0x5c4 ./Drivers/STM32L4xx_HAL_Driver/Src/stm32l4xx_hal_uart.o
                0x000000000800f04c                HAL_UART_IRQHandler
 .text.HAL_UART_ErrorCallback
                0x000000000800f610       0x14 ./Drivers/STM32L4xx_HAL_Driver/Src/stm32l4xx_hal_uart.o
                0x000000000800f610                HAL_UART_ErrorCallback
 .text.HAL_UARTEx_RxEventCallback
                0x000000000800f624       0x18 ./Drivers/STM32L4xx_HAL_Driver/Src/stm32l4xx_hal_uart.o
                0x000000000800f624                HAL_UARTEx_RxEventCallback
 .text.UART_SetConfig
                0x000000000800f63c      0x4b4 ./Drivers/STM32L4xx_HAL_Driver/Src/stm32l4xx_hal_uart.o
                0x000000000800f63c                UART_SetConfig
 .text.UART_AdvFeatureConfig
                0x000000000800faf0      0x144 ./Drivers/STM32L4xx_HAL_Driver/Src/stm32l4xx_hal_uart.o
                0x000000000800faf0                UART_AdvFeatureConfig
 .text.UART_CheckIdleState
                0x000000000800fc34       0x92 ./Drivers/STM32L4xx_HAL_Driver/Src/stm32l4xx_hal_uart.o
                0x000000000800fc34                UART_CheckIdleState
 .text.UART_WaitOnFlagUntilTimeout
                0x000000000800fcc6      0x188 ./Drivers/STM32L4xx_HAL_Driver/Src/stm32l4xx_hal_uart.o
                0x000000000800fcc6                UART_WaitOnFlagUntilTimeout
 *fill*         0x000000000800fe4e        0x2 
 .text.UART_Start_Receive_IT
                0x000000000800fe50      0x194 ./Drivers/STM32L4xx_HAL_Driver/Src/stm32l4xx_hal_uart.o
                0x000000000800fe50                UART_Start_Receive_IT
 .text.UART_EndRxTransfer
                0x000000000800ffe4       0xc6 ./Drivers/STM32L4xx_HAL_Driver/Src/stm32l4xx_hal_uart.o
 .text.UART_DMAAbortOnError
                0x00000000080100aa       0x2c ./Drivers/STM32L4xx_HAL_Driver/Src/stm32l4xx_hal_uart.o
 .text.UART_TxISR_8BIT
                0x00000000080100d6       0xb8 ./Drivers/STM32L4xx_HAL_Driver/Src/stm32l4xx_hal_uart.o
 .text.UART_TxISR_16BIT
                0x000000000801018e       0xc0 ./Drivers/STM32L4xx_HAL_Driver/Src/stm32l4xx_hal_uart.o
 .text.UART_EndTransmit_IT
                0x000000000801024e       0x54 ./Drivers/STM32L4xx_HAL_Driver/Src/stm32l4xx_hal_uart.o
 .text.UART_RxISR_8BIT
                0x00000000080102a2      0x160 ./Drivers/STM32L4xx_HAL_Driver/Src/stm32l4xx_hal_uart.o
 .text.UART_RxISR_16BIT
                0x0000000008010402      0x160 ./Drivers/STM32L4xx_HAL_Driver/Src/stm32l4xx_hal_uart.o
 .text.HAL_UARTEx_WakeupCallback
                0x0000000008010562       0x14 ./Drivers/STM32L4xx_HAL_Driver/Src/stm32l4xx_hal_uart_ex.o
                0x0000000008010562                HAL_UARTEx_WakeupCallback
 .text._ZdlPvj  0x0000000008010576        0x4 c:/st/stm32cubeide_1.10.1/stm32cubeide/plugins/com.st.stm32cube.ide.mcu.externaltools.gnu-tools-for-stm32.10.3-2021.10.win32_1.0.0.202111181127/tools/bin/../lib/gcc/arm-none-eabi/10.3.1/../../../../arm-none-eabi/lib/thumb/v7e-m+fp/hard\libstdc++_nano.a(del_ops.o)
                0x0000000008010576                operator delete(void*, unsigned int)
 .text._ZdlPv   0x000000000801057a        0x4 c:/st/stm32cubeide_1.10.1/stm32cubeide/plugins/com.st.stm32cube.ide.mcu.externaltools.gnu-tools-for-stm32.10.3-2021.10.win32_1.0.0.202111181127/tools/bin/../lib/gcc/arm-none-eabi/10.3.1/../../../../arm-none-eabi/lib/thumb/v7e-m+fp/hard\libstdc++_nano.a(del_op.o)
                0x000000000801057a                operator delete(void*)
 *fill*         0x000000000801057e        0x2 
 .text.__errno  0x0000000008010580        0xc c:/st/stm32cubeide_1.10.1/stm32cubeide/plugins/com.st.stm32cube.ide.mcu.externaltools.gnu-tools-for-stm32.10.3-2021.10.win32_1.0.0.202111181127/tools/bin/../lib/gcc/arm-none-eabi/10.3.1/../../../../arm-none-eabi/lib/thumb/v7e-m+fp/hard\libc_nano.a(lib_a-errno.o)
                0x0000000008010580                __errno
 .text.__libc_init_array
                0x000000000801058c       0x48 c:/st/stm32cubeide_1.10.1/stm32cubeide/plugins/com.st.stm32cube.ide.mcu.externaltools.gnu-tools-for-stm32.10.3-2021.10.win32_1.0.0.202111181127/tools/bin/../lib/gcc/arm-none-eabi/10.3.1/../../../../arm-none-eabi/lib/thumb/v7e-m+fp/hard\libc_nano.a(lib_a-init.o)
                0x000000000801058c                __libc_init_array
 .text.free     0x00000000080105d4       0x10 c:/st/stm32cubeide_1.10.1/stm32cubeide/plugins/com.st.stm32cube.ide.mcu.externaltools.gnu-tools-for-stm32.10.3-2021.10.win32_1.0.0.202111181127/tools/bin/../lib/gcc/arm-none-eabi/10.3.1/../../../../arm-none-eabi/lib/thumb/v7e-m+fp/hard\libc_nano.a(lib_a-malloc.o)
                0x00000000080105d4                free
 .text.memcpy   0x00000000080105e4       0x1c c:/st/stm32cubeide_1.10.1/stm32cubeide/plugins/com.st.stm32cube.ide.mcu.externaltools.gnu-tools-for-stm32.10.3-2021.10.win32_1.0.0.202111181127/tools/bin/../lib/gcc/arm-none-eabi/10.3.1/../../../../arm-none-eabi/lib/thumb/v7e-m+fp/hard\libc_nano.a(lib_a-memcpy-stub.o)
                0x00000000080105e4                memcpy
 .text.memset   0x0000000008010600       0x10 c:/st/stm32cubeide_1.10.1/stm32cubeide/plugins/com.st.stm32cube.ide.mcu.externaltools.gnu-tools-for-stm32.10.3-2021.10.win32_1.0.0.202111181127/tools/bin/../lib/gcc/arm-none-eabi/10.3.1/../../../../arm-none-eabi/lib/thumb/v7e-m+fp/hard\libc_nano.a(lib_a-memset.o)
                0x0000000008010600                memset
 .text._free_r  0x0000000008010610       0x98 c:/st/stm32cubeide_1.10.1/stm32cubeide/plugins/com.st.stm32cube.ide.mcu.externaltools.gnu-tools-for-stm32.10.3-2021.10.win32_1.0.0.202111181127/tools/bin/../lib/gcc/arm-none-eabi/10.3.1/../../../../arm-none-eabi/lib/thumb/v7e-m+fp/hard\libc_nano.a(lib_a-nano-freer.o)
                0x0000000008010610                _free_r
 .text.sbrk_aligned
                0x00000000080106a8       0x40 c:/st/stm32cubeide_1.10.1/stm32cubeide/plugins/com.st.stm32cube.ide.mcu.externaltools.gnu-tools-for-stm32.10.3-2021.10.win32_1.0.0.202111181127/tools/bin/../lib/gcc/arm-none-eabi/10.3.1/../../../../arm-none-eabi/lib/thumb/v7e-m+fp/hard\libc_nano.a(lib_a-nano-mallocr.o)
 .text._malloc_r
                0x00000000080106e8       0xe8 c:/st/stm32cubeide_1.10.1/stm32cubeide/plugins/com.st.stm32cube.ide.mcu.externaltools.gnu-tools-for-stm32.10.3-2021.10.win32_1.0.0.202111181127/tools/bin/../lib/gcc/arm-none-eabi/10.3.1/../../../../arm-none-eabi/lib/thumb/v7e-m+fp/hard\libc_nano.a(lib_a-nano-mallocr.o)
                0x00000000080106e8                _malloc_r
 .text._sbrk_r  0x00000000080107d0       0x20 c:/st/stm32cubeide_1.10.1/stm32cubeide/plugins/com.st.stm32cube.ide.mcu.externaltools.gnu-tools-for-stm32.10.3-2021.10.win32_1.0.0.202111181127/tools/bin/../lib/gcc/arm-none-eabi/10.3.1/../../../../arm-none-eabi/lib/thumb/v7e-m+fp/hard\libc_nano.a(lib_a-sbrkr.o)
                0x00000000080107d0                _sbrk_r
 .text.sprintf  0x00000000080107f0       0x40 c:/st/stm32cubeide_1.10.1/stm32cubeide/plugins/com.st.stm32cube.ide.mcu.externaltools.gnu-tools-for-stm32.10.3-2021.10.win32_1.0.0.202111181127/tools/bin/../lib/gcc/arm-none-eabi/10.3.1/../../../../arm-none-eabi/lib/thumb/v7e-m+fp/hard\libc_nano.a(lib_a-sprintf.o)
                0x00000000080107f0                siprintf
                0x00000000080107f0                sprintf
 .text.__malloc_lock
                0x0000000008010830        0xc c:/st/stm32cubeide_1.10.1/stm32cubeide/plugins/com.st.stm32cube.ide.mcu.externaltools.gnu-tools-for-stm32.10.3-2021.10.win32_1.0.0.202111181127/tools/bin/../lib/gcc/arm-none-eabi/10.3.1/../../../../arm-none-eabi/lib/thumb/v7e-m+fp/hard\libc_nano.a(lib_a-mlock.o)
                0x0000000008010830                __malloc_lock
 .text.__malloc_unlock
                0x000000000801083c        0xc c:/st/stm32cubeide_1.10.1/stm32cubeide/plugins/com.st.stm32cube.ide.mcu.externaltools.gnu-tools-for-stm32.10.3-2021.10.win32_1.0.0.202111181127/tools/bin/../lib/gcc/arm-none-eabi/10.3.1/../../../../arm-none-eabi/lib/thumb/v7e-m+fp/hard\libc_nano.a(lib_a-mlock.o)
                0x000000000801083c                __malloc_unlock
 .text.__ssputs_r
                0x0000000008010848       0xb6 c:/st/stm32cubeide_1.10.1/stm32cubeide/plugins/com.st.stm32cube.ide.mcu.externaltools.gnu-tools-for-stm32.10.3-2021.10.win32_1.0.0.202111181127/tools/bin/../lib/gcc/arm-none-eabi/10.3.1/../../../../arm-none-eabi/lib/thumb/v7e-m+fp/hard\libc_nano.a(lib_a-nano-svfprintf.o)
                0x0000000008010848                __ssputs_r
 *fill*         0x00000000080108fe        0x2 
 .text._svfprintf_r
                0x0000000008010900      0x200 c:/st/stm32cubeide_1.10.1/stm32cubeide/plugins/com.st.stm32cube.ide.mcu.externaltools.gnu-tools-for-stm32.10.3-2021.10.win32_1.0.0.202111181127/tools/bin/../lib/gcc/arm-none-eabi/10.3.1/../../../../arm-none-eabi/lib/thumb/v7e-m+fp/hard\libc_nano.a(lib_a-nano-svfprintf.o)
                0x0000000008010900                _svfiprintf_r
                0x0000000008010900                _svfprintf_r
 .text._printf_common
                0x0000000008010b00       0xda c:/st/stm32cubeide_1.10.1/stm32cubeide/plugins/com.st.stm32cube.ide.mcu.externaltools.gnu-tools-for-stm32.10.3-2021.10.win32_1.0.0.202111181127/tools/bin/../lib/gcc/arm-none-eabi/10.3.1/../../../../arm-none-eabi/lib/thumb/v7e-m+fp/hard\libc_nano.a(lib_a-nano-vfprintf_i.o)
                0x0000000008010b00                _printf_common
 *fill*         0x0000000008010bda        0x2 
 .text._printf_i
                0x0000000008010bdc      0x24c c:/st/stm32cubeide_1.10.1/stm32cubeide/plugins/com.st.stm32cube.ide.mcu.externaltools.gnu-tools-for-stm32.10.3-2021.10.win32_1.0.0.202111181127/tools/bin/../lib/gcc/arm-none-eabi/10.3.1/../../../../arm-none-eabi/lib/thumb/v7e-m+fp/hard\libc_nano.a(lib_a-nano-vfprintf_i.o)
                0x0000000008010bdc                _printf_i
 .text.__retarget_lock_acquire_recursive
                0x0000000008010e28        0x2 c:/st/stm32cubeide_1.10.1/stm32cubeide/plugins/com.st.stm32cube.ide.mcu.externaltools.gnu-tools-for-stm32.10.3-2021.10.win32_1.0.0.202111181127/tools/bin/../lib/gcc/arm-none-eabi/10.3.1/../../../../arm-none-eabi/lib/thumb/v7e-m+fp/hard\libc_nano.a(lib_a-lock.o)
                0x0000000008010e28                __retarget_lock_acquire_recursive
 .text.__retarget_lock_release_recursive
                0x0000000008010e2a        0x2 c:/st/stm32cubeide_1.10.1/stm32cubeide/plugins/com.st.stm32cube.ide.mcu.externaltools.gnu-tools-for-stm32.10.3-2021.10.win32_1.0.0.202111181127/tools/bin/../lib/gcc/arm-none-eabi/10.3.1/../../../../arm-none-eabi/lib/thumb/v7e-m+fp/hard\libc_nano.a(lib_a-lock.o)
                0x0000000008010e2a                __retarget_lock_release_recursive
 .text.memmove  0x0000000008010e2c       0x34 c:/st/stm32cubeide_1.10.1/stm32cubeide/plugins/com.st.stm32cube.ide.mcu.externaltools.gnu-tools-for-stm32.10.3-2021.10.win32_1.0.0.202111181127/tools/bin/../lib/gcc/arm-none-eabi/10.3.1/../../../../arm-none-eabi/lib/thumb/v7e-m+fp/hard\libc_nano.a(lib_a-memmove.o)
                0x0000000008010e2c                memmove
 .text._realloc_r
                0x0000000008010e60       0x5e c:/st/stm32cubeide_1.10.1/stm32cubeide/plugins/com.st.stm32cube.ide.mcu.externaltools.gnu-tools-for-stm32.10.3-2021.10.win32_1.0.0.202111181127/tools/bin/../lib/gcc/arm-none-eabi/10.3.1/../../../../arm-none-eabi/lib/thumb/v7e-m+fp/hard\libc_nano.a(lib_a-nano-reallocr.o)
                0x0000000008010e60                _realloc_r
 .text._malloc_usable_size_r
                0x0000000008010ebe       0x10 c:/st/stm32cubeide_1.10.1/stm32cubeide/plugins/com.st.stm32cube.ide.mcu.externaltools.gnu-tools-for-stm32.10.3-2021.10.win32_1.0.0.202111181127/tools/bin/../lib/gcc/arm-none-eabi/10.3.1/../../../../arm-none-eabi/lib/thumb/v7e-m+fp/hard\libc_nano.a(lib_a-nano-msizer.o)
                0x0000000008010ebe                _malloc_usable_size_r
 *(.glue_7)
 .glue_7        0x0000000008010ece        0x0 linker stubs
 *(.glue_7t)
 .glue_7t       0x0000000008010ece        0x0 linker stubs
 *(.eh_frame)
 *fill*         0x0000000008010ece        0x2 
 .eh_frame      0x0000000008010ed0        0x0 c:/st/stm32cubeide_1.10.1/stm32cubeide/plugins/com.st.stm32cube.ide.mcu.externaltools.gnu-tools-for-stm32.10.3-2021.10.win32_1.0.0.202111181127/tools/bin/../lib/gcc/arm-none-eabi/10.3.1/thumb/v7e-m+fp/hard/crtbegin.o
 *(.init)
 .init          0x0000000008010ed0        0x4 c:/st/stm32cubeide_1.10.1/stm32cubeide/plugins/com.st.stm32cube.ide.mcu.externaltools.gnu-tools-for-stm32.10.3-2021.10.win32_1.0.0.202111181127/tools/bin/../lib/gcc/arm-none-eabi/10.3.1/thumb/v7e-m+fp/hard/crti.o
                0x0000000008010ed0                _init
 .init          0x0000000008010ed4        0x8 c:/st/stm32cubeide_1.10.1/stm32cubeide/plugins/com.st.stm32cube.ide.mcu.externaltools.gnu-tools-for-stm32.10.3-2021.10.win32_1.0.0.202111181127/tools/bin/../lib/gcc/arm-none-eabi/10.3.1/thumb/v7e-m+fp/hard/crtn.o
 *(.fini)
 .fini          0x0000000008010edc        0x4 c:/st/stm32cubeide_1.10.1/stm32cubeide/plugins/com.st.stm32cube.ide.mcu.externaltools.gnu-tools-for-stm32.10.3-2021.10.win32_1.0.0.202111181127/tools/bin/../lib/gcc/arm-none-eabi/10.3.1/thumb/v7e-m+fp/hard/crti.o
                0x0000000008010edc                _fini
 .fini          0x0000000008010ee0        0x8 c:/st/stm32cubeide_1.10.1/stm32cubeide/plugins/com.st.stm32cube.ide.mcu.externaltools.gnu-tools-for-stm32.10.3-2021.10.win32_1.0.0.202111181127/tools/bin/../lib/gcc/arm-none-eabi/10.3.1/thumb/v7e-m+fp/hard/crtn.o
                0x0000000008010ee8                . = ALIGN (0x4)
                0x0000000008010ee8                _etext = .

.vfp11_veneer   0x0000000008010ee8        0x0
 .vfp11_veneer  0x0000000008010ee8        0x0 linker stubs

.v4_bx          0x0000000008010ee8        0x0
 .v4_bx         0x0000000008010ee8        0x0 linker stubs

.iplt           0x0000000008010ee8        0x0
 .iplt          0x0000000008010ee8        0x0 c:/st/stm32cubeide_1.10.1/stm32cubeide/plugins/com.st.stm32cube.ide.mcu.externaltools.gnu-tools-for-stm32.10.3-2021.10.win32_1.0.0.202111181127/tools/bin/../lib/gcc/arm-none-eabi/10.3.1/thumb/v7e-m+fp/hard/crtbegin.o

.rodata         0x0000000008010ee8      0x504
                0x0000000008010ee8                . = ALIGN (0x4)
 *(.rodata)
 .rodata        0x0000000008010ee8       0x49 ./Core/srccpp/DisplayCPP/DisplayRoutine.o
 *fill*         0x0000000008010f31        0x3 
 .rodata        0x0000000008010f34        0xf ./Core/srccpp/DisplayCPP/GLCD.o
 *fill*         0x0000000008010f43        0x1 
 .rodata        0x0000000008010f44      0x200 ./Core/srccpp/Modbus/Modbusrtu.o
 .rodata        0x0000000008011144       0x4a ./Core/srccpp/OfflineStorage/OfflineStorage.o
 *fill*         0x000000000801118e        0x2 
 .rodata        0x0000000008011190      0x13e ./Core/srccpp/WifiEsp8266/ESP8266.o
 *(.rodata*)
 *fill*         0x00000000080112ce        0x2 
 .rodata.AHBPrescTable
                0x00000000080112d0       0x10 ./Core/Src/system_stm32l4xx.o
                0x00000000080112d0                AHBPrescTable
 .rodata.APBPrescTable
                0x00000000080112e0        0x8 ./Core/Src/system_stm32l4xx.o
                0x00000000080112e0                APBPrescTable
 .rodata.MSIRangeTable
                0x00000000080112e8       0x30 ./Core/Src/system_stm32l4xx.o
                0x00000000080112e8                MSIRangeTable
 .rodata._ZTV9LpdcLogic
                0x0000000008011318       0x10 ./Core/srccpp/Bussinesslogic/LpdcLogic.o
                0x0000000008011318                vtable for LpdcLogic
 .rodata._ZTV6common
                0x0000000008011328       0x10 ./Core/srccpp/Common/common.o
                0x0000000008011328                vtable for common
 .rodata._ZTV14DisplayRoutine
                0x0000000008011338       0x10 ./Core/srccpp/DisplayCPP/DisplayRoutine.o
                0x0000000008011338                vtable for DisplayRoutine
 .rodata._ZTV4GLCD
                0x0000000008011348       0x10 ./Core/srccpp/DisplayCPP/GLCD.o
                0x0000000008011348                vtable for GLCD
 .rodata._ZTV7Dwinhmi
                0x0000000008011358       0x10 ./Core/srccpp/Dwin/Dwinhmi.o
                0x0000000008011358                vtable for Dwinhmi
 .rodata._ZTV10W5500Class
                0x0000000008011368       0x10 ./Core/srccpp/Ethernet/W5500.o
                0x0000000008011368                vtable for W5500Class
 .rodata._ZTV9Modbusrtu
                0x0000000008011378       0x10 ./Core/srccpp/Modbus/Modbusrtu.o
                0x0000000008011378                vtable for Modbusrtu
 .rodata._ZTV14OfflineStorage
                0x0000000008011388       0x10 ./Core/srccpp/OfflineStorage/OfflineStorage.o
                0x0000000008011388                vtable for OfflineStorage
 .rodata._ZTV5SHIFT
                0x0000000008011398       0x10 ./Core/srccpp/Shift/SHIFT.o
                0x0000000008011398                vtable for SHIFT
 .rodata._ZTV7ESP8266
                0x00000000080113a8       0x10 ./Core/srccpp/WifiEsp8266/ESP8266.o
                0x00000000080113a8                vtable for ESP8266
 .rodata._svfprintf_r.str1.1
                0x00000000080113b8       0x11 c:/st/stm32cubeide_1.10.1/stm32cubeide/plugins/com.st.stm32cube.ide.mcu.externaltools.gnu-tools-for-stm32.10.3-2021.10.win32_1.0.0.202111181127/tools/bin/../lib/gcc/arm-none-eabi/10.3.1/../../../../arm-none-eabi/lib/thumb/v7e-m+fp/hard\libc_nano.a(lib_a-nano-svfprintf.o)
 .rodata._printf_i.str1.1
                0x00000000080113c9       0x22 c:/st/stm32cubeide_1.10.1/stm32cubeide/plugins/com.st.stm32cube.ide.mcu.externaltools.gnu-tools-for-stm32.10.3-2021.10.win32_1.0.0.202111181127/tools/bin/../lib/gcc/arm-none-eabi/10.3.1/../../../../arm-none-eabi/lib/thumb/v7e-m+fp/hard\libc_nano.a(lib_a-nano-vfprintf_i.o)
                0x00000000080113ec                . = ALIGN (0x4)
 *fill*         0x00000000080113eb        0x1 

.ARM.extab      0x00000000080113ec        0x0
                0x00000000080113ec                . = ALIGN (0x4)
 *(.ARM.extab* .gnu.linkonce.armextab.*)
                0x00000000080113ec                . = ALIGN (0x4)

.ARM            0x00000000080113ec        0x8
                0x00000000080113ec                . = ALIGN (0x4)
                0x00000000080113ec                __exidx_start = .
 *(.ARM.exidx*)
 .ARM.exidx     0x00000000080113ec        0x8 c:/st/stm32cubeide_1.10.1/stm32cubeide/plugins/com.st.stm32cube.ide.mcu.externaltools.gnu-tools-for-stm32.10.3-2021.10.win32_1.0.0.202111181127/tools/bin/../lib/gcc/arm-none-eabi/10.3.1/thumb/v7e-m+fp/hard\libgcc.a(_udivmoddi4.o)
                0x00000000080113f4                __exidx_end = .
                0x00000000080113f4                . = ALIGN (0x4)

.rel.dyn        0x00000000080113f4        0x0
 .rel.iplt      0x00000000080113f4        0x0 c:/st/stm32cubeide_1.10.1/stm32cubeide/plugins/com.st.stm32cube.ide.mcu.externaltools.gnu-tools-for-stm32.10.3-2021.10.win32_1.0.0.202111181127/tools/bin/../lib/gcc/arm-none-eabi/10.3.1/thumb/v7e-m+fp/hard/crtbegin.o

.preinit_array  0x00000000080113f4        0x0
                0x00000000080113f4                . = ALIGN (0x4)
                0x00000000080113f4                PROVIDE (__preinit_array_start = .)
 *(.preinit_array*)
                0x00000000080113f4                PROVIDE (__preinit_array_end = .)
                0x00000000080113f4                . = ALIGN (0x4)

.init_array     0x00000000080113f4        0x8
                0x00000000080113f4                . = ALIGN (0x4)
                0x00000000080113f4                PROVIDE (__init_array_start = .)
 *(SORT_BY_NAME(.init_array.*))
 *(.init_array*)
 .init_array    0x00000000080113f4        0x4 c:/st/stm32cubeide_1.10.1/stm32cubeide/plugins/com.st.stm32cube.ide.mcu.externaltools.gnu-tools-for-stm32.10.3-2021.10.win32_1.0.0.202111181127/tools/bin/../lib/gcc/arm-none-eabi/10.3.1/thumb/v7e-m+fp/hard/crtbegin.o
 .init_array    0x00000000080113f8        0x4 ./Core/srccpp/Ethernet/W5500.o
                0x00000000080113fc                PROVIDE (__init_array_end = .)
                0x00000000080113fc                . = ALIGN (0x4)

.fini_array     0x00000000080113fc        0x8
                0x00000000080113fc                . = ALIGN (0x4)
                [!provide]                        PROVIDE (__fini_array_start = .)
 *(SORT_BY_NAME(.fini_array.*))
 *(.fini_array*)
 .fini_array    0x00000000080113fc        0x4 c:/st/stm32cubeide_1.10.1/stm32cubeide/plugins/com.st.stm32cube.ide.mcu.externaltools.gnu-tools-for-stm32.10.3-2021.10.win32_1.0.0.202111181127/tools/bin/../lib/gcc/arm-none-eabi/10.3.1/thumb/v7e-m+fp/hard/crtbegin.o
 .fini_array    0x0000000008011400        0x4 ./Core/srccpp/Ethernet/W5500.o
                [!provide]                        PROVIDE (__fini_array_end = .)
                0x0000000008011404                . = ALIGN (0x4)
                0x0000000008011404                _sidata = LOADADDR (.data)

.data           0x0000000020000000       0x88 load address 0x0000000008011404
                0x0000000020000000                . = ALIGN (0x4)
                0x0000000020000000                _sdata = .
 *(.data)
 *(.data*)
 .data.productiontimeSetOL
                0x0000000020000000        0x2 ./Core/Src/ESP8266/esp8266_rx.o
                0x0000000020000000                productiontimeSetOL
 *fill*         0x0000000020000002        0x2 
 .data.wifiusernamecheck
                0x0000000020000004        0xf ./Core/Src/ESP8266/esp8266_rx.o
                0x0000000020000004                wifiusernamecheck
 *fill*         0x0000000020000013        0x1 
 .data.SystemCoreClock
                0x0000000020000014        0x4 ./Core/Src/system_stm32l4xx.o
                0x0000000020000014                SystemCoreClock
 .data.len      0x0000000020000018        0x1 ./Core/srccpp/WifiEsp8266/ESP8266.o
                0x0000000020000018                len
 *fill*         0x0000000020000019        0x3 
 .data.uwTickPrio
                0x000000002000001c        0x4 ./Drivers/STM32L4xx_HAL_Driver/Src/stm32l4xx_hal.o
                0x000000002000001c                uwTickPrio
 .data.uwTickFreq
                0x0000000020000020        0x1 ./Drivers/STM32L4xx_HAL_Driver/Src/stm32l4xx_hal.o
                0x0000000020000020                uwTickFreq
 *fill*         0x0000000020000021        0x3 
 .data._impure_ptr
                0x0000000020000024        0x4 c:/st/stm32cubeide_1.10.1/stm32cubeide/plugins/com.st.stm32cube.ide.mcu.externaltools.gnu-tools-for-stm32.10.3-2021.10.win32_1.0.0.202111181127/tools/bin/../lib/gcc/arm-none-eabi/10.3.1/../../../../arm-none-eabi/lib/thumb/v7e-m+fp/hard\libc_nano.a(lib_a-impure.o)
                0x0000000020000024                _impure_ptr
 .data.impure_data
                0x0000000020000028       0x60 c:/st/stm32cubeide_1.10.1/stm32cubeide/plugins/com.st.stm32cube.ide.mcu.externaltools.gnu-tools-for-stm32.10.3-2021.10.win32_1.0.0.202111181127/tools/bin/../lib/gcc/arm-none-eabi/10.3.1/../../../../arm-none-eabi/lib/thumb/v7e-m+fp/hard\libc_nano.a(lib_a-impure.o)
 *(.RamFunc)
 *(.RamFunc*)
                0x0000000020000088                . = ALIGN (0x4)
                0x0000000020000088                _edata = .

.igot.plt       0x0000000020000088        0x0 load address 0x000000000801148c
 .igot.plt      0x0000000020000088        0x0 c:/st/stm32cubeide_1.10.1/stm32cubeide/plugins/com.st.stm32cube.ide.mcu.externaltools.gnu-tools-for-stm32.10.3-2021.10.win32_1.0.0.202111181127/tools/bin/../lib/gcc/arm-none-eabi/10.3.1/thumb/v7e-m+fp/hard/crtbegin.o
                0x0000000020000088                . = ALIGN (0x4)

.bss            0x0000000020000088      0xec4 load address 0x000000000801148c
                0x0000000020000088                _sbss = .
                0x0000000020000088                __bss_start__ = _sbss
 *(.bss)
 .bss           0x0000000020000088       0x1c c:/st/stm32cubeide_1.10.1/stm32cubeide/plugins/com.st.stm32cube.ide.mcu.externaltools.gnu-tools-for-stm32.10.3-2021.10.win32_1.0.0.202111181127/tools/bin/../lib/gcc/arm-none-eabi/10.3.1/thumb/v7e-m+fp/hard/crtbegin.o
 *(.bss*)
 .bss.Uart_rx_buffer
                0x00000000200000a4       0x46 ./Core/Src/ESP8266/esp8266_rx.o
                0x00000000200000a4                Uart_rx_buffer
 .bss.Data_bufferptr
                0x00000000200000ea        0x1 ./Core/Src/ESP8266/esp8266_rx.o
                0x00000000200000ea                Data_bufferptr
 .bss.Err_bufferptr
                0x00000000200000eb        0x1 ./Core/Src/ESP8266/esp8266_rx.o
                0x00000000200000eb                Err_bufferptr
 .bss.WifiDisplay
                0x00000000200000ec        0x1 ./Core/Src/ESP8266/esp8266_rx.o
                0x00000000200000ec                WifiDisplay
 .bss.Error_Close
                0x00000000200000ed        0x1 ./Core/Src/ESP8266/esp8266_rx.o
                0x00000000200000ed                Error_Close
 .bss.Updatetimeinfo
                0x00000000200000ee        0x1 ./Core/Src/ESP8266/esp8266_rx.o
                0x00000000200000ee                Updatetimeinfo
 .bss.RxCompleteU2C1WIFI
                0x00000000200000ef        0x1 ./Core/Src/ESP8266/esp8266_rx.o
                0x00000000200000ef                RxCompleteU2C1WIFI
 .bss.Valid_DataWifi1
                0x00000000200000f0        0x1 ./Core/Src/ESP8266/esp8266_rx.o
                0x00000000200000f0                Valid_DataWifi1
 .bss.SW_Hour   0x00000000200000f1        0x1 ./Core/Src/ESP8266/esp8266_rx.o
                0x00000000200000f1                SW_Hour
 .bss.SW_Minute
                0x00000000200000f2        0x1 ./Core/Src/ESP8266/esp8266_rx.o
                0x00000000200000f2                SW_Minute
 .bss.SW_Date   0x00000000200000f3        0x1 ./Core/Src/ESP8266/esp8266_rx.o
                0x00000000200000f3                SW_Date
 .bss.SW_Month  0x00000000200000f4        0x1 ./Core/Src/ESP8266/esp8266_rx.o
                0x00000000200000f4                SW_Month
 .bss.SW_Year   0x00000000200000f5        0x1 ./Core/Src/ESP8266/esp8266_rx.o
                0x00000000200000f5                SW_Year
 .bss.temperatureSetOL
                0x00000000200000f6        0x2 ./Core/Src/ESP8266/esp8266_rx.o
                0x00000000200000f6                temperatureSetOL
 .bss.temperaturehighSetOL
                0x00000000200000f8        0x2 ./Core/Src/ESP8266/esp8266_rx.o
                0x00000000200000f8                temperaturehighSetOL
 .bss.temperatureLowSetOL
                0x00000000200000fa        0x2 ./Core/Src/ESP8266/esp8266_rx.o
                0x00000000200000fa                temperatureLowSetOL
 .bss.productChangeOL
                0x00000000200000fc        0x1 ./Core/Src/ESP8266/esp8266_rx.o
                0x00000000200000fc                productChangeOL
 *fill*         0x00000000200000fd        0x1 
 .bss.Production_Total
                0x00000000200000fe        0x2 ./Core/Src/ESP8266/esp8266_rx.o
                0x00000000200000fe                Production_Total
 .bss.Rejection_Total
                0x0000000020000100        0x2 ./Core/Src/ESP8266/esp8266_rx.o
                0x0000000020000100                Rejection_Total
 .bss.batchTargetquantity
                0x0000000020000102        0x2 ./Core/Src/ESP8266/esp8266_rx.o
                0x0000000020000102                batchTargetquantity
 .bss.temperateSet
                0x0000000020000104        0x2 ./Core/Src/ESP8266/esp8266_rx.o
                0x0000000020000104                temperateSet
 .bss.temperateSetHigh
                0x0000000020000106        0x2 ./Core/Src/ESP8266/esp8266_rx.o
                0x0000000020000106                temperateSetHigh
 .bss.temperateSetLow
                0x0000000020000108        0x2 ./Core/Src/ESP8266/esp8266_rx.o
                0x0000000020000108                temperateSetLow
 .bss.requirementId
                0x000000002000010a        0x2 ./Core/Src/ESP8266/esp8266_rx.o
                0x000000002000010a                requirementId
 .bss.batchNumber
                0x000000002000010c        0x2 ./Core/Src/ESP8266/esp8266_rx.o
                0x000000002000010c                batchNumber
 .bss.resetStatus
                0x000000002000010e        0x1 ./Core/Src/ESP8266/esp8266_rx.o
                0x000000002000010e                resetStatus
 .bss.startStopStatus
                0x000000002000010f        0x1 ./Core/Src/ESP8266/esp8266_rx.o
                0x000000002000010f                startStopStatus
 .bss.reasonEntryStatus
                0x0000000020000110        0x1 ./Core/Src/ESP8266/esp8266_rx.o
                0x0000000020000110                reasonEntryStatus
 .bss.commFeedbackFlag
                0x0000000020000111        0x1 ./Core/Src/ESP8266/esp8266_rx.o
                0x0000000020000111                commFeedbackFlag
 .bss.Error_Retry.0
                0x0000000020000112        0x1 ./Core/Src/ESP8266/esp8266_rx.o
 .bss.Flag1MS   0x0000000020000113        0x1 ./Core/Src/TimerIntHandler.o
                0x0000000020000113                Flag1MS
 .bss.Flag1Second
                0x0000000020000114        0x1 ./Core/Src/TimerIntHandler.o
                0x0000000020000114                Flag1Second
 .bss.Flag100milliSeconds
                0x0000000020000115        0x1 ./Core/Src/TimerIntHandler.o
                0x0000000020000115                Flag100milliSeconds
 .bss.SimCount  0x0000000020000116        0x1 ./Core/Src/TimerIntHandler.o
                0x0000000020000116                SimCount
 .bss.LocCount1S
                0x0000000020000117        0x1 ./Core/Src/TimerIntHandler.o
                0x0000000020000117                LocCount1S
 .bss.wifiConnection
                0x0000000020000118        0x1 ./Core/Src/TimerIntHandler.o
                0x0000000020000118                wifiConnection
 .bss.commFeedbackcount
                0x0000000020000119        0x1 ./Core/Src/TimerIntHandler.o
                0x0000000020000119                commFeedbackcount
 *fill*         0x000000002000011a        0x2 
 .bss.checkbuff
                0x000000002000011c       0xc8 ./Core/Src/UARTTxRxHandle.o
                0x000000002000011c                checkbuff
 .bss.refinc    0x00000000200001e4        0x1 ./Core/Src/UARTTxRxHandle.o
                0x00000000200001e4                refinc
 *fill*         0x00000000200001e5        0x1 
 .bss.Dye_Temperature
                0x00000000200001e6        0x2 ./Core/Src/UARTTxRxHandle.o
                0x00000000200001e6                Dye_Temperature
 .bss.Connector_Temperature
                0x00000000200001e8        0x2 ./Core/Src/UARTTxRxHandle.o
                0x00000000200001e8                Connector_Temperature
 *fill*         0x00000000200001ea        0x2 
 .bss.check     0x00000000200001ec       0xd2 ./Core/Src/UARTTxRxHandle.o
                0x00000000200001ec                check
 .bss.trackpoint
                0x00000000200002be        0x1 ./Core/Src/UARTTxRxHandle.o
                0x00000000200002be                trackpoint
 .bss.NoOfDwinRxdata
                0x00000000200002bf        0x1 ./Core/Src/UARTTxRxHandle.o
                0x00000000200002bf                NoOfDwinRxdata
 .bss.Rx_Dwin_Data_Buff_Point
                0x00000000200002c0        0x1 ./Core/Src/UARTTxRxHandle.o
                0x00000000200002c0                Rx_Dwin_Data_Buff_Point
 .bss.Rx_Dwin_Complete
                0x00000000200002c1        0x1 ./Core/Src/UARTTxRxHandle.o
                0x00000000200002c1                Rx_Dwin_Complete
 *fill*         0x00000000200002c2        0x2 
 .bss.DwinDatabuffer
                0x00000000200002c4       0xff ./Core/Src/UARTTxRxHandle.o
                0x00000000200002c4                DwinDatabuffer
 *fill*         0x00000000200003c3        0x1 
 .bss.hi2c1     0x00000000200003c4       0x54 ./Core/Src/main.o
                0x00000000200003c4                hi2c1
 .bss.hlpuart1  0x0000000020000418       0x84 ./Core/Src/main.o
                0x0000000020000418                hlpuart1
 .bss.huart1    0x000000002000049c       0x84 ./Core/Src/main.o
                0x000000002000049c                huart1
 .bss.huart2    0x0000000020000520       0x84 ./Core/Src/main.o
                0x0000000020000520                huart2
 .bss.hspi1     0x00000000200005a4       0x64 ./Core/Src/main.o
                0x00000000200005a4                hspi1
 .bss.hspi2     0x0000000020000608       0x64 ./Core/Src/main.o
                0x0000000020000608                hspi2
 .bss.htim1     0x000000002000066c       0x4c ./Core/Src/main.o
                0x000000002000066c                htim1
 .bss.htim6     0x00000000200006b8       0x4c ./Core/Src/main.o
                0x00000000200006b8                htim6
 .bss.htim7     0x0000000020000704       0x4c ./Core/Src/main.o
                0x0000000020000704                htim7
 .bss.rxTempBuff
                0x0000000020000750        0x5 ./Core/Src/main.o
                0x0000000020000750                rxTempBuff
 *fill*         0x0000000020000755        0x3 
 .bss.rxDwinBuff
                0x0000000020000758        0x5 ./Core/Src/main.o
                0x0000000020000758                rxDwinBuff
 *fill*         0x000000002000075d        0x3 
 .bss.__sbrk_heap_end
                0x0000000020000760        0x4 ./Core/Src/sysmem.o
 .bss.w25qxx    0x0000000020000764       0x28 ./Core/Src/W25Q64/w25qxx.o
                0x0000000020000764                w25qxx
 .bss.GPIO_PinStateMac
                0x000000002000078c        0x1 ./Core/srccpp/Bussinesslogic/LpdcLogic.o
                0x000000002000078c                GPIO_PinStateMac
 .bss.GPIO_PinStateEjection
                0x000000002000078d        0x1 ./Core/srccpp/Bussinesslogic/LpdcLogic.o
                0x000000002000078d                GPIO_PinStateEjection
 .bss.GPIO_PinStateRej
                0x000000002000078e        0x1 ./Core/srccpp/Bussinesslogic/LpdcLogic.o
                0x000000002000078e                GPIO_PinStateRej
 .bss.Sim_Trigger
                0x000000002000078f        0x1 ./Core/srccpp/Bussinesslogic/LpdcLogic.o
                0x000000002000078f                Sim_Trigger
 .bss.MAC_A_Prod_Input1_StartTimer
                0x0000000020000790        0x1 ./Core/srccpp/Bussinesslogic/LpdcLogic.o
                0x0000000020000790                MAC_A_Prod_Input1_StartTimer
 *fill*         0x0000000020000791        0x1 
 .bss.MAC_A_Prod_Input1_CountBase
                0x0000000020000792        0x2 ./Core/srccpp/Bussinesslogic/LpdcLogic.o
                0x0000000020000792                MAC_A_Prod_Input1_CountBase
 .bss.MAC_Gen_Prod_Input1_Production
                0x0000000020000794        0x2 ./Core/srccpp/Bussinesslogic/LpdcLogic.o
                0x0000000020000794                MAC_Gen_Prod_Input1_Production
 .bss.Production_Zeit
                0x0000000020000796        0x2 ./Core/srccpp/Bussinesslogic/LpdcLogic.o
                0x0000000020000796                Production_Zeit
 .bss.MAC_Gen_Rej_Input_Production
                0x0000000020000798        0x2 ./Core/srccpp/Bussinesslogic/LpdcLogic.o
                0x0000000020000798                MAC_Gen_Rej_Input_Production
 .bss.Rejection_Zeit
                0x000000002000079a        0x2 ./Core/srccpp/Bussinesslogic/LpdcLogic.o
                0x000000002000079a                Rejection_Zeit
 .bss.Manual_RejectionCount
                0x000000002000079c        0x2 ./Core/srccpp/Bussinesslogic/LpdcLogic.o
                0x000000002000079c                Manual_RejectionCount
 .bss.CurrentShift_K1
                0x000000002000079e        0x1 ./Core/srccpp/Bussinesslogic/LpdcLogic.o
                0x000000002000079e                CurrentShift_K1
 .bss.IsCurrentShiftUpdated
                0x000000002000079f        0x1 ./Core/srccpp/Bussinesslogic/LpdcLogic.o
                0x000000002000079f                IsCurrentShiftUpdated
 .bss.UpdateStorage
                0x00000000200007a0        0x1 ./Core/srccpp/Bussinesslogic/LpdcLogic.o
                0x00000000200007a0                UpdateStorage
 .bss.updateMemProcCtrl
                0x00000000200007a1        0x1 ./Core/srccpp/Bussinesslogic/LpdcLogic.o
                0x00000000200007a1                updateMemProcCtrl
 .bss.productionInc
                0x00000000200007a2        0x2 ./Core/srccpp/Bussinesslogic/LpdcLogic.o
                0x00000000200007a2                productionInc
 .bss.requirementIdK1
                0x00000000200007a4        0x2 ./Core/srccpp/Bussinesslogic/LpdcLogic.o
                0x00000000200007a4                requirementIdK1
 .bss.productionTarget
                0x00000000200007a6        0x2 ./Core/srccpp/Bussinesslogic/LpdcLogic.o
                0x00000000200007a6                productionTarget
 .bss.triggerStartForReq
                0x00000000200007a8        0x1 ./Core/srccpp/Bussinesslogic/LpdcLogic.o
                0x00000000200007a8                triggerStartForReq
 *fill*         0x00000000200007a9        0x3 
 .bss.GLCDNumericArray
                0x00000000200007ac        0x2 ./Core/srccpp/DisplayCPP/DisplayRoutine.o
                0x00000000200007ac                GLCDNumericArray
 *fill*         0x00000000200007ae        0x2 
 .bss.gLCDNumericArraySize_4
                0x00000000200007b0        0x4 ./Core/srccpp/DisplayCPP/DisplayRoutine.o
                0x00000000200007b0                gLCDNumericArraySize_4
 .bss.length    0x00000000200007b4        0x1 ./Core/srccpp/DisplayCPP/GLCD.o
                0x00000000200007b4                length
 *fill*         0x00000000200007b5        0x1 
 .bss.machineId
                0x00000000200007b6        0x2 ./Core/srccpp/Dwin/Dwinhmi.o
                0x00000000200007b6                machineId
 .bss.machineIdK1
                0x00000000200007b8        0x2 ./Core/srccpp/Dwin/Dwinhmi.o
                0x00000000200007b8                machineIdK1
 .bss.portNumber
                0x00000000200007ba        0x2 ./Core/srccpp/Dwin/Dwinhmi.o
                0x00000000200007ba                portNumber
 .bss.portNumberK1
                0x00000000200007bc        0x2 ./Core/srccpp/Dwin/Dwinhmi.o
                0x00000000200007bc                portNumberK1
 *fill*         0x00000000200007be        0x2 
 .bss.serverAddress
                0x00000000200007c0       0x14 ./Core/srccpp/Dwin/Dwinhmi.o
                0x00000000200007c0                serverAddress
 .bss.userNameWifi
                0x00000000200007d4       0x14 ./Core/srccpp/Dwin/Dwinhmi.o
                0x00000000200007d4                userNameWifi
 .bss.passwordWifi
                0x00000000200007e8       0x14 ./Core/srccpp/Dwin/Dwinhmi.o
                0x00000000200007e8                passwordWifi
 .bss.shiftP    0x00000000200007fc        0x1 ./Core/srccpp/Dwin/Dwinhmi.o
                0x00000000200007fc                shiftP
 .bss.len_i     0x00000000200007fd        0x1 ./Core/srccpp/Dwin/Dwinhmi.o
                0x00000000200007fd                len_i
 .bss.dwinRxFramValid
                0x00000000200007fe        0x1 ./Core/srccpp/Dwin/Dwinhmi.o
                0x00000000200007fe                dwinRxFramValid
 .bss.updateDwindata
                0x00000000200007ff        0x1 ./Core/srccpp/Dwin/Dwinhmi.o
                0x00000000200007ff                updateDwindata
 .bss.Dwinseq   0x0000000020000800        0x1 ./Core/srccpp/Dwin/Dwinhmi.o
                0x0000000020000800                Dwinseq
 *fill*         0x0000000020000801        0x3 
 .bss.w5500     0x0000000020000804        0x4 ./Core/srccpp/Ethernet/W5500.o
                0x0000000020000804                w5500
 .bss.u8rxbuf   0x0000000020000808       0xff ./Core/srccpp/Modbus/Modbusrtu.o
                0x0000000020000808                u8rxbuf
 .bss.TxSeqComplete
                0x0000000020000907        0x1 ./Core/srccpp/Modbus/Modbusrtu.o
                0x0000000020000907                TxSeqComplete
 .bss.ProductionSet_uintFormat
                0x0000000020000908       0x64 ./Core/srccpp/OfflineStorage/OfflineStorage.o
                0x0000000020000908                ProductionSet_uintFormat
 .bss.ProductionSet_charFormat
                0x000000002000096c       0x64 ./Core/srccpp/OfflineStorage/OfflineStorage.o
                0x000000002000096c                ProductionSet_charFormat
 .bss.MAC_Gen_Prod_Input1_Production_K1
                0x00000000200009d0        0x2 ./Core/srccpp/OfflineStorage/OfflineStorage.o
                0x00000000200009d0                MAC_Gen_Prod_Input1_Production_K1
 .bss.MAC_Gen_Rej_Input_Production_K1
                0x00000000200009d2        0x2 ./Core/srccpp/OfflineStorage/OfflineStorage.o
                0x00000000200009d2                MAC_Gen_Rej_Input_Production_K1
 .bss.Manual_RejectionCount_K1
                0x00000000200009d4        0x2 ./Core/srccpp/OfflineStorage/OfflineStorage.o
                0x00000000200009d4                Manual_RejectionCount_K1
 .bss.SectorPos
                0x00000000200009d6        0x2 ./Core/srccpp/OfflineStorage/OfflineStorage.o
                0x00000000200009d6                SectorPos
 .bss.BlockStatusOffline
                0x00000000200009d8       0x28 ./Core/srccpp/OfflineStorage/OfflineStorage.o
                0x00000000200009d8                BlockStatusOffline
 .bss.productionIncK1
                0x0000000020000a00        0x2 ./Core/srccpp/OfflineStorage/OfflineStorage.o
                0x0000000020000a00                productionIncK1
 .bss.triggerStartForReqK1
                0x0000000020000a02        0x1 ./Core/srccpp/OfflineStorage/OfflineStorage.o
                0x0000000020000a02                triggerStartForReqK1
 .bss.startStopStatusK1
                0x0000000020000a03        0x1 ./Core/srccpp/OfflineStorage/OfflineStorage.o
                0x0000000020000a03                startStopStatusK1