../Core/srccpp/Modbus/Modbusrtu.cpp:19:1:Modbusrtu::~Modbusrtu()	0	static
../Core/srccpp/Modbus/Modbusrtu.cpp:19:1:virtual Modbusrtu::~Modbusrtu()	8	static
../Core/srccpp/Modbus/Modbusrtu.cpp:14:1:Modbusrtu::Modbusrtu()	16	static
../Core/srccpp/Modbus/Modbusrtu.cpp:105:6:void HAL_UART_TxCpltCallback(UART_HandleTypeDef*)	0	static
../Core/srccpp/Modbus/Modbusrtu.cpp:110:10:uint16_t Modbusrtu::ASCChecksum(uint8_t*, uint8_t)	12	static
../Core/srccpp/Modbus/Modbusrtu.cpp:23:6:void Modbusrtu::ModbusReadTransaction()	24	static
