../Core/srccpp/OfflineStorage/OfflineStorage.cpp:54:1:OfflineStorage::OfflineStorage()	16	static
../Core/srccpp/OfflineStorage/OfflineStorage.cpp:59:1:OfflineStorage::~OfflineStorage()	16	static
../Core/srccpp/OfflineStorage/OfflineStorage.cpp:59:1:virtual OfflineStorage::~OfflineStorage()	16	static
../Core/srccpp/OfflineStorage/OfflineStorage.cpp:63:6:void OfflineStorage::run()	112	static
../Core/srccpp/OfflineStorage/OfflineStorage.cpp:162:6:void OfflineStorage::specialMacDataWrite()	16	static
../Core/srccpp/OfflineStorage/OfflineStorage.cpp:173:6:void OfflineStorage::dwinRxDataStore()	16	static
../Core/srccpp/OfflineStorage/OfflineStorage.cpp:186:6:void OfflineStorage::processDataWrite()	16	static
../Core/srccpp/OfflineStorage/OfflineStorage.cpp:207:6:void OfflineStorage::specialMacDataRead()	16	static
../Core/srccpp/OfflineStorage/OfflineStorage.cpp:214:6:void OfflineStorage::dwinRxDataRead()	16	static
../Core/srccpp/OfflineStorage/OfflineStorage.cpp:223:6:void OfflineStorage::processDataRead()	16	static
../Core/srccpp/OfflineStorage/OfflineStorage.cpp:235:6:void OfflineStorage::ReadOfflinedataInit()	16	static
../Core/srccpp/OfflineStorage/OfflineStorage.cpp:264:6:void OfflineStorage::ECUProductionInit()	16	static
