../Core/srccpp/OfflineStorage/OfflineStorage.cpp:60:1:OfflineStorage::OfflineStorage()	16	static
../Core/srccpp/OfflineStorage/OfflineStorage.cpp:65:1:OfflineStorage::~OfflineStorage()	16	static
../Core/srccpp/OfflineStorage/OfflineStorage.cpp:65:1:virtual OfflineStorage::~OfflineStorage()	16	static
../Core/srccpp/OfflineStorage/OfflineStorage.cpp:69:6:void OfflineStorage::run()	112	static
../Core/srccpp/OfflineStorage/OfflineStorage.cpp:168:6:void OfflineStorage::specialMacDataWrite()	16	static
../Core/srccpp/OfflineStorage/OfflineStorage.cpp:179:6:void OfflineStorage::dwinRxDataStore()	16	static
../Core/srccpp/OfflineStorage/OfflineStorage.cpp:191:6:void OfflineStorage::dwinCloudDataStore()	32	static
../Core/srccpp/OfflineStorage/OfflineStorage.cpp:219:6:void OfflineStorage::processDataWrite()	16	static
../Core/srccpp/OfflineStorage/OfflineStorage.cpp:240:6:void OfflineStorage::specialMacDataRead()	16	static
../Core/srccpp/OfflineStorage/OfflineStorage.cpp:247:6:void OfflineStorage::dwinRxDataRead()	16	static
../Core/srccpp/OfflineStorage/OfflineStorage.cpp:256:6:void OfflineStorage::processDataRead()	16	static
../Core/srccpp/OfflineStorage/OfflineStorage.cpp:268:6:void OfflineStorage::ReadOfflinedataInit()	16	static
../Core/srccpp/OfflineStorage/OfflineStorage.cpp:297:6:void OfflineStorage::ECUProductionInit()	16	static
