../Core/Src/stm32l4xx_hal_msp.c:63:6:HAL_MspInit	8	static
../Core/Src/stm32l4xx_hal_msp.c:85:6:HAL_I2C_MspInit	136	static
../Core/Src/stm32l4xx_hal_msp.c:131:6:HAL_I2C_MspDeInit	8	static
../Core/Src/stm32l4xx_hal_msp.c:162:6:HAL_UART_MspInit	152	static
../Core/Src/stm32l4xx_hal_msp.c:283:6:HAL_UART_MspDeInit	8	static
../Core/Src/stm32l4xx_hal_msp.c:352:6:HAL_SPI_MspInit	48	static
../Core/Src/stm32l4xx_hal_msp.c:414:6:HAL_SPI_MspDeInit	0	static
../Core/Src/stm32l4xx_hal_msp.c:463:6:HAL_TIM_Base_MspInit	24	static
../Core/Src/stm32l4xx_hal_msp.c:513:6:HAL_TIM_Base_MspDeInit	0	static
