../Core/srccpp/WifiEsp8266/ESP8266.cpp:50:1:ESP8266::~ESP8266()	0	static
../Core/srccpp/WifiEsp8266/ESP8266.cpp:50:1:virtual ESP8266::~ESP8266()	8	static
../Core/srccpp/WifiEsp8266/ESP8266.cpp:45:1:ESP8266::ESP8266()	24	static
../Core/srccpp/WifiEsp8266/ESP8266.cpp:62:6:void ESP8266::Send_WifiCmd()	32	static
../Core/srccpp/WifiEsp8266/ESP8266.cpp:300:6:void ESP8266::RefreshWifiData()	80	static
../Core/srccpp/WifiEsp8266/ESP8266.cpp:55:6:void ESP8266::run()	8	static
../Core/srccpp/WifiEsp8266/ESP8266.cpp:370:6:void ESP8266::Init()	64	static
