../Core/Src/main.c:111:5:main	8	static
../Core/Src/main.c:205:6:SystemClock_Config	96	static
../Core/Src/main.c:256:13:MX_I2C1_Init	8	static
../Core/Src/main.c:304:13:MX_LPUART1_UART_Init	8	static
../Core/Src/main.c:338:13:MX_USART1_UART_Init	8	static
../Core/Src/main.c:373:13:MX_USART2_UART_Init	8	static
../Core/Src/main.c:408:13:MX_SPI1_Init	8	static
../Core/Src/main.c:448:13:MX_SPI2_Init	8	static
../Core/Src/main.c:488:13:MX_TIM1_Init	40	static
../Core/Src/main.c:535:13:MX_TIM6_Init	24	static
../Core/Src/main.c:573:13:MX_TIM7_Init	24	static
../Core/Src/main.c:611:13:MX_GPIO_Init	48	static
../Core/Src/main.c:720:6:Error_Handler	4	static,ignoring_inline_asm
