../Core/srccpp/DisplayCPP/DisplayRoutine.cpp:25:1:DisplayRoutine::DisplayRoutine()	24	static
../Core/srccpp/DisplayCPP/DisplayRoutine.cpp:61:6:void DisplayRoutine::value2Digit(uint8_t, uint8_t, uint8_t)	12	static
../Core/srccpp/DisplayCPP/DisplayRoutine.cpp:67:6:void DisplayRoutine::value4Digit(uint16_t, uint8_t, uint8_t)	16	static
../Core/srccpp/DisplayCPP/DisplayRoutine.cpp:34:6:void DisplayRoutine::run()	24	static
../Core/srccpp/DisplayCPP/DisplayRoutine.cpp:76:6:void DisplayRoutine::Init()	16	static
../Core/srccpp/DisplayCPP/DisplayRoutine.cpp:30:1:DisplayRoutine::~DisplayRoutine()	8	static
../Core/srccpp/DisplayCPP/DisplayRoutine.cpp:30:1:virtual DisplayRoutine::~DisplayRoutine()	8	static
