../Core/srccpp/DisplayCPP/GLCD.cpp:19:1:GLCD::~GLCD()	8	static
../Core/srccpp/DisplayCPP/GLCD.cpp:19:1:virtual GLCD::~GLCD()	8	static
../Core/srccpp/DisplayCPP/GLCD.cpp:14:1:GLCD::GLCD()	40	static
../Core/srccpp/DisplayCPP/GLCD.cpp:23:6:void GLCD::m_ctrloff()	8	static
../Core/srccpp/DisplayCPP/GLCD.cpp:31:6:void GLCD::m_delay(unsigned int)	0	static
../Core/srccpp/DisplayCPP/GLCD.cpp:36:6:void GLCD::m_delay(unsigned int, uint8_t)	0	static
../Core/srccpp/DisplayCPP/GLCD.cpp:44:6:void GLCD::m_IOWritethedata(uint8_t)	8	static
../Core/srccpp/DisplayCPP/GLCD.cpp:56:6:void GLCD::m_displayon()	8	static
../Core/srccpp/DisplayCPP/GLCD.cpp:69:6:void GLCD::m_displayoff()	8	static
../Core/srccpp/DisplayCPP/GLCD.cpp:83:6:void GLCD::m_setcolumn(uint8_t)	16	static
../Core/srccpp/DisplayCPP/GLCD.cpp:117:6:void GLCD::m_setpage(uint8_t)	16	static
../Core/srccpp/DisplayCPP/GLCD.cpp:133:6:void GLCD::m_setstartline(uint8_t)	16	static
../Core/srccpp/DisplayCPP/GLCD.cpp:149:6:void GLCD::m_lcddata(uint8_t*, uint16_t)	24	static
../Core/srccpp/DisplayCPP/GLCD.cpp:189:6:void GLCD::m_lcdputs1(uint8_t, uint8_t, char*)	24	static
../Core/srccpp/DisplayCPP/GLCD.cpp:205:6:void GLCD::m_lcdputs2(uint8_t, uint8_t, uint8_t*)	16	static
../Core/srccpp/DisplayCPP/GLCD.cpp:219:6:void GLCD::m_clrlcd()	24	static
