Archive member included to satisfy reference by file (symbol)

c:/st/stm32cubeide_1.8.0/stm32cubeide/plugins/com.st.stm32cube.ide.mcu.externaltools.gnu-tools-for-stm32.10.3-2021.10.win32_1.0.100.202210260954/tools/bin/../lib/gcc/arm-none-eabi/10.3.1/../../../../arm-none-eabi/lib/thumb/v7e-m+fp/hard\libstdc++_nano.a(del_ops.o)
                              ./Core/srccpp/Bussinesslogic/LpdcLogic.o (operator delete(void*, unsigned int))
c:/st/stm32cubeide_1.8.0/stm32cubeide/plugins/com.st.stm32cube.ide.mcu.externaltools.gnu-tools-for-stm32.10.3-2021.10.win32_1.0.100.202210260954/tools/bin/../lib/gcc/arm-none-eabi/10.3.1/../../../../arm-none-eabi/lib/thumb/v7e-m+fp/hard\libstdc++_nano.a(del_op.o)
                              c:/st/stm32cubeide_1.8.0/stm32cubeide/plugins/com.st.stm32cube.ide.mcu.externaltools.gnu-tools-for-stm32.10.3-2021.10.win32_1.0.100.202210260954/tools/bin/../lib/gcc/arm-none-eabi/10.3.1/../../../../arm-none-eabi/lib/thumb/v7e-m+fp/hard\libstdc++_nano.a(del_ops.o) (operator delete(void*))
c:/st/stm32cubeide_1.8.0/stm32cubeide/plugins/com.st.stm32cube.ide.mcu.externaltools.gnu-tools-for-stm32.10.3-2021.10.win32_1.0.100.202210260954/tools/bin/../lib/gcc/arm-none-eabi/10.3.1/../../../../arm-none-eabi/lib/thumb/v7e-m+fp/hard\libc_nano.a(lib_a-errno.o)
                              ./Core/Src/syscalls.o (__errno)
c:/st/stm32cubeide_1.8.0/stm32cubeide/plugins/com.st.stm32cube.ide.mcu.externaltools.gnu-tools-for-stm32.10.3-2021.10.win32_1.0.100.202210260954/tools/bin/../lib/gcc/arm-none-eabi/10.3.1/../../../../arm-none-eabi/lib/thumb/v7e-m+fp/hard\libc_nano.a(lib_a-exit.o)
                              c:/st/stm32cubeide_1.8.0/stm32cubeide/plugins/com.st.stm32cube.ide.mcu.externaltools.gnu-tools-for-stm32.10.3-2021.10.win32_1.0.100.202210260954/tools/bin/../lib/gcc/arm-none-eabi/10.3.1/../../../../arm-none-eabi/lib/thumb/v7e-m+fp/hard/crt0.o (exit)
c:/st/stm32cubeide_1.8.0/stm32cubeide/plugins/com.st.stm32cube.ide.mcu.externaltools.gnu-tools-for-stm32.10.3-2021.10.win32_1.0.100.202210260954/tools/bin/../lib/gcc/arm-none-eabi/10.3.1/../../../../arm-none-eabi/lib/thumb/v7e-m+fp/hard\libc_nano.a(lib_a-impure.o)
                              c:/st/stm32cubeide_1.8.0/stm32cubeide/plugins/com.st.stm32cube.ide.mcu.externaltools.gnu-tools-for-stm32.10.3-2021.10.win32_1.0.100.202210260954/tools/bin/../lib/gcc/arm-none-eabi/10.3.1/../../../../arm-none-eabi/lib/thumb/v7e-m+fp/hard\libc_nano.a(lib_a-exit.o) (_global_impure_ptr)
c:/st/stm32cubeide_1.8.0/stm32cubeide/plugins/com.st.stm32cube.ide.mcu.externaltools.gnu-tools-for-stm32.10.3-2021.10.win32_1.0.100.202210260954/tools/bin/../lib/gcc/arm-none-eabi/10.3.1/../../../../arm-none-eabi/lib/thumb/v7e-m+fp/hard\libc_nano.a(lib_a-init.o)
                              c:/st/stm32cubeide_1.8.0/stm32cubeide/plugins/com.st.stm32cube.ide.mcu.externaltools.gnu-tools-for-stm32.10.3-2021.10.win32_1.0.100.202210260954/tools/bin/../lib/gcc/arm-none-eabi/10.3.1/../../../../arm-none-eabi/lib/thumb/v7e-m+fp/hard/crt0.o (__libc_init_array)
c:/st/stm32cubeide_1.8.0/stm32cubeide/plugins/com.st.stm32cube.ide.mcu.externaltools.gnu-tools-for-stm32.10.3-2021.10.win32_1.0.100.202210260954/tools/bin/../lib/gcc/arm-none-eabi/10.3.1/../../../../arm-none-eabi/lib/thumb/v7e-m+fp/hard\libc_nano.a(lib_a-malloc.o)
                              c:/st/stm32cubeide_1.8.0/stm32cubeide/plugins/com.st.stm32cube.ide.mcu.externaltools.gnu-tools-for-stm32.10.3-2021.10.win32_1.0.100.202210260954/tools/bin/../lib/gcc/arm-none-eabi/10.3.1/../../../../arm-none-eabi/lib/thumb/v7e-m+fp/hard\libstdc++_nano.a(del_op.o) (free)
c:/st/stm32cubeide_1.8.0/stm32cubeide/plugins/com.st.stm32cube.ide.mcu.externaltools.gnu-tools-for-stm32.10.3-2021.10.win32_1.0.100.202210260954/tools/bin/../lib/gcc/arm-none-eabi/10.3.1/../../../../arm-none-eabi/lib/thumb/v7e-m+fp/hard\libc_nano.a(lib_a-memcpy-stub.o)
                              ./Core/srccpp/Modbus/Modbusrtu.o (memcpy)
c:/st/stm32cubeide_1.8.0/stm32cubeide/plugins/com.st.stm32cube.ide.mcu.externaltools.gnu-tools-for-stm32.10.3-2021.10.win32_1.0.100.202210260954/tools/bin/../lib/gcc/arm-none-eabi/10.3.1/../../../../arm-none-eabi/lib/thumb/v7e-m+fp/hard\libc_nano.a(lib_a-memset.o)
                              c:/st/stm32cubeide_1.8.0/stm32cubeide/plugins/com.st.stm32cube.ide.mcu.externaltools.gnu-tools-for-stm32.10.3-2021.10.win32_1.0.100.202210260954/tools/bin/../lib/gcc/arm-none-eabi/10.3.1/../../../../arm-none-eabi/lib/thumb/v7e-m+fp/hard/crt0.o (memset)
c:/st/stm32cubeide_1.8.0/stm32cubeide/plugins/com.st.stm32cube.ide.mcu.externaltools.gnu-tools-for-stm32.10.3-2021.10.win32_1.0.100.202210260954/tools/bin/../lib/gcc/arm-none-eabi/10.3.1/../../../../arm-none-eabi/lib/thumb/v7e-m+fp/hard\libc_nano.a(lib_a-nano-freer.o)
[...]
Memory Configuration

Name             Origin             Length             Attributes
RAM              0x0000000020000000 0x0000000000010000 xrw
RAM2             0x0000000010000000 0x0000000000004000 xrw
FLASH            0x0000000008000000 0x0000000000040000 xr
*default*        0x0000000000000000 0xffffffffffffffff

Linker script and memory map

LOAD c:/st/stm32cubeide_1.8.0/stm32cubeide/plugins/com.st.stm32cube.ide.mcu.externaltools.gnu-tools-for-stm32.10.3-2021.10.win32_1.0.100.202210260954/tools/bin/../lib/gcc/arm-none-eabi/10.3.1/thumb/v7e-m+fp/hard/crti.o
LOAD c:/st/stm32cubeide_1.8.0/stm32cubeide/plugins/com.st.stm32cube.ide.mcu.externaltools.gnu-tools-for-stm32.10.3-2021.10.win32_1.0.100.202210260954/tools/bin/../lib/gcc/arm-none-eabi/10.3.1/thumb/v7e-m+fp/hard/crtbegin.o
LOAD c:/st/stm32cubeide_1.8.0/stm32cubeide/plugins/com.st.stm32cube.ide.mcu.externaltools.gnu-tools-for-stm32.10.3-2021.10.win32_1.0.100.202210260954/tools/bin/../lib/gcc/arm-none-eabi/10.3.1/../../../../arm-none-eabi/lib/thumb/v7e-m+fp/hard/crt0.o
LOAD ./Core/Src/ESP8266/esp8266.o
LOAD ./Core/Src/ESP8266/esp8266_rx.o
LOAD ./Core/Src/GLCD_clib.o
LOAD ./Core/Src/TimerIntHandler.o
LOAD ./Core/Src/UARTTxRxHandle.o
LOAD ./Core/Src/main.o
LOAD ./Core/Src/stm32l4xx_hal_msp.o
LOAD ./Core/Src/stm32l4xx_it.o
LOAD ./Core/Src/syscalls.o
LOAD ./Core/Src/sysmem.o
LOAD ./Core/Src/system_stm32l4xx.o
LOAD ./Core/Src/RTC/ds1307.o
LOAD ./Core/Src/W25Q64/w25qxx.o
LOAD ./Core/Src/W5500_C/W5500/w5500.o
LOAD ./Core/Src/W5500_C/socket.o
LOAD ./Core/Src/W5500_C/w5500_spi.o
LOAD ./Core/Src/W5500_C/wizchip_conf.o
LOAD ./Core/Startup/startup_stm32l433rctx.o
LOAD ./Core/srccpp/Bussinesslogic/LpdcLogic.o
LOAD ./Core/srccpp/Common/common.o
LOAD ./Core/srccpp/DisplayCPP/DisplayRoutine.o
LOAD ./Core/srccpp/DisplayCPP/GLCD.o
LOAD ./Core/srccpp/Ethernet/W5500.o
LOAD ./Core/srccpp/Modbus/Modbusrtu.o
LOAD ./Core/srccpp/OfflineStorage/OfflineStorage.o
LOAD ./Core/srccpp/Shift/SHIFT.o
LOAD ./Core/srccpp/WifiEsp8266/ESP8266.o
LOAD ./Core/srccpp/main.o
LOAD ./Drivers/STM32L4xx_HAL_Driver/Src/stm32l4xx_hal.o
LOAD ./Drivers/STM32L4xx_HAL_Driver/Src/stm32l4xx_hal_cortex.o
LOAD ./Drivers/STM32L4xx_HAL_Driver/Src/stm32l4xx_hal_dma.o
LOAD ./Drivers/STM32L4xx_HAL_Driver/Src/stm32l4xx_hal_dma_ex.o
LOAD ./Drivers/STM32L4xx_HAL_Driver/Src/stm32l4xx_hal_exti.o
LOAD ./Drivers/STM32L4xx_HAL_Driver/Src/stm32l4xx_hal_flash.o
LOAD ./Drivers/STM32L4xx_HAL_Driver/Src/stm32l4xx_hal_flash_ex.o
LOAD ./Drivers/STM32L4xx_HAL_Driver/Src/stm32l4xx_hal_flash_ramfunc.o
LOAD ./Drivers/STM32L4xx_HAL_Driver/Src/stm32l4xx_hal_gpio.o
LOAD ./Drivers/STM32L4xx_HAL_Driver/Src/stm32l4xx_hal_i2c.o
LOAD ./Drivers/STM32L4xx_HAL_Driver/Src/stm32l4xx_hal_i2c_ex.o
LOAD ./Drivers/STM32L4xx_HAL_Driver/Src/stm32l4xx_hal_pwr.o
LOAD ./Drivers/STM32L4xx_HAL_Driver/Src/stm32l4xx_hal_pwr_ex.o
LOAD ./Drivers/STM32L4xx_HAL_Driver/Src/stm32l4xx_hal_rcc.o
LOAD ./Drivers/STM32L4xx_HAL_Driver/Src/stm32l4xx_hal_rcc_ex.o
LOAD ./Drivers/STM32L4xx_HAL_Driver/Src/stm32l4xx_hal_spi.o
LOAD ./Drivers/STM32L4xx_HAL_Driver/Src/stm32l4xx_hal_spi_ex.o
LOAD ./Drivers/STM32L4xx_HAL_Driver/Src/stm32l4xx_hal_tim.o
LOAD ./Drivers/STM32L4xx_HAL_Driver/Src/stm32l4xx_hal_tim_ex.o
LOAD ./Drivers/STM32L4xx_HAL_Driver/Src/stm32l4xx_hal_uart.o
LOAD ./Drivers/STM32L4xx_HAL_Driver/Src/stm32l4xx_hal_uart_ex.o
START GROUP
LOAD c:/st/stm32cubeide_1.8.0/stm32cubeide/plugins/com.st.stm32cube.ide.mcu.externaltools.gnu-tools-for-stm32.10.3-2021.10.win32_1.0.100.202210260954/tools/bin/../lib/gcc/arm-none-eabi/10.3.1/../../../../arm-none-eabi/lib/thumb/v7e-m+fp/hard\libstdc++_nano.a
LOAD c:/st/stm32cubeide_1.8.0/stm32cubeide/plugins/com.st.stm32cube.ide.mcu.externaltools.gnu-tools-for-stm32.10.3-2021.10.win32_1.0.100.202210260954/tools/bin/../lib/gcc/arm-none-eabi/10.3.1/../../../../arm-none-eabi/lib/thumb/v7e-m+fp/hard\libsupc++_nano.a
END GROUP
LOAD c:/st/stm32cubeide_1.8.0/stm32cubeide/plugins/com.st.stm32cube.ide.mcu.externaltools.gnu-tools-for-stm32.10.3-2021.10.win32_1.0.100.202210260954/tools/bin/../lib/gcc/arm-none-eabi/10.3.1/../../../../arm-none-eabi/lib/thumb/v7e-m+fp/hard\libstdc++_nano.a
LOAD c:/st/stm32cubeide_1.8.0/stm32cubeide/plugins/com.st.stm32cube.ide.mcu.externaltools.gnu-tools-for-stm32.10.3-2021.10.win32_1.0.100.202210260954/tools/bin/../lib/gcc/arm-none-eabi/10.3.1/../../../../arm-none-eabi/lib/thumb/v7e-m+fp/hard\libm.a
LOAD c:/st/stm32cubeide_1.8.0/stm32cubeide/plugins/com.st.stm32cube.ide.mcu.externaltools.gnu-tools-for-stm32.10.3-2021.10.win32_1.0.100.202210260954/tools/bin/../lib/gcc/arm-none-eabi/10.3.1/../../../../arm-none-eabi/lib/thumb/v7e-m+fp/hard\libc_nano.a
START GROUP
LOAD c:/st/stm32cubeide_1.8.0/stm32cubeide/plugins/com.st.stm32cube.ide.mcu.externaltools.gnu-tools-for-stm32.10.3-2021.10.win32_1.0.100.202210260954/tools/bin/../lib/gcc/arm-none-eabi/10.3.1/thumb/v7e-m+fp/hard\libgcc.a
LOAD c:/st/stm32cubeide_1.8.0/stm32cubeide/plugins/com.st.stm32cube.ide.mcu.externaltools.gnu-tools-for-stm32.10.3-2021.10.win32_1.0.100.202210260954/tools/bin/../lib/gcc/arm-none-eabi/10.3.1/../../../../arm-none-eabi/lib/thumb/v7e-m+fp/hard\libc_nano.a
END GROUP
START GROUP
LOAD c:/st/stm32cubeide_1.8.0/stm32cubeide/plugins/com.st.stm32cube.ide.mcu.externaltools.gnu-tools-for-stm32.10.3-2021.10.win32_1.0.100.202210260954/tools/bin/../lib/gcc/arm-none-eabi/10.3.1/thumb/v7e-m+fp/hard\libgcc.a
LOAD c:/st/stm32cubeide_1.8.0/stm32cubeide/plugins/com.st.stm32cube.ide.mcu.externaltools.gnu-tools-for-stm32.10.3-2021.10.win32_1.0.100.202210260954/tools/bin/../lib/gcc/arm-none-eabi/10.3.1/../../../../arm-none-eabi/lib/thumb/v7e-m+fp/hard\libc_nano.a
LOAD c:/st/stm32cubeide_1.8.0/stm32cubeide/plugins/com.st.stm32cube.ide.mcu.externaltools.gnu-tools-for-stm32.10.3-2021.10.win32_1.0.100.202210260954/tools/bin/../lib/gcc/arm-none-eabi/10.3.1/../../../../arm-none-eabi/lib/thumb/v7e-m+fp/hard\libnosys.a
END GROUP
START GROUP
LOAD c:/st/stm32cubeide_1.8.0/stm32cubeide/plugins/com.st.stm32cube.ide.mcu.externaltools.gnu-tools-for-stm32.10.3-2021.10.win32_1.0.100.202210260954/tools/bin/../lib/gcc/arm-none-eabi/10.3.1/thumb/v7e-m+fp/hard\libgcc.a
LOAD c:/st/stm32cubeide_1.8.0/stm32cubeide/plugins/com.st.stm32cube.ide.mcu.externaltools.gnu-tools-for-stm32.10.3-2021.10.win32_1.0.100.202210260954/tools/bin/../lib/gcc/arm-none-eabi/10.3.1/../../../../arm-none-eabi/lib/thumb/v7e-m+fp/hard\libc_nano.a
LOAD c:/st/stm32cubeide_1.8.0/stm32cubeide/plugins/com.st.stm32cube.ide.mcu.externaltools.gnu-tools-for-stm32.10.3-2021.10.win32_1.0.100.202210260954/tools/bin/../lib/gcc/arm-none-eabi/10.3.1/../../../../arm-none-eabi/lib/thumb/v7e-m+fp/hard\libnosys.a
END GROUP
LOAD c:/st/stm32cubeide_1.8.0/stm32cubeide/plugins/com.st.stm32cube.ide.mcu.externaltools.gnu-tools-for-stm32.10.3-2021.10.win32_1.0.100.202210260954/tools/bin/../lib/gcc/arm-none-eabi/10.3.1/thumb/v7e-m+fp/hard/crtend.o
LOAD c:/st/stm32cubeide_1.8.0/stm32cubeide/plugins/com.st.stm32cube.ide.mcu.externaltools.gnu-tools-for-stm32.10.3-2021.10.win32_1.0.100.202210260954/tools/bin/../lib/gcc/arm-none-eabi/10.3.1/thumb/v7e-m+fp/hard/crtn.o
                0x0000000020010000                _estack = (ORIGIN (RAM) + LENGTH (RAM))
                0x0000000000000200                _Min_Heap_Size = 0x200
                0x0000000000000400                _Min_Stack_Size = 0x400

.isr_vector     0x0000000008000000      0x18c
                0x0000000008000000                . = ALIGN (0x4)
 *(.isr_vector)
 .isr_vector    0x0000000008000000      0x18c ./Core/Startup/startup_stm32l433rctx.o
                0x0000000008000000                g_pfnVectors
                0x000000000800018c                . = ALIGN (0x4)

.text           0x0000000008000190     0x89ac
                0x0000000008000190                . = ALIGN (0x4)
 *(.text)
 .text          0x0000000008000190       0x40 c:/st/stm32cubeide_1.8.0/stm32cubeide/plugins/com.st.stm32cube.ide.mcu.externaltools.gnu-tools-for-stm32.10.3-2021.10.win32_1.0.100.202210260954/tools/bin/../lib/gcc/arm-none-eabi/10.3.1/thumb/v7e-m+fp/hard/crtbegin.o
 .text          0x00000000080001d0       0x10 c:/st/stm32cubeide_1.8.0/stm32cubeide/plugins/com.st.stm32cube.ide.mcu.externaltools.gnu-tools-for-stm32.10.3-2021.10.win32_1.0.100.202210260954/tools/bin/../lib/gcc/arm-none-eabi/10.3.1/../../../../arm-none-eabi/lib/thumb/v7e-m+fp/hard\libc_nano.a(lib_a-strlen.o)
                0x00000000080001d0                strlen
 .text          0x00000000080001e0       0xa0 c:/st/stm32cubeide_1.8.0/stm32cubeide/plugins/com.st.stm32cube.ide.mcu.externaltools.gnu-tools-for-stm32.10.3-2021.10.win32_1.0.100.202210260954/tools/bin/../lib/gcc/arm-none-eabi/10.3.1/../../../../arm-none-eabi/lib/thumb/v7e-m+fp/hard\libc_nano.a(lib_a-memchr.o)
                0x00000000080001e0                memchr
 .text          0x0000000008000280       0x30 c:/st/stm32cubeide_1.8.0/stm32cubeide/plugins/com.st.stm32cube.ide.mcu.externaltools.gnu-tools-for-stm32.10.3-2021.10.win32_1.0.100.202210260954/tools/bin/../lib/gcc/arm-none-eabi/10.3.1/thumb/v7e-m+fp/hard\libgcc.a(_aeabi_uldivmod.o)
                0x0000000008000280                __aeabi_uldivmod
 .text          0x00000000080002b0      0x2d0 c:/st/stm32cubeide_1.8.0/stm32cubeide/plugins/com.st.stm32cube.ide.mcu.externaltools.gnu-tools-for-stm32.10.3-2021.10.win32_1.0.100.202210260954/tools/bin/../lib/gcc/arm-none-eabi/10.3.1/thumb/v7e-m+fp/hard\libgcc.a(_udivmoddi4.o)
                0x00000000080002b0                __udivmoddi4
 .text          0x0000000008000580        0x4 c:/st/stm32cubeide_1.8.0/stm32cubeide/plugins/com.st.stm32cube.ide.mcu.externaltools.gnu-tools-for-stm32.10.3-2021.10.win32_1.0.100.202210260954/tools/bin/../lib/gcc/arm-none-eabi/10.3.1/thumb/v7e-m+fp/hard\libgcc.a(_dvmd_tls.o)
                0x0000000008000580                __aeabi_idiv0
                0x0000000008000580                __aeabi_ldiv0
 *(.text*)
 .text.ESPRXDataSeg
                0x0000000008000584      0x1c8 ./Core/Src/ESP8266/esp8266_rx.o
                0x0000000008000584                ESPRXDataSeg
 .text.ReadOnlineData
                0x000000000800074c       0x60 ./Core/Src/ESP8266/esp8266_rx.o
                0x000000000800074c                ReadOnlineData
 .text.DecToASCIIFun
                0x00000000080007ac       0x66 ./Core/Src/ESP8266/esp8266_rx.o
                0x00000000080007ac                DecToASCIIFun
 *fill*         0x0000000008000812        0x2 
 .text.ESPRxDecoder
                0x0000000008000814      0x8cc ./Core/Src/ESP8266/esp8266_rx.o
                0x0000000008000814                ESPRxDecoder
 .text.HAL_TIM_PeriodElapsedCallback
                0x00000000080010e0       0x88 ./Core/Src/TimerIntHandler.o
                0x00000000080010e0                HAL_TIM_PeriodElapsedCallback
 .text.HAL_UART_RxCpltCallback
                0x0000000008001168       0x8c ./Core/Src/UARTTxRxHandle.o
                0x0000000008001168                HAL_UART_RxCpltCallback
 .text.SystemClock_Config
                0x00000000080011f4       0x76 ./Core/Src/main.o
                0x00000000080011f4                SystemClock_Config
 *fill*         0x000000000800126a        0x2 
 .text.startup.main
                0x000000000800126c      0x434 ./Core/Src/main.o
                0x000000000800126c                main
 .text.Error_Handler
                0x00000000080016a0        0x4 ./Core/Src/main.o
                0x00000000080016a0                Error_Handler
 .text.HAL_MspInit
                0x00000000080016a4       0x30 ./Core/Src/stm32l4xx_hal_msp.o
                0x00000000080016a4                HAL_MspInit
 .text.HAL_I2C_MspInit
                0x00000000080016d4       0x88 ./Core/Src/stm32l4xx_hal_msp.o
                0x00000000080016d4                HAL_I2C_MspInit
 .text.HAL_UART_MspInit
                0x000000000800175c      0x160 ./Core/Src/stm32l4xx_hal_msp.o
                0x000000000800175c                HAL_UART_MspInit
 .text.HAL_SPI_MspInit
                0x00000000080018bc       0xb4 ./Core/Src/stm32l4xx_hal_msp.o
                0x00000000080018bc                HAL_SPI_MspInit
 .text.HAL_TIM_Base_MspInit
                0x0000000008001970       0x8c ./Core/Src/stm32l4xx_hal_msp.o
                0x0000000008001970                HAL_TIM_Base_MspInit
 .text.NMI_Handler
                0x00000000080019fc        0x2 ./Core/Src/stm32l4xx_it.o
                0x00000000080019fc                NMI_Handler
 .text.HardFault_Handler
                0x00000000080019fe        0x2 ./Core/Src/stm32l4xx_it.o
                0x00000000080019fe                HardFault_Handler
 .text.MemManage_Handler
                0x0000000008001a00        0x2 ./Core/Src/stm32l4xx_it.o
                0x0000000008001a00                MemManage_Handler
 .text.BusFault_Handler
                0x0000000008001a02        0x2 ./Core/Src/stm32l4xx_it.o
                0x0000000008001a02                BusFault_Handler
 .text.UsageFault_Handler
                0x0000000008001a04        0x2 ./Core/Src/stm32l4xx_it.o
                0x0000000008001a04                UsageFault_Handler
 .text.SVC_Handler
                0x0000000008001a06        0x2 ./Core/Src/stm32l4xx_it.o
                0x0000000008001a06                SVC_Handler
 .text.DebugMon_Handler
                0x0000000008001a08        0x2 ./Core/Src/stm32l4xx_it.o
                0x0000000008001a08                DebugMon_Handler
 .text.PendSV_Handler
                0x0000000008001a0a        0x2 ./Core/Src/stm32l4xx_it.o
                0x0000000008001a0a                PendSV_Handler
 .text.SysTick_Handler
                0x0000000008001a0c        0x4 ./Core/Src/stm32l4xx_it.o
                0x0000000008001a0c                SysTick_Handler
 .text.USART1_IRQHandler
                0x0000000008001a10        0xc ./Core/Src/stm32l4xx_it.o
                0x0000000008001a10                USART1_IRQHandler
 .text.TIM6_DAC_IRQHandler
                0x0000000008001a1c        0xc ./Core/Src/stm32l4xx_it.o
                0x0000000008001a1c                TIM6_DAC_IRQHandler
 .text.TIM7_IRQHandler
                0x0000000008001a28        0xc ./Core/Src/stm32l4xx_it.o
                0x0000000008001a28                TIM7_IRQHandler
 .text.LPUART1_IRQHandler
                0x0000000008001a34        0xc ./Core/Src/stm32l4xx_it.o
                0x0000000008001a34                LPUART1_IRQHandler
 .text._sbrk    0x0000000008001a40       0x40 ./Core/Src/sysmem.o
                0x0000000008001a40                _sbrk
 .text.SystemInit
                0x0000000008001a80       0x14 ./Core/Src/system_stm32l4xx.o
                0x0000000008001a80                SystemInit
 .text.bcd2bin  0x0000000008001a94       0x12 ./Core/Src/RTC/ds1307.o
                0x0000000008001a94                bcd2bin
 .text.bin2bcd  0x0000000008001aa6       0x12 ./Core/Src/RTC/ds1307.o
                0x0000000008001aa6                bin2bcd
 .text.rtc_get_time
                0x0000000008001ab8       0x4c ./Core/Src/RTC/ds1307.o
                0x0000000008001ab8                rtc_get_time
 .text.rtc_set_time
                0x0000000008001b04       0x48 ./Core/Src/RTC/ds1307.o
                0x0000000008001b04                rtc_set_time
 .text.rtc_get_date
                0x0000000008001b4c       0x58 ./Core/Src/RTC/ds1307.o
                0x0000000008001b4c                rtc_get_date
 .text.rtc_set_date
                0x0000000008001ba4       0x50 ./Core/Src/RTC/ds1307.o
                0x0000000008001ba4                rtc_set_date
 .text.W25qxx_Spi
                0x0000000008001bf4       0x28 ./Core/Src/W25Q64/w25qxx.o
                0x0000000008001bf4                W25qxx_Spi
 .text.W25qxx_ReadID
                0x0000000008001c1c       0x48 ./Core/Src/W25Q64/w25qxx.o
                0x0000000008001c1c                W25qxx_ReadID
 .text.W25qxx_ReadUniqID
                0x0000000008001c64       0x54 ./Core/Src/W25Q64/w25qxx.o
                0x0000000008001c64                W25qxx_ReadUniqID
 .text.W25qxx_WriteEnable
                0x0000000008001cb8       0x2c ./Core/Src/W25Q64/w25qxx.o
                0x0000000008001cb8                W25qxx_WriteEnable
 .text.W25qxx_ReadStatusRegister
                0x0000000008001ce4       0x68 ./Core/Src/W25Q64/w25qxx.o
                0x0000000008001ce4                W25qxx_ReadStatusRegister
 .text.W25qxx_WaitForWriteEnd
                0x0000000008001d4c       0x48 ./Core/Src/W25Q64/w25qxx.o
                0x0000000008001d4c                W25qxx_WaitForWriteEnd
 .text.W25qxx_Init
                0x0000000008001d94       0xf4 ./Core/Src/W25Q64/w25qxx.o
                0x0000000008001d94                W25qxx_Init
 .text.W25qxx_EraseSector
                0x0000000008001e88       0x80 ./Core/Src/W25Q64/w25qxx.o
                0x0000000008001e88                W25qxx_EraseSector
 .text.W25qxx_SectorToPage
                0x0000000008001f08       0x14 ./Core/Src/W25Q64/w25qxx.o
                0x0000000008001f08                W25qxx_SectorToPage
 .text.W25qxx_IsEmptySector
                0x0000000008001f1c      0x13c ./Core/Src/W25Q64/w25qxx.o
                0x0000000008001f1c                W25qxx_IsEmptySector
 .text.W25qxx_WritePage
                0x0000000008002058       0xa8 ./Core/Src/W25Q64/w25qxx.o
                0x0000000008002058                W25qxx_WritePage
 .text.W25qxx_WriteSector
                0x0000000008002100       0x6c ./Core/Src/W25Q64/w25qxx.o
                0x0000000008002100                W25qxx_WriteSector
 .text.W25qxx_ReadPage
                0x000000000800216c       0xac ./Core/Src/W25Q64/w25qxx.o
                0x000000000800216c                W25qxx_ReadPage
 .text.W25qxx_ReadSector
                0x0000000008002218       0x6c ./Core/Src/W25Q64/w25qxx.o
                0x0000000008002218                W25qxx_ReadSector
 .text.Reset_Handler
                0x0000000008002284       0x50 ./Core/Startup/startup_stm32l433rctx.o
                0x0000000008002284                Reset_Handler
 .text.Default_Handler
                0x00000000080022d4        0x2 ./Core/Startup/startup_stm32l433rctx.o
                0x00000000080022d4                RTC_Alarm_IRQHandler
                0x00000000080022d4                EXTI2_IRQHandler
                0x00000000080022d4                TIM1_CC_IRQHandler
                0x00000000080022d4                TSC_IRQHandler
                0x00000000080022d4                TAMP_STAMP_IRQHandler
                0x00000000080022d4                EXTI3_IRQHandler
                0x00000000080022d4                LPTIM2_IRQHandler
                0x00000000080022d4                I2C3_ER_IRQHandler
                0x00000000080022d4                EXTI0_IRQHandler
                0x00000000080022d4                I2C2_EV_IRQHandler
                0x00000000080022d4                CAN1_RX0_IRQHandler
                0x00000000080022d4                FPU_IRQHandler
                0x00000000080022d4                TIM1_UP_TIM16_IRQHandler
                0x00000000080022d4                SPI1_IRQHandler
                0x00000000080022d4                DMA2_Channel2_IRQHandler
                0x00000000080022d4                DMA1_Channel4_IRQHandler
                0x00000000080022d4                ADC1_IRQHandler
                0x00000000080022d4                USART3_IRQHandler
                0x00000000080022d4                DMA1_Channel7_IRQHandler
                0x00000000080022d4                CAN1_RX1_IRQHandler
                0x00000000080022d4                LCD_IRQHandler
                0x00000000080022d4                DMA2_Channel1_IRQHandler
                0x00000000080022d4                QUADSPI_IRQHandler
                0x00000000080022d4                I2C1_EV_IRQHandler
                0x00000000080022d4                DMA1_Channel6_IRQHandler
                0x00000000080022d4                DMA2_Channel4_IRQHandler
                0x00000000080022d4                RCC_IRQHandler
                0x00000000080022d4                TIM1_TRG_COM_IRQHandler
                0x00000000080022d4                DMA1_Channel1_IRQHandler
                0x00000000080022d4                Default_Handler
                0x00000000080022d4                DMA2_Channel7_IRQHandler
                0x00000000080022d4                EXTI15_10_IRQHandler
                0x00000000080022d4                SDMMC1_IRQHandler
                0x00000000080022d4                I2C3_EV_IRQHandler
                0x00000000080022d4                USB_IRQHandler
                0x00000000080022d4                EXTI9_5_IRQHandler
                0x00000000080022d4                RTC_WKUP_IRQHandler
                0x00000000080022d4                PVD_PVM_IRQHandler
                0x00000000080022d4                SPI2_IRQHandler
                0x00000000080022d4                CAN1_TX_IRQHandler
                0x00000000080022d4                DMA2_Channel5_IRQHandler
                0x00000000080022d4                CRS_IRQHandler
                0x00000000080022d4                DMA1_Channel5_IRQHandler
                0x00000000080022d4                EXTI4_IRQHandler
                0x00000000080022d4                RNG_IRQHandler
                0x00000000080022d4                DMA1_Channel3_IRQHandler
                0x00000000080022d4                COMP_IRQHandler
                0x00000000080022d4                WWDG_IRQHandler
                0x00000000080022d4                DMA2_Channel6_IRQHandler
                0x00000000080022d4                TIM2_IRQHandler
                0x00000000080022d4                EXTI1_IRQHandler
                0x00000000080022d4                USART2_IRQHandler
                0x00000000080022d4                I2C2_ER_IRQHandler
                0x00000000080022d4                DMA1_Channel2_IRQHandler
                0x00000000080022d4                CAN1_SCE_IRQHandler
                0x00000000080022d4                FLASH_IRQHandler
                0x00000000080022d4                SPI3_IRQHandler
                0x00000000080022d4                I2C1_ER_IRQHandler
                0x00000000080022d4                SWPMI1_IRQHandler
                0x00000000080022d4                LPTIM1_IRQHandler
                0x00000000080022d4                SAI1_IRQHandler
                0x00000000080022d4                DMA2_Channel3_IRQHandler
                0x00000000080022d4                TIM1_BRK_TIM15_IRQHandler
 .text._ZN9LpdcLogicD2Ev
                0x00000000080022d6        0x2 ./Core/srccpp/Bussinesslogic/LpdcLogic.o
                0x00000000080022d6                LpdcLogic::~LpdcLogic()
                0x00000000080022d6                LpdcLogic::~LpdcLogic()
 .text._ZN9LpdcLogicD0Ev
                0x00000000080022d8        0xe ./Core/srccpp/Bussinesslogic/LpdcLogic.o
                0x00000000080022d8                LpdcLogic::~LpdcLogic()
 *fill*         0x00000000080022e6        0x2 
 .text._ZN9LpdcLogicC2Ev
                0x00000000080022e8       0x10 ./Core/srccpp/Bussinesslogic/LpdcLogic.o
                0x00000000080022e8                LpdcLogic::LpdcLogic()
                0x00000000080022e8                LpdcLogic::LpdcLogic()
 .text._ZN9LpdcLogic11shiftChangeEv
                0x00000000080022f8       0x5c ./Core/srccpp/Bussinesslogic/LpdcLogic.o
                0x00000000080022f8                LpdcLogic::shiftChange()
 .text._ZN9LpdcLogic13productChangeEv
                0x0000000008002354       0x48 ./Core/srccpp/Bussinesslogic/LpdcLogic.o
                0x0000000008002354                LpdcLogic::productChange()
 .text._ZN9LpdcLogic10productionEv
                0x000000000800239c       0x64 ./Core/srccpp/Bussinesslogic/LpdcLogic.o
                0x000000000800239c                LpdcLogic::production()
 .text._ZN9LpdcLogic15manualRejectionEv
                0x0000000008002400       0x44 ./Core/srccpp/Bussinesslogic/LpdcLogic.o
                0x0000000008002400                LpdcLogic::manualRejection()
 .text._ZN9LpdcLogic13mAlarmControlEv
                0x0000000008002444       0x1c ./Core/srccpp/Bussinesslogic/LpdcLogic.o
                0x0000000008002444                LpdcLogic::mAlarmControl()
 .text._ZN9LpdcLogic3runEv
                0x0000000008002460       0x22 ./Core/srccpp/Bussinesslogic/LpdcLogic.o
                0x0000000008002460                LpdcLogic::run()
 .text._ZN6commonD2Ev
                0x0000000008002482        0x2 ./Core/srccpp/Common/common.o
                0x0000000008002482                common::~common()
                0x0000000008002482                common::~common()
 .text._ZN6commonD0Ev
                0x0000000008002484        0xe ./Core/srccpp/Common/common.o
                0x0000000008002484                common::~common()
 *fill*         0x0000000008002492        0x2 
 .text._ZN6commonC2Ev
                0x0000000008002494        0xc ./Core/srccpp/Common/common.o
                0x0000000008002494                common::common()
                0x0000000008002494                common::common()
 .text._ZN14DisplayRoutineC2Ev
                0x00000000080024a0       0xc0 ./Core/srccpp/DisplayCPP/DisplayRoutine.o
                0x00000000080024a0                DisplayRoutine::DisplayRoutine()
                0x00000000080024a0                DisplayRoutine::DisplayRoutine()
 .text._ZN14DisplayRoutine11value2DigitEhhh
                0x0000000008002560       0x38 ./Core/srccpp/DisplayCPP/DisplayRoutine.o
                0x0000000008002560                DisplayRoutine::value2Digit(unsigned char, unsigned char, unsigned char)
 .text._ZN14DisplayRoutine11value4DigitEthh
                0x0000000008002598       0x64 ./Core/srccpp/DisplayCPP/DisplayRoutine.o
                0x0000000008002598                DisplayRoutine::value4Digit(unsigned short, unsigned char, unsigned char)
 .text._ZN14DisplayRoutine3runEv
                0x00000000080025fc      0x160 ./Core/srccpp/DisplayCPP/DisplayRoutine.o
                0x00000000080025fc                DisplayRoutine::run()
 .text._ZN14DisplayRoutine4InitEv
                0x000000000800275c       0x1e ./Core/srccpp/DisplayCPP/DisplayRoutine.o
                0x000000000800275c                DisplayRoutine::Init()
 *fill*         0x000000000800277a        0x2 
 .text._ZN14DisplayRoutineD2Ev
                0x000000000800277c       0x18 ./Core/srccpp/DisplayCPP/DisplayRoutine.o
                0x000000000800277c                DisplayRoutine::~DisplayRoutine()
                0x000000000800277c                DisplayRoutine::~DisplayRoutine()
 .text._ZN14DisplayRoutineD0Ev
                0x0000000008002794       0x16 ./Core/srccpp/DisplayCPP/DisplayRoutine.o
                0x0000000008002794                DisplayRoutine::~DisplayRoutine()
 *fill*         0x00000000080027aa        0x2 
 .text._ZN4GLCDD2Ev
                0x00000000080027ac       0x14 ./Core/srccpp/DisplayCPP/GLCD.o
                0x00000000080027ac                GLCD::~GLCD()
                0x00000000080027ac                GLCD::~GLCD()
 .text._ZN4GLCDD0Ev
                0x00000000080027c0       0x16 ./Core/srccpp/DisplayCPP/GLCD.o
                0x00000000080027c0                GLCD::~GLCD()
 *fill*         0x00000000080027d6        0x2 
 .text._ZN4GLCDC2Ev
                0x00000000080027d8     0x1940 ./Core/srccpp/DisplayCPP/GLCD.o
                0x00000000080027d8                GLCD::GLCD()
                0x00000000080027d8                GLCD::GLCD()
 .text._ZN4GLCD9m_ctrloffEv
                0x0000000008004118       0x4c ./Core/srccpp/DisplayCPP/GLCD.o
                0x0000000008004118                GLCD::m_ctrloff()
 .text._ZN4GLCD16m_IOWritethedataEh
                0x0000000008004164       0x74 ./Core/srccpp/DisplayCPP/GLCD.o
                0x0000000008004164                GLCD::m_IOWritethedata(unsigned char)
 .text._ZN4GLCD11m_displayonEv
                0x00000000080041d8       0x64 ./Core/srccpp/DisplayCPP/GLCD.o
                0x00000000080041d8                GLCD::m_displayon()
 .text._ZN4GLCD11m_setcolumnEh
                0x000000000800423c       0x88 ./Core/srccpp/DisplayCPP/GLCD.o
                0x000000000800423c                GLCD::m_setcolumn(unsigned char)
 .text._ZN4GLCD9m_setpageEh
                0x00000000080042c4       0x68 ./Core/srccpp/DisplayCPP/GLCD.o
                0x00000000080042c4                GLCD::m_setpage(unsigned char)
 .text._ZN4GLCD14m_setstartlineEh
                0x000000000800432c       0x68 ./Core/srccpp/DisplayCPP/GLCD.o
                0x000000000800432c                GLCD::m_setstartline(unsigned char)
 .text._ZN4GLCD9m_lcddataEPht
                0x0000000008004394       0xa4 ./Core/srccpp/DisplayCPP/GLCD.o
                0x0000000008004394                GLCD::m_lcddata(unsigned char*, unsigned short)
 .text._ZN4GLCD10m_lcdputs1EhhPc
                0x0000000008004438       0x48 ./Core/srccpp/DisplayCPP/GLCD.o
                0x0000000008004438                GLCD::m_lcdputs1(unsigned char, unsigned char, char*)
 .text._ZN4GLCD8m_clrlcdEv
                0x0000000008004480       0x36 ./Core/srccpp/DisplayCPP/GLCD.o
                0x0000000008004480                GLCD::m_clrlcd()
 .text._ZN10W5500ClassD2Ev
                0x00000000080044b6        0x2 ./Core/srccpp/Ethernet/W5500.o
                0x00000000080044b6                W5500Class::~W5500Class()
                0x00000000080044b6                W5500Class::~W5500Class()
 .text._ZN10W5500ClassD0Ev
                0x00000000080044b8        0xe ./Core/srccpp/Ethernet/W5500.o
                0x00000000080044b8                W5500Class::~W5500Class()
 *fill*         0x00000000080044c6        0x2 
 .text.startup._GLOBAL__sub_I_w5500
                0x00000000080044c8       0x10 ./Core/srccpp/Ethernet/W5500.o
 .text._ZN9ModbusrtuD2Ev
                0x00000000080044d8        0x2 ./Core/srccpp/Modbus/Modbusrtu.o
                0x00000000080044d8                Modbusrtu::~Modbusrtu()
                0x00000000080044d8                Modbusrtu::~Modbusrtu()
 .text._ZN9ModbusrtuD0Ev
                0x00000000080044da       0x10 ./Core/srccpp/Modbus/Modbusrtu.o
                0x00000000080044da                Modbusrtu::~Modbusrtu()
 *fill*         0x00000000080044ea        0x2 
 .text._ZN9ModbusrtuC2Ev
                0x00000000080044ec       0x34 ./Core/srccpp/Modbus/Modbusrtu.o
                0x00000000080044ec                Modbusrtu::Modbusrtu()
                0x00000000080044ec                Modbusrtu::Modbusrtu()
 .text.HAL_UART_TxCpltCallback
                0x0000000008004520       0x14 ./Core/srccpp/Modbus/Modbusrtu.o
                0x0000000008004520                HAL_UART_TxCpltCallback
 .text._ZN9Modbusrtu11ASCChecksumEPhh
                0x0000000008004534       0x24 ./Core/srccpp/Modbus/Modbusrtu.o
                0x0000000008004534                Modbusrtu::ASCChecksum(unsigned char*, unsigned char)
 .text._ZN9Modbusrtu21ModbusReadTransactionEv
                0x0000000008004558      0x104 ./Core/srccpp/Modbus/Modbusrtu.o
                0x0000000008004558                Modbusrtu::ModbusReadTransaction()
 .text._ZN14OfflineStorageD2Ev
                0x000000000800465c        0x2 ./Core/srccpp/OfflineStorage/OfflineStorage.o
                0x000000000800465c                OfflineStorage::~OfflineStorage()
                0x000000000800465c                OfflineStorage::~OfflineStorage()
 .text._ZN14OfflineStorageD0Ev
                0x000000000800465e        0xe ./Core/srccpp/OfflineStorage/OfflineStorage.o
                0x000000000800465e                OfflineStorage::~OfflineStorage()
 .text._ZN14OfflineStorageC2Ev
                0x000000000800466c        0xc ./Core/srccpp/OfflineStorage/OfflineStorage.o
                0x000000000800466c                OfflineStorage::OfflineStorage()
                0x000000000800466c                OfflineStorage::OfflineStorage()
 .text._ZN14OfflineStorage3runEv
                0x0000000008004678      0x1fc ./Core/srccpp/OfflineStorage/OfflineStorage.o
                0x0000000008004678                OfflineStorage::run()
 .text._ZN14OfflineStorage19ReadOfflinedataInitEv
                0x0000000008004874       0xcc ./Core/srccpp/OfflineStorage/OfflineStorage.o
                0x0000000008004874                OfflineStorage::ReadOfflinedataInit()
 .text._ZN5SHIFTD2Ev
                0x0000000008004940        0x2 ./Core/srccpp/Shift/SHIFT.o
                0x0000000008004940                SHIFT::~SHIFT()
                0x0000000008004940                SHIFT::~SHIFT()
 .text._ZN5SHIFTD0Ev
                0x0000000008004942        0xe ./Core/srccpp/Shift/SHIFT.o
                0x0000000008004942                SHIFT::~SHIFT()
 .text._ZN5SHIFTC2Ev
                0x0000000008004950        0xc ./Core/srccpp/Shift/SHIFT.o
                0x0000000008004950                SHIFT::SHIFT()
                0x0000000008004950                SHIFT::SHIFT()
 .text._ZN5SHIFT16shiftCalculationEv
                0x000000000800495c      0x120 ./Core/srccpp/Shift/SHIFT.o
                0x000000000800495c                SHIFT::shiftCalculation()
 .text._ZN5SHIFT3runEv
                0x0000000008004a7c        0x4 ./Core/srccpp/Shift/SHIFT.o
                0x0000000008004a7c                SHIFT::run()
 .text._ZN7ESP8266D2Ev
                0x0000000008004a80        0x2 ./Core/srccpp/WifiEsp8266/ESP8266.o
                0x0000000008004a80                ESP8266::~ESP8266()
                0x0000000008004a80                ESP8266::~ESP8266()
 .text._ZN7ESP8266D0Ev
                0x0000000008004a82       0x10 ./Core/srccpp/WifiEsp8266/ESP8266.o
                0x0000000008004a82                ESP8266::~ESP8266()
 *fill*         0x0000000008004a92        0x2 
 .text._ZN7ESP8266C2Ev
                0x0000000008004a94      0x134 ./Core/srccpp/WifiEsp8266/ESP8266.o
                0x0000000008004a94                ESP8266::ESP8266()
                0x0000000008004a94                ESP8266::ESP8266()
 .text._ZN7ESP826612Send_WifiCmdEv
                0x0000000008004bc8      0x498 ./Core/srccpp/WifiEsp8266/ESP8266.o
                0x0000000008004bc8                ESP8266::Send_WifiCmd()
 .text._ZN7ESP826615RefreshWifiDataEv
                0x0000000008005060      0x1a4 ./Core/srccpp/WifiEsp8266/ESP8266.o
                0x0000000008005060                ESP8266::RefreshWifiData()
 .text._ZN7ESP82663runEv
                0x0000000008005204       0x12 ./Core/srccpp/WifiEsp8266/ESP8266.o
                0x0000000008005204                ESP8266::run()
 *fill*         0x0000000008005216        0x2 
 .text._ZN7ESP82664InitEv
                0x0000000008005218       0x54 ./Core/srccpp/WifiEsp8266/ESP8266.o
                0x0000000008005218                ESP8266::Init()
 .text.cppMain  0x000000000800526c       0xb0 ./Core/srccpp/main.o
                0x000000000800526c                cppMain
 .text.HAL_InitTick
                0x000000000800531c       0x4c ./Drivers/STM32L4xx_HAL_Driver/Src/stm32l4xx_hal.o
                0x000000000800531c                HAL_InitTick
 .text.HAL_Init
                0x0000000008005368       0x1e ./Drivers/STM32L4xx_HAL_Driver/Src/stm32l4xx_hal.o
                0x0000000008005368                HAL_Init
 *fill*         0x0000000008005386        0x2 
 .text.HAL_IncTick
                0x0000000008005388       0x18 ./Drivers/STM32L4xx_HAL_Driver/Src/stm32l4xx_hal.o
                0x0000000008005388                HAL_IncTick
 .text.HAL_GetTick
                0x00000000080053a0        0xc ./Drivers/STM32L4xx_HAL_Driver/Src/stm32l4xx_hal.o
                0x00000000080053a0                HAL_GetTick
 .text.HAL_Delay
                0x00000000080053ac       0x28 ./Drivers/STM32L4xx_HAL_Driver/Src/stm32l4xx_hal.o
                0x00000000080053ac                HAL_Delay
 .text.HAL_NVIC_SetPriorityGrouping
                0x00000000080053d4       0x24 ./Drivers/STM32L4xx_HAL_Driver/Src/stm32l4xx_hal_cortex.o
                0x00000000080053d4                HAL_NVIC_SetPriorityGrouping
 .text.HAL_NVIC_SetPriority
                0x00000000080053f8       0x64 ./Drivers/STM32L4xx_HAL_Driver/Src/stm32l4xx_hal_cortex.o
                0x00000000080053f8                HAL_NVIC_SetPriority
 .text.HAL_NVIC_EnableIRQ
                0x000000000800545c       0x1c ./Drivers/STM32L4xx_HAL_Driver/Src/stm32l4xx_hal_cortex.o
                0x000000000800545c                HAL_NVIC_EnableIRQ
 .text.HAL_SYSTICK_Config
                0x0000000008005478       0x28 ./Drivers/STM32L4xx_HAL_Driver/Src/stm32l4xx_hal_cortex.o
                0x0000000008005478                HAL_SYSTICK_Config
 .text.HAL_DMA_Abort
                0x00000000080054a0       0x46 ./Drivers/STM32L4xx_HAL_Driver/Src/stm32l4xx_hal_dma.o
                0x00000000080054a0                HAL_DMA_Abort
 .text.HAL_DMA_Abort_IT
                0x00000000080054e6       0x4c ./Drivers/STM32L4xx_HAL_Driver/Src/stm32l4xx_hal_dma.o
                0x00000000080054e6                HAL_DMA_Abort_IT
 *fill*         0x0000000008005532        0x2 
 .text.HAL_GPIO_Init
                0x0000000008005534      0x188 ./Drivers/STM32L4xx_HAL_Driver/Src/stm32l4xx_hal_gpio.o
                0x0000000008005534                HAL_GPIO_Init
 .text.HAL_GPIO_ReadPin
                0x00000000080056bc        0xc ./Drivers/STM32L4xx_HAL_Driver/Src/stm32l4xx_hal_gpio.o
                0x00000000080056bc                HAL_GPIO_ReadPin
 .text.HAL_GPIO_WritePin
                0x00000000080056c8        0xa ./Drivers/STM32L4xx_HAL_Driver/Src/stm32l4xx_hal_gpio.o
                0x00000000080056c8                HAL_GPIO_WritePin
 .text.HAL_GPIO_TogglePin
                0x00000000080056d2       0x12 ./Drivers/STM32L4xx_HAL_Driver/Src/stm32l4xx_hal_gpio.o
                0x00000000080056d2                HAL_GPIO_TogglePin
 .text.I2C_Flush_TXDR
                0x00000000080056e4       0x1c ./Drivers/STM32L4xx_HAL_Driver/Src/stm32l4xx_hal_i2c.o
 .text.I2C_TransferConfig
                0x0000000008005700       0x2c ./Drivers/STM32L4xx_HAL_Driver/Src/stm32l4xx_hal_i2c.o
 .text.I2C_IsErrorOccurred
                0x000000000800572c      0x116 ./Drivers/STM32L4xx_HAL_Driver/Src/stm32l4xx_hal_i2c.o
 .text.I2C_WaitOnTXISFlagUntilTimeout
                0x0000000008005842       0x4e ./Drivers/STM32L4xx_HAL_Driver/Src/stm32l4xx_hal_i2c.o
 .text.I2C_WaitOnFlagUntilTimeout
                0x0000000008005890       0x54 ./Drivers/STM32L4xx_HAL_Driver/Src/stm32l4xx_hal_i2c.o
 .text.I2C_WaitOnSTOPFlagUntilTimeout
                0x00000000080058e4       0x4a ./Drivers/STM32L4xx_HAL_Driver/Src/stm32l4xx_hal_i2c.o
 .text.HAL_I2C_Init
                0x000000000800592e       0xa2 ./Drivers/STM32L4xx_HAL_Driver/Src/stm32l4xx_hal_i2c.o
                0x000000000800592e                HAL_I2C_Init
 .text.HAL_I2C_Mem_Write
                0x00000000080059d0      0x1b4 ./Drivers/STM32L4xx_HAL_Driver/Src/stm32l4xx_hal_i2c.o
                0x00000000080059d0                HAL_I2C_Mem_Write
 .text.HAL_I2C_Mem_Read
                0x0000000008005b84      0x1bc ./Drivers/STM32L4xx_HAL_Driver/Src/stm32l4xx_hal_i2c.o
                0x0000000008005b84                HAL_I2C_Mem_Read
 .text.HAL_I2CEx_ConfigAnalogFilter
                0x0000000008005d40       0x4c ./Drivers/STM32L4xx_HAL_Driver/Src/stm32l4xx_hal_i2c_ex.o
                0x0000000008005d40                HAL_I2CEx_ConfigAnalogFilter
 .text.HAL_I2CEx_ConfigDigitalFilter
                0x0000000008005d8c       0x4a ./Drivers/STM32L4xx_HAL_Driver/Src/stm32l4xx_hal_i2c_ex.o
                0x0000000008005d8c                HAL_I2CEx_ConfigDigitalFilter
 *fill*         0x0000000008005dd6        0x2 
 .text.HAL_PWREx_GetVoltageRange
                0x0000000008005dd8       0x10 ./Drivers/STM32L4xx_HAL_Driver/Src/stm32l4xx_hal_pwr_ex.o
                0x0000000008005dd8                HAL_PWREx_GetVoltageRange
 .text.HAL_PWREx_ControlVoltageScaling
                0x0000000008005de8       0x6c ./Drivers/STM32L4xx_HAL_Driver/Src/stm32l4xx_hal_pwr_ex.o
                0x0000000008005de8                HAL_PWREx_ControlVoltageScaling
 .text.RCC_SetFlashLatencyFromMSIRange
                0x0000000008005e54       0x84 ./Drivers/STM32L4xx_HAL_Driver/Src/stm32l4xx_hal_rcc.o
 .text.HAL_RCC_GetSysClockFreq
                0x0000000008005ed8       0x9c ./Drivers/STM32L4xx_HAL_Driver/Src/stm32l4xx_hal_rcc.o
                0x0000000008005ed8                HAL_RCC_GetSysClockFreq
 .text.HAL_RCC_OscConfig
                0x0000000008005f74      0x548 ./Drivers/STM32L4xx_HAL_Driver/Src/stm32l4xx_hal_rcc.o
                0x0000000008005f74                HAL_RCC_OscConfig
 .text.HAL_RCC_ClockConfig
                0x00000000080064bc      0x154 ./Drivers/STM32L4xx_HAL_Driver/Src/stm32l4xx_hal_rcc.o
                0x00000000080064bc                HAL_RCC_ClockConfig
 .text.HAL_RCC_GetPCLK1Freq
                0x0000000008006610       0x24 ./Drivers/STM32L4xx_HAL_Driver/Src/stm32l4xx_hal_rcc.o
                0x0000000008006610                HAL_RCC_GetPCLK1Freq
 .text.HAL_RCC_GetPCLK2Freq
                0x0000000008006634       0x24 ./Drivers/STM32L4xx_HAL_Driver/Src/stm32l4xx_hal_rcc.o
                0x0000000008006634                HAL_RCC_GetPCLK2Freq
 .text.RCCEx_PLLSAI1_Config
                0x0000000008006658      0x114 ./Drivers/STM32L4xx_HAL_Driver/Src/stm32l4xx_hal_rcc_ex.o
 .text.HAL_RCCEx_PeriphCLKConfig
                0x000000000800676c      0x2f0 ./Drivers/STM32L4xx_HAL_Driver/Src/stm32l4xx_hal_rcc_ex.o
                0x000000000800676c                HAL_RCCEx_PeriphCLKConfig
 .text.SPI_WaitFifoStateUntilTimeout.constprop.0
                0x0000000008006a5c       0xcc ./Drivers/STM32L4xx_HAL_Driver/Src/stm32l4xx_hal_spi.o
 .text.SPI_WaitFlagStateUntilTimeout.constprop.0
                0x0000000008006b28       0xa4 ./Drivers/STM32L4xx_HAL_Driver/Src/stm32l4xx_hal_spi.o
 .text.SPI_EndRxTransaction
                0x0000000008006bcc       0x72 ./Drivers/STM32L4xx_HAL_Driver/Src/stm32l4xx_hal_spi.o
 .text.SPI_EndRxTxTransaction
                0x0000000008006c3e       0x4a ./Drivers/STM32L4xx_HAL_Driver/Src/stm32l4xx_hal_spi.o
 .text.HAL_SPI_Init
                0x0000000008006c88       0xd4 ./Drivers/STM32L4xx_HAL_Driver/Src/stm32l4xx_hal_spi.o
                0x0000000008006c88                HAL_SPI_Init
 .text.HAL_SPI_Transmit
                0x0000000008006d5c      0x192 ./Drivers/STM32L4xx_HAL_Driver/Src/stm32l4xx_hal_spi.o
                0x0000000008006d5c                HAL_SPI_Transmit
 .text.HAL_SPI_TransmitReceive
                0x0000000008006eee      0x258 ./Drivers/STM32L4xx_HAL_Driver/Src/stm32l4xx_hal_spi.o
                0x0000000008006eee                HAL_SPI_TransmitReceive
 .text.HAL_SPI_Receive
                0x0000000008007146      0x170 ./Drivers/STM32L4xx_HAL_Driver/Src/stm32l4xx_hal_spi.o
                0x0000000008007146                HAL_SPI_Receive
 *fill*         0x00000000080072b6        0x2 
 .text.HAL_TIM_Base_Start
                0x00000000080072b8       0x4c ./Drivers/STM32L4xx_HAL_Driver/Src/stm32l4xx_hal_tim.o
                0x00000000080072b8                HAL_TIM_Base_Start
 .text.HAL_TIM_Base_Start_IT
                0x0000000008007304       0x54 ./Drivers/STM32L4xx_HAL_Driver/Src/stm32l4xx_hal_tim.o
                0x0000000008007304                HAL_TIM_Base_Start_IT
 .text.HAL_TIM_OC_DelayElapsedCallback
                0x0000000008007358        0x2 ./Drivers/STM32L4xx_HAL_Driver/Src/stm32l4xx_hal_tim.o
                0x0000000008007358                HAL_TIM_OC_DelayElapsedCallback
 .text.HAL_TIM_IC_CaptureCallback
                0x000000000800735a        0x2 ./Drivers/STM32L4xx_HAL_Driver/Src/stm32l4xx_hal_tim.o
                0x000000000800735a                HAL_TIM_IC_CaptureCallback
 .text.HAL_TIM_PWM_PulseFinishedCallback
                0x000000000800735c        0x2 ./Drivers/STM32L4xx_HAL_Driver/Src/stm32l4xx_hal_tim.o
                0x000000000800735c                HAL_TIM_PWM_PulseFinishedCallback
 .text.HAL_TIM_TriggerCallback
                0x000000000800735e        0x2 ./Drivers/STM32L4xx_HAL_Driver/Src/stm32l4xx_hal_tim.o
                0x000000000800735e                HAL_TIM_TriggerCallback
 .text.HAL_TIM_IRQHandler
                0x0000000008007360      0x160 ./Drivers/STM32L4xx_HAL_Driver/Src/stm32l4xx_hal_tim.o
                0x0000000008007360                HAL_TIM_IRQHandler
 .text.TIM_Base_SetConfig
                0x00000000080074c0       0x74 ./Drivers/STM32L4xx_HAL_Driver/Src/stm32l4xx_hal_tim.o
                0x00000000080074c0                TIM_Base_SetConfig
 .text.HAL_TIM_Base_Init
                0x0000000008007534       0x60 ./Drivers/STM32L4xx_HAL_Driver/Src/stm32l4xx_hal_tim.o
                0x0000000008007534                HAL_TIM_Base_Init
 .text.TIM_ETR_SetConfig
                0x0000000008007594       0x14 ./Drivers/STM32L4xx_HAL_Driver/Src/stm32l4xx_hal_tim.o
                0x0000000008007594                TIM_ETR_SetConfig
 .text.HAL_TIM_ConfigClockSource
                0x00000000080075a8      0x138 ./Drivers/STM32L4xx_HAL_Driver/Src/stm32l4xx_hal_tim.o
                0x00000000080075a8                HAL_TIM_ConfigClockSource
 .text.HAL_TIMEx_MasterConfigSynchronization
                0x00000000080076e0       0x64 ./Drivers/STM32L4xx_HAL_Driver/Src/stm32l4xx_hal_tim_ex.o
                0x00000000080076e0                HAL_TIMEx_MasterConfigSynchronization
 .text.HAL_TIMEx_CommutCallback
                0x0000000008007744        0x2 ./Drivers/STM32L4xx_HAL_Driver/Src/stm32l4xx_hal_tim_ex.o
                0x0000000008007744                HAL_TIMEx_CommutCallback
 .text.HAL_TIMEx_BreakCallback
                0x0000000008007746        0x2 ./Drivers/STM32L4xx_HAL_Driver/Src/stm32l4xx_hal_tim_ex.o
                0x0000000008007746                HAL_TIMEx_BreakCallback
 .text.HAL_TIMEx_Break2Callback
                0x0000000008007748        0x2 ./Drivers/STM32L4xx_HAL_Driver/Src/stm32l4xx_hal_tim_ex.o
                0x0000000008007748                HAL_TIMEx_Break2Callback
 .text.UART_EndRxTransfer
                0x000000000800774a       0x4e ./Drivers/STM32L4xx_HAL_Driver/Src/stm32l4xx_hal_uart.o
 .text.UART_TxISR_8BIT.part.0
                0x0000000008007798       0x26 ./Drivers/STM32L4xx_HAL_Driver/Src/stm32l4xx_hal_uart.o
 .text.UART_TxISR_8BIT
                0x00000000080077be       0x2e ./Drivers/STM32L4xx_HAL_Driver/Src/stm32l4xx_hal_uart.o
 .text.UART_TxISR_16BIT
                0x00000000080077ec       0x32 ./Drivers/STM32L4xx_HAL_Driver/Src/stm32l4xx_hal_uart.o
 *fill*         0x000000000800781e        0x2 
 .text.HAL_UART_Transmit_IT
                0x0000000008007820       0x6c ./Drivers/STM32L4xx_HAL_Driver/Src/stm32l4xx_hal_uart.o
                0x0000000008007820                HAL_UART_Transmit_IT
 .text.HAL_UART_ErrorCallback
                0x000000000800788c        0x2 ./Drivers/STM32L4xx_HAL_Driver/Src/stm32l4xx_hal_uart.o
                0x000000000800788c                HAL_UART_ErrorCallback
 .text.UART_DMAAbortOnError
                0x000000000800788e       0x14 ./Drivers/STM32L4xx_HAL_Driver/Src/stm32l4xx_hal_uart.o
 .text.HAL_UARTEx_RxEventCallback
                0x00000000080078a2        0x2 ./Drivers/STM32L4xx_HAL_Driver/Src/stm32l4xx_hal_uart.o
                0x00000000080078a2                HAL_UARTEx_RxEventCallback
 .text.HAL_UART_IRQHandler
                0x00000000080078a4      0x28c ./Drivers/STM32L4xx_HAL_Driver/Src/stm32l4xx_hal_uart.o
                0x00000000080078a4                HAL_UART_IRQHandler
 .text.UART_RxISR_8BIT
                0x0000000008007b30       0xa0 ./Drivers/STM32L4xx_HAL_Driver/Src/stm32l4xx_hal_uart.o
 .text.UART_RxISR_16BIT
                0x0000000008007bd0       0x9a ./Drivers/STM32L4xx_HAL_Driver/Src/stm32l4xx_hal_uart.o
 *fill*         0x0000000008007c6a        0x2 
 .text.UART_SetConfig
                0x0000000008007c6c      0x224 ./Drivers/STM32L4xx_HAL_Driver/Src/stm32l4xx_hal_uart.o
                0x0000000008007c6c                UART_SetConfig
 .text.UART_AdvFeatureConfig
                0x0000000008007e90       0xa8 ./Drivers/STM32L4xx_HAL_Driver/Src/stm32l4xx_hal_uart.o
                0x0000000008007e90                UART_AdvFeatureConfig
 .text.UART_WaitOnFlagUntilTimeout
                0x0000000008007f38       0xbc ./Drivers/STM32L4xx_HAL_Driver/Src/stm32l4xx_hal_uart.o
                0x0000000008007f38                UART_WaitOnFlagUntilTimeout
 .text.UART_CheckIdleState
                0x0000000008007ff4       0x66 ./Drivers/STM32L4xx_HAL_Driver/Src/stm32l4xx_hal_uart.o
                0x0000000008007ff4                UART_CheckIdleState
 .text.HAL_UART_Init
                0x000000000800805a       0x5c ./Drivers/STM32L4xx_HAL_Driver/Src/stm32l4xx_hal_uart.o
                0x000000000800805a                HAL_UART_Init
 *fill*         0x00000000080080b6        0x2 
 .text.UART_Start_Receive_IT
                0x00000000080080b8       0xc0 ./Drivers/STM32L4xx_HAL_Driver/Src/stm32l4xx_hal_uart.o
                0x00000000080080b8                UART_Start_Receive_IT
 .text.HAL_UART_Receive_IT
                0x0000000008008178       0x50 ./Drivers/STM32L4xx_HAL_Driver/Src/stm32l4xx_hal_uart.o
                0x0000000008008178                HAL_UART_Receive_IT
 .text.HAL_UARTEx_WakeupCallback
                0x00000000080081c8        0x2 ./Drivers/STM32L4xx_HAL_Driver/Src/stm32l4xx_hal_uart_ex.o
                0x00000000080081c8                HAL_UARTEx_WakeupCallback
 .text._ZdlPvj  0x00000000080081ca        0x4 c:/st/stm32cubeide_1.8.0/stm32cubeide/plugins/com.st.stm32cube.ide.mcu.externaltools.gnu-tools-for-stm32.10.3-2021.10.win32_1.0.100.202210260954/tools/bin/../lib/gcc/arm-none-eabi/10.3.1/../../../../arm-none-eabi/lib/thumb/v7e-m+fp/hard\libstdc++_nano.a(del_ops.o)
                0x00000000080081ca                operator delete(void*, unsigned int)
 .text._ZdlPv   0x00000000080081ce        0x4 c:/st/stm32cubeide_1.8.0/stm32cubeide/plugins/com.st.stm32cube.ide.mcu.externaltools.gnu-tools-for-stm32.10.3-2021.10.win32_1.0.100.202210260954/tools/bin/../lib/gcc/arm-none-eabi/10.3.1/../../../../arm-none-eabi/lib/thumb/v7e-m+fp/hard\libstdc++_nano.a(del_op.o)
                0x00000000080081ce                operator delete(void*)
 *fill*         0x00000000080081d2        0x2 
 .text.__errno  0x00000000080081d4        0xc c:/st/stm32cubeide_1.8.0/stm32cubeide/plugins/com.st.stm32cube.ide.mcu.externaltools.gnu-tools-for-stm32.10.3-2021.10.win32_1.0.100.202210260954/tools/bin/../lib/gcc/arm-none-eabi/10.3.1/../../../../arm-none-eabi/lib/thumb/v7e-m+fp/hard\libc_nano.a(lib_a-errno.o)
                0x00000000080081d4                __errno
 .text.__libc_init_array
                0x00000000080081e0       0x48 c:/st/stm32cubeide_1.8.0/stm32cubeide/plugins/com.st.stm32cube.ide.mcu.externaltools.gnu-tools-for-stm32.10.3-2021.10.win32_1.0.100.202210260954/tools/bin/../lib/gcc/arm-none-eabi/10.3.1/../../../../arm-none-eabi/lib/thumb/v7e-m+fp/hard\libc_nano.a(lib_a-init.o)
                0x00000000080081e0                __libc_init_array
 .text.free     0x0000000008008228       0x10 c:/st/stm32cubeide_1.8.0/stm32cubeide/plugins/com.st.stm32cube.ide.mcu.externaltools.gnu-tools-for-stm32.10.3-2021.10.win32_1.0.100.202210260954/tools/bin/../lib/gcc/arm-none-eabi/10.3.1/../../../../arm-none-eabi/lib/thumb/v7e-m+fp/hard\libc_nano.a(lib_a-malloc.o)
                0x0000000008008228                free
 .text.memcpy   0x0000000008008238       0x1c c:/st/stm32cubeide_1.8.0/stm32cubeide/plugins/com.st.stm32cube.ide.mcu.externaltools.gnu-tools-for-stm32.10.3-2021.10.win32_1.0.100.202210260954/tools/bin/../lib/gcc/arm-none-eabi/10.3.1/../../../../arm-none-eabi/lib/thumb/v7e-m+fp/hard\libc_nano.a(lib_a-memcpy-stub.o)
                0x0000000008008238                memcpy
 .text.memset   0x0000000008008254       0x10 c:/st/stm32cubeide_1.8.0/stm32cubeide/plugins/com.st.stm32cube.ide.mcu.externaltools.gnu-tools-for-stm32.10.3-2021.10.win32_1.0.100.202210260954/tools/bin/../lib/gcc/arm-none-eabi/10.3.1/../../../../arm-none-eabi/lib/thumb/v7e-m+fp/hard\libc_nano.a(lib_a-memset.o)
                0x0000000008008254                memset
 .text._free_r  0x0000000008008264       0x98 c:/st/stm32cubeide_1.8.0/stm32cubeide/plugins/com.st.stm32cube.ide.mcu.externaltools.gnu-tools-for-stm32.10.3-2021.10.win32_1.0.100.202210260954/tools/bin/../lib/gcc/arm-none-eabi/10.3.1/../../../../arm-none-eabi/lib/thumb/v7e-m+fp/hard\libc_nano.a(lib_a-nano-freer.o)
                0x0000000008008264                _free_r
 .text.sbrk_aligned
                0x00000000080082fc       0x40 c:/st/stm32cubeide_1.8.0/stm32cubeide/plugins/com.st.stm32cube.ide.mcu.externaltools.gnu-tools-for-stm32.10.3-2021.10.win32_1.0.100.202210260954/tools/bin/../lib/gcc/arm-none-eabi/10.3.1/../../../../arm-none-eabi/lib/thumb/v7e-m+fp/hard\libc_nano.a(lib_a-nano-mallocr.o)
 .text._malloc_r
                0x000000000800833c       0xe8 c:/st/stm32cubeide_1.8.0/stm32cubeide/plugins/com.st.stm32cube.ide.mcu.externaltools.gnu-tools-for-stm32.10.3-2021.10.win32_1.0.100.202210260954/tools/bin/../lib/gcc/arm-none-eabi/10.3.1/../../../../arm-none-eabi/lib/thumb/v7e-m+fp/hard\libc_nano.a(lib_a-nano-mallocr.o)
                0x000000000800833c                _malloc_r
 .text._sbrk_r  0x0000000008008424       0x20 c:/st/stm32cubeide_1.8.0/stm32cubeide/plugins/com.st.stm32cube.ide.mcu.externaltools.gnu-tools-for-stm32.10.3-2021.10.win32_1.0.100.202210260954/tools/bin/../lib/gcc/arm-none-eabi/10.3.1/../../../../arm-none-eabi/lib/thumb/v7e-m+fp/hard\libc_nano.a(lib_a-sbrkr.o)
                0x0000000008008424                _sbrk_r
 .text.sprintf  0x0000000008008444       0x40 c:/st/stm32cubeide_1.8.0/stm32cubeide/plugins/com.st.stm32cube.ide.mcu.externaltools.gnu-tools-for-stm32.10.3-2021.10.win32_1.0.100.202210260954/tools/bin/../lib/gcc/arm-none-eabi/10.3.1/../../../../arm-none-eabi/lib/thumb/v7e-m+fp/hard\libc_nano.a(lib_a-sprintf.o)
                0x0000000008008444                siprintf
                0x0000000008008444                sprintf
 .text.__malloc_lock
                0x0000000008008484        0xc c:/st/stm32cubeide_1.8.0/stm32cubeide/plugins/com.st.stm32cube.ide.mcu.externaltools.gnu-tools-for-stm32.10.3-2021.10.win32_1.0.100.202210260954/tools/bin/../lib/gcc/arm-none-eabi/10.3.1/../../../../arm-none-eabi/lib/thumb/v7e-m+fp/hard\libc_nano.a(lib_a-mlock.o)
                0x0000000008008484                __malloc_lock
 .text.__malloc_unlock
                0x0000000008008490        0xc c:/st/stm32cubeide_1.8.0/stm32cubeide/plugins/com.st.stm32cube.ide.mcu.externaltools.gnu-tools-for-stm32.10.3-2021.10.win32_1.0.100.202210260954/tools/bin/../lib/gcc/arm-none-eabi/10.3.1/../../../../arm-none-eabi/lib/thumb/v7e-m+fp/hard\libc_nano.a(lib_a-mlock.o)
                0x0000000008008490                __malloc_unlock
 .text.__ssputs_r
                0x000000000800849c       0xb6 c:/st/stm32cubeide_1.8.0/stm32cubeide/plugins/com.st.stm32cube.ide.mcu.externaltools.gnu-tools-for-stm32.10.3-2021.10.win32_1.0.100.202210260954/tools/bin/../lib/gcc/arm-none-eabi/10.3.1/../../../../arm-none-eabi/lib/thumb/v7e-m+fp/hard\libc_nano.a(lib_a-nano-svfprintf.o)
                0x000000000800849c                __ssputs_r
 *fill*         0x0000000008008552        0x2 
 .text._svfprintf_r
                0x0000000008008554      0x200 c:/st/stm32cubeide_1.8.0/stm32cubeide/plugins/com.st.stm32cube.ide.mcu.externaltools.gnu-tools-for-stm32.10.3-2021.10.win32_1.0.100.202210260954/tools/bin/../lib/gcc/arm-none-eabi/10.3.1/../../../../arm-none-eabi/lib/thumb/v7e-m+fp/hard\libc_nano.a(lib_a-nano-svfprintf.o)
                0x0000000008008554                _svfiprintf_r
                0x0000000008008554                _svfprintf_r
 .text._printf_common
                0x0000000008008754       0xda c:/st/stm32cubeide_1.8.0/stm32cubeide/plugins/com.st.stm32cube.ide.mcu.externaltools.gnu-tools-for-stm32.10.3-2021.10.win32_1.0.100.202210260954/tools/bin/../lib/gcc/arm-none-eabi/10.3.1/../../../../arm-none-eabi/lib/thumb/v7e-m+fp/hard\libc_nano.a(lib_a-nano-vfprintf_i.o)
                0x0000000008008754                _printf_common
 *fill*         0x000000000800882e        0x2 
 .text._printf_i
                0x0000000008008830      0x24c c:/st/stm32cubeide_1.8.0/stm32cubeide/plugins/com.st.stm32cube.ide.mcu.externaltools.gnu-tools-for-stm32.10.3-2021.10.win32_1.0.100.202210260954/tools/bin/../lib/gcc/arm-none-eabi/10.3.1/../../../../arm-none-eabi/lib/thumb/v7e-m+fp/hard\libc_nano.a(lib_a-nano-vfprintf_i.o)
                0x0000000008008830                _printf_i
 .text.__retarget_lock_acquire_recursive
                0x0000000008008a7c        0x2 c:/st/stm32cubeide_1.8.0/stm32cubeide/plugins/com.st.stm32cube.ide.mcu.externaltools.gnu-tools-for-stm32.10.3-2021.10.win32_1.0.100.202210260954/tools/bin/../lib/gcc/arm-none-eabi/10.3.1/../../../../arm-none-eabi/lib/thumb/v7e-m+fp/hard\libc_nano.a(lib_a-lock.o)
                0x0000000008008a7c                __retarget_lock_acquire_recursive
 .text.__retarget_lock_release_recursive
                0x0000000008008a7e        0x2 c:/st/stm32cubeide_1.8.0/stm32cubeide/plugins/com.st.stm32cube.ide.mcu.externaltools.gnu-tools-for-stm32.10.3-2021.10.win32_1.0.100.202210260954/tools/bin/../lib/gcc/arm-none-eabi/10.3.1/../../../../arm-none-eabi/lib/thumb/v7e-m+fp/hard\libc_nano.a(lib_a-lock.o)
                0x0000000008008a7e                __retarget_lock_release_recursive
 .text.memmove  0x0000000008008a80       0x34 c:/st/stm32cubeide_1.8.0/stm32cubeide/plugins/com.st.stm32cube.ide.mcu.externaltools.gnu-tools-for-stm32.10.3-2021.10.win32_1.0.100.202210260954/tools/bin/../lib/gcc/arm-none-eabi/10.3.1/../../../../arm-none-eabi/lib/thumb/v7e-m+fp/hard\libc_nano.a(lib_a-memmove.o)
                0x0000000008008a80                memmove
 .text._realloc_r
                0x0000000008008ab4       0x5e c:/st/stm32cubeide_1.8.0/stm32cubeide/plugins/com.st.stm32cube.ide.mcu.externaltools.gnu-tools-for-stm32.10.3-2021.10.win32_1.0.100.202210260954/tools/bin/../lib/gcc/arm-none-eabi/10.3.1/../../../../arm-none-eabi/lib/thumb/v7e-m+fp/hard\libc_nano.a(lib_a-nano-reallocr.o)
                0x0000000008008ab4                _realloc_r
 .text._malloc_usable_size_r
                0x0000000008008b12       0x10 c:/st/stm32cubeide_1.8.0/stm32cubeide/plugins/com.st.stm32cube.ide.mcu.externaltools.gnu-tools-for-stm32.10.3-2021.10.win32_1.0.100.202210260954/tools/bin/../lib/gcc/arm-none-eabi/10.3.1/../../../../arm-none-eabi/lib/thumb/v7e-m+fp/hard\libc_nano.a(lib_a-nano-msizer.o)
                0x0000000008008b12                _malloc_usable_size_r
 *(.glue_7)
 .glue_7        0x0000000008008b22        0x0 linker stubs
 *(.glue_7t)
 .glue_7t       0x0000000008008b22        0x0 linker stubs
 *(.eh_frame)
 *fill*         0x0000000008008b22        0x2 
 .eh_frame      0x0000000008008b24        0x0 c:/st/stm32cubeide_1.8.0/stm32cubeide/plugins/com.st.stm32cube.ide.mcu.externaltools.gnu-tools-for-stm32.10.3-2021.10.win32_1.0.100.202210260954/tools/bin/../lib/gcc/arm-none-eabi/10.3.1/thumb/v7e-m+fp/hard/crtbegin.o
 *(.init)
 .init          0x0000000008008b24        0x4 c:/st/stm32cubeide_1.8.0/stm32cubeide/plugins/com.st.stm32cube.ide.mcu.externaltools.gnu-tools-for-stm32.10.3-2021.10.win32_1.0.100.202210260954/tools/bin/../lib/gcc/arm-none-eabi/10.3.1/thumb/v7e-m+fp/hard/crti.o
                0x0000000008008b24                _init
 .init          0x0000000008008b28        0x8 c:/st/stm32cubeide_1.8.0/stm32cubeide/plugins/com.st.stm32cube.ide.mcu.externaltools.gnu-tools-for-stm32.10.3-2021.10.win32_1.0.100.202210260954/tools/bin/../lib/gcc/arm-none-eabi/10.3.1/thumb/v7e-m+fp/hard/crtn.o
 *(.fini)
 .fini          0x0000000008008b30        0x4 c:/st/stm32cubeide_1.8.0/stm32cubeide/plugins/com.st.stm32cube.ide.mcu.externaltools.gnu-tools-for-stm32.10.3-2021.10.win32_1.0.100.202210260954/tools/bin/../lib/gcc/arm-none-eabi/10.3.1/thumb/v7e-m+fp/hard/crti.o
                0x0000000008008b30                _fini
 .fini          0x0000000008008b34        0x8 c:/st/stm32cubeide_1.8.0/stm32cubeide/plugins/com.st.stm32cube.ide.mcu.externaltools.gnu-tools-for-stm32.10.3-2021.10.win32_1.0.100.202210260954/tools/bin/../lib/gcc/arm-none-eabi/10.3.1/thumb/v7e-m+fp/hard/crtn.o
                0x0000000008008b3c                . = ALIGN (0x4)
                0x0000000008008b3c                _etext = .

.vfp11_veneer   0x0000000008008b3c        0x0
 .vfp11_veneer  0x0000000008008b3c        0x0 linker stubs

.v4_bx          0x0000000008008b3c        0x0
 .v4_bx         0x0000000008008b3c        0x0 linker stubs

.iplt           0x0000000008008b3c        0x0
 .iplt          0x0000000008008b3c        0x0 c:/st/stm32cubeide_1.8.0/stm32cubeide/plugins/com.st.stm32cube.ide.mcu.externaltools.gnu-tools-for-stm32.10.3-2021.10.win32_1.0.100.202210260954/tools/bin/../lib/gcc/arm-none-eabi/10.3.1/thumb/v7e-m+fp/hard/crtbegin.o

.rodata         0x0000000008008b3c      0x514
                0x0000000008008b3c                . = ALIGN (0x4)
 *(.rodata)
 .rodata        0x0000000008008b3c       0x3a ./Core/srccpp/DisplayCPP/DisplayRoutine.o
 .rodata        0x0000000008008b76        0xf ./Core/srccpp/DisplayCPP/GLCD.o
 .rodata        0x0000000008008b85      0x200 ./Core/srccpp/Modbus/Modbusrtu.o
 .rodata        0x0000000008008d85       0xa4 ./Core/srccpp/WifiEsp8266/ESP8266.o
 *(.rodata*)
 .rodata.AHBPrescTable
                0x0000000008008e29       0x10 ./Core/Src/system_stm32l4xx.o
                0x0000000008008e29                AHBPrescTable
 .rodata.APBPrescTable
                0x0000000008008e39        0x8 ./Core/Src/system_stm32l4xx.o
                0x0000000008008e39                APBPrescTable
 *fill*         0x0000000008008e41        0x3 
 .rodata.MSIRangeTable
                0x0000000008008e44       0x30 ./Core/Src/system_stm32l4xx.o
                0x0000000008008e44                MSIRangeTable
 .rodata._ZTV9LpdcLogic
                0x0000000008008e74       0x10 ./Core/srccpp/Bussinesslogic/LpdcLogic.o
                0x0000000008008e74                vtable for LpdcLogic
 .rodata._ZTV6common
                0x0000000008008e84       0x10 ./Core/srccpp/Common/common.o
                0x0000000008008e84                vtable for common
 .rodata._ZN14DisplayRoutineC2Ev.str1.1
                0x0000000008008e94        0x4 ./Core/srccpp/DisplayCPP/DisplayRoutine.o
 .rodata._ZTV14DisplayRoutine
                0x0000000008008e98       0x10 ./Core/srccpp/DisplayCPP/DisplayRoutine.o
                0x0000000008008e98                vtable for DisplayRoutine
 .rodata._ZTV4GLCD
                0x0000000008008ea8       0x10 ./Core/srccpp/DisplayCPP/GLCD.o
                0x0000000008008ea8                vtable for GLCD
 .rodata._ZTV10W5500Class
                0x0000000008008eb8       0x10 ./Core/srccpp/Ethernet/W5500.o
                0x0000000008008eb8                vtable for W5500Class
 .rodata._ZTV9Modbusrtu
                0x0000000008008ec8       0x10 ./Core/srccpp/Modbus/Modbusrtu.o
                0x0000000008008ec8                vtable for Modbusrtu
 .rodata._ZN14OfflineStorage3runEv.str1.1
                0x0000000008008ed8       0x4a ./Core/srccpp/OfflineStorage/OfflineStorage.o
 *fill*         0x0000000008008f22        0x2 
 .rodata._ZTV14OfflineStorage
                0x0000000008008f24       0x10 ./Core/srccpp/OfflineStorage/OfflineStorage.o
                0x0000000008008f24                vtable for OfflineStorage
 .rodata._ZTV5SHIFT
                0x0000000008008f34       0x10 ./Core/srccpp/Shift/SHIFT.o
                0x0000000008008f34                vtable for SHIFT
 .rodata._ZN7ESP8266C2Ev.str1.1
                0x0000000008008f44       0x10 ./Core/srccpp/WifiEsp8266/ESP8266.o
 .rodata._ZN7ESP826612Send_WifiCmdEv.str1.1
                0x0000000008008f54       0xa8 ./Core/srccpp/WifiEsp8266/ESP8266.o
 .rodata._ZN7ESP826615RefreshWifiDataEv.str1.1
                0x0000000008008ffc       0x4a ./Core/srccpp/WifiEsp8266/ESP8266.o
 .rodata._ZTV7ESP8266
                0x0000000008008ffc       0x10 ./Core/srccpp/WifiEsp8266/ESP8266.o
                0x0000000008008ffc                vtable for ESP8266
 .rodata.CSWTCH.53
                0x000000000800900c        0x3 ./Drivers/STM32L4xx_HAL_Driver/Src/stm32l4xx_hal_uart.o
 .rodata.CSWTCH.54
                0x000000000800900f        0xd ./Drivers/STM32L4xx_HAL_Driver/Src/stm32l4xx_hal_uart.o
 .rodata._svfprintf_r.str1.1
                0x000000000800901c       0x11 c:/st/stm32cubeide_1.8.0/stm32cubeide/plugins/com.st.stm32cube.ide.mcu.externaltools.gnu-tools-for-stm32.10.3-2021.10.win32_1.0.100.202210260954/tools/bin/../lib/gcc/arm-none-eabi/10.3.1/../../../../arm-none-eabi/lib/thumb/v7e-m+fp/hard\libc_nano.a(lib_a-nano-svfprintf.o)
 .rodata._printf_i.str1.1
                0x000000000800902d       0x22 c:/st/stm32cubeide_1.8.0/stm32cubeide/plugins/com.st.stm32cube.ide.mcu.externaltools.gnu-tools-for-stm32.10.3-2021.10.win32_1.0.100.202210260954/tools/bin/../lib/gcc/arm-none-eabi/10.3.1/../../../../arm-none-eabi/lib/thumb/v7e-m+fp/hard\libc_nano.a(lib_a-nano-vfprintf_i.o)
                0x0000000008009050                . = ALIGN (0x4)
 *fill*         0x000000000800904f        0x1 

.ARM.extab      0x0000000008009050        0x0
                0x0000000008009050                . = ALIGN (0x4)
 *(.ARM.extab* .gnu.linkonce.armextab.*)
                0x0000000008009050                . = ALIGN (0x4)

.ARM            0x0000000008009050        0x8
                0x0000000008009050                . = ALIGN (0x4)
                0x0000000008009050                __exidx_start = .
 *(.ARM.exidx*)
 .ARM.exidx     0x0000000008009050        0x8 c:/st/stm32cubeide_1.8.0/stm32cubeide/plugins/com.st.stm32cube.ide.mcu.externaltools.gnu-tools-for-stm32.10.3-2021.10.win32_1.0.100.202210260954/tools/bin/../lib/gcc/arm-none-eabi/10.3.1/thumb/v7e-m+fp/hard\libgcc.a(_udivmoddi4.o)
                0x0000000008009058                __exidx_end = .
                0x0000000008009058                . = ALIGN (0x4)

.rel.dyn        0x0000000008009058        0x0
 .rel.iplt      0x0000000008009058        0x0 c:/st/stm32cubeide_1.8.0/stm32cubeide/plugins/com.st.stm32cube.ide.mcu.externaltools.gnu-tools-for-stm32.10.3-2021.10.win32_1.0.100.202210260954/tools/bin/../lib/gcc/arm-none-eabi/10.3.1/thumb/v7e-m+fp/hard/crtbegin.o

.preinit_array  0x0000000008009058        0x0
                0x0000000008009058                . = ALIGN (0x4)
                0x0000000008009058                PROVIDE (__preinit_array_start = .)
 *(.preinit_array*)
                0x0000000008009058                PROVIDE (__preinit_array_end = .)
                0x0000000008009058                . = ALIGN (0x4)

.init_array     0x0000000008009058        0x8
                0x0000000008009058                . = ALIGN (0x4)
                0x0000000008009058                PROVIDE (__init_array_start = .)
 *(SORT_BY_NAME(.init_array.*))
 *(.init_array*)
 .init_array    0x0000000008009058        0x4 c:/st/stm32cubeide_1.8.0/stm32cubeide/plugins/com.st.stm32cube.ide.mcu.externaltools.gnu-tools-for-stm32.10.3-2021.10.win32_1.0.100.202210260954/tools/bin/../lib/gcc/arm-none-eabi/10.3.1/thumb/v7e-m+fp/hard/crtbegin.o
 .init_array    0x000000000800905c        0x4 ./Core/srccpp/Ethernet/W5500.o
                0x0000000008009060                PROVIDE (__init_array_end = .)
                0x0000000008009060                . = ALIGN (0x4)

.fini_array     0x0000000008009060        0x4
                0x0000000008009060                . = ALIGN (0x4)
                [!provide]                        PROVIDE (__fini_array_start = .)
 *(SORT_BY_NAME(.fini_array.*))
 *(.fini_array*)
 .fini_array    0x0000000008009060        0x4 c:/st/stm32cubeide_1.8.0/stm32cubeide/plugins/com.st.stm32cube.ide.mcu.externaltools.gnu-tools-for-stm32.10.3-2021.10.win32_1.0.100.202210260954/tools/bin/../lib/gcc/arm-none-eabi/10.3.1/thumb/v7e-m+fp/hard/crtbegin.o
                [!provide]                        PROVIDE (__fini_array_end = .)
                0x0000000008009064                . = ALIGN (0x4)
                0x0000000008009064                _sidata = LOADADDR (.data)

.data           0x0000000020000000       0x74 load address 0x0000000008009064
                0x0000000020000000                . = ALIGN (0x4)
                0x0000000020000000                _sdata = .
 *(.data)
 *(.data*)
 .data.productiontimeSetOL
                0x0000000020000000        0x2 ./Core/Src/ESP8266/esp8266_rx.o
                0x0000000020000000                productiontimeSetOL
 *fill*         0x0000000020000002        0x2 
 .data.SystemCoreClock
                0x0000000020000004        0x4 ./Core/Src/system_stm32l4xx.o
                0x0000000020000004                SystemCoreClock
 .data.len      0x0000000020000008        0x1 ./Core/srccpp/WifiEsp8266/ESP8266.o
                0x0000000020000008                len
 .data.uwTickFreq
                0x0000000020000009        0x1 ./Drivers/STM32L4xx_HAL_Driver/Src/stm32l4xx_hal.o
                0x0000000020000009                uwTickFreq
 *fill*         0x000000002000000a        0x2 
 .data.uwTickPrio
                0x000000002000000c        0x4 ./Drivers/STM32L4xx_HAL_Driver/Src/stm32l4xx_hal.o
                0x000000002000000c                uwTickPrio
 .data._impure_ptr
                0x0000000020000010        0x4 c:/st/stm32cubeide_1.8.0/stm32cubeide/plugins/com.st.stm32cube.ide.mcu.externaltools.gnu-tools-for-stm32.10.3-2021.10.win32_1.0.100.202210260954/tools/bin/../lib/gcc/arm-none-eabi/10.3.1/../../../../arm-none-eabi/lib/thumb/v7e-m+fp/hard\libc_nano.a(lib_a-impure.o)
                0x0000000020000010                _impure_ptr
 .data.impure_data
                0x0000000020000014       0x60 c:/st/stm32cubeide_1.8.0/stm32cubeide/plugins/com.st.stm32cube.ide.mcu.externaltools.gnu-tools-for-stm32.10.3-2021.10.win32_1.0.100.202210260954/tools/bin/../lib/gcc/arm-none-eabi/10.3.1/../../../../arm-none-eabi/lib/thumb/v7e-m+fp/hard\libc_nano.a(lib_a-impure.o)
 *(.RamFunc)
 *(.RamFunc*)
                0x0000000020000074                . = ALIGN (0x4)
                0x0000000020000074                _edata = .

.igot.plt       0x0000000020000074        0x0 load address 0x00000000080090d8
 .igot.plt      0x0000000020000074        0x0 c:/st/stm32cubeide_1.8.0/stm32cubeide/plugins/com.st.stm32cube.ide.mcu.externaltools.gnu-tools-for-stm32.10.3-2021.10.win32_1.0.100.202210260954/tools/bin/../lib/gcc/arm-none-eabi/10.3.1/thumb/v7e-m+fp/hard/crtbegin.o
                0x0000000020000074                . = ALIGN (0x4)

.bss            0x0000000020000074      0xc6c load address 0x00000000080090d8
                0x0000000020000074                _sbss = .
                0x0000000020000074                __bss_start__ = _sbss
 *(.bss)
 .bss           0x0000000020000074       0x1c c:/st/stm32cubeide_1.8.0/stm32cubeide/plugins/com.st.stm32cube.ide.mcu.externaltools.gnu-tools-for-stm32.10.3-2021.10.win32_1.0.100.202210260954/tools/bin/../lib/gcc/arm-none-eabi/10.3.1/thumb/v7e-m+fp/hard/crtbegin.o
 *(.bss*)
 .bss.Data_bufferptr
                0x0000000020000090        0x1 ./Core/Src/ESP8266/esp8266_rx.o
                0x0000000020000090                Data_bufferptr
 .bss.Err_bufferptr
                0x0000000020000091        0x1 ./Core/Src/ESP8266/esp8266_rx.o
                0x0000000020000091                Err_bufferptr
 .bss.Error_Close
                0x0000000020000092        0x1 ./Core/Src/ESP8266/esp8266_rx.o
                0x0000000020000092                Error_Close
 .bss.Error_Retry.0
                0x0000000020000093        0x1 ./Core/Src/ESP8266/esp8266_rx.o
 .bss.Production_Total
                0x0000000020000094        0x2 ./Core/Src/ESP8266/esp8266_rx.o
                0x0000000020000094                Production_Total
 .bss.Rejection_Total
                0x0000000020000096        0x2 ./Core/Src/ESP8266/esp8266_rx.o
                0x0000000020000096                Rejection_Total
 .bss.RxCompleteU2C1WIFI
                0x0000000020000098        0x1 ./Core/Src/ESP8266/esp8266_rx.o
                0x0000000020000098                RxCompleteU2C1WIFI
 .bss.SWCurrentShift
                0x0000000020000099        0x1 ./Core/Src/ESP8266/esp8266_rx.o
                0x0000000020000099                SWCurrentShift
 .bss.SW_Date   0x000000002000009a        0x1 ./Core/Src/ESP8266/esp8266_rx.o
                0x000000002000009a                SW_Date
 .bss.SW_Hour   0x000000002000009b        0x1 ./Core/Src/ESP8266/esp8266_rx.o
                0x000000002000009b                SW_Hour
 .bss.SW_Minute
                0x000000002000009c        0x1 ./Core/Src/ESP8266/esp8266_rx.o
                0x000000002000009c                SW_Minute
 .bss.SW_Month  0x000000002000009d        0x1 ./Core/Src/ESP8266/esp8266_rx.o
                0x000000002000009d                SW_Month
 .bss.SW_Year   0x000000002000009e        0x1 ./Core/Src/ESP8266/esp8266_rx.o
                0x000000002000009e                SW_Year
 .bss.Uart_rx_buffer
                0x000000002000009f       0x46 ./Core/Src/ESP8266/esp8266_rx.o
                0x000000002000009f                Uart_rx_buffer
 .bss.Updatetimeinfo
                0x00000000200000e5        0x1 ./Core/Src/ESP8266/esp8266_rx.o
                0x00000000200000e5                Updatetimeinfo
 .bss.Valid_DataWifi1
                0x00000000200000e6        0x1 ./Core/Src/ESP8266/esp8266_rx.o
                0x00000000200000e6                Valid_DataWifi1
 .bss.WifiDisplay
                0x00000000200000e7        0x1 ./Core/Src/ESP8266/esp8266_rx.o
                0x00000000200000e7                WifiDisplay
 .bss.alarmOnOff
                0x00000000200000e8        0x1 ./Core/Src/ESP8266/esp8266_rx.o
                0x00000000200000e8                alarmOnOff
 .bss.productChangeOL
                0x00000000200000e9        0x1 ./Core/Src/ESP8266/esp8266_rx.o
                0x00000000200000e9                productChangeOL
 .bss.productionhysNegSetOL
                0x00000000200000ea        0x1 ./Core/Src/ESP8266/esp8266_rx.o
                0x00000000200000ea                productionhysNegSetOL
 .bss.productionhysPosSetOL
                0x00000000200000eb        0x1 ./Core/Src/ESP8266/esp8266_rx.o
                0x00000000200000eb                productionhysPosSetOL
 .bss.temperatureLowSetOL
                0x00000000200000ec        0x2 ./Core/Src/ESP8266/esp8266_rx.o
                0x00000000200000ec                temperatureLowSetOL
 .bss.temperatureSetOL
                0x00000000200000ee        0x2 ./Core/Src/ESP8266/esp8266_rx.o
                0x00000000200000ee                temperatureSetOL
 .bss.temperaturehighSetOL
                0x00000000200000f0        0x2 ./Core/Src/ESP8266/esp8266_rx.o
                0x00000000200000f0                temperaturehighSetOL
 .bss.Flag100milliSeconds
                0x00000000200000f2        0x1 ./Core/Src/TimerIntHandler.o
                0x00000000200000f2                Flag100milliSeconds
 .bss.Flag1MS   0x00000000200000f3        0x1 ./Core/Src/TimerIntHandler.o
                0x00000000200000f3                Flag1MS
 .bss.Flag1Second
                0x00000000200000f4        0x1 ./Core/Src/TimerIntHandler.o
                0x00000000200000f4                Flag1Second
 .bss.LocCount1S
                0x00000000200000f5        0x1 ./Core/Src/TimerIntHandler.o
                0x00000000200000f5                LocCount1S
 .bss.SimCount  0x00000000200000f6        0x1 ./Core/Src/TimerIntHandler.o
                0x00000000200000f6                SimCount
 *fill*         0x00000000200000f7        0x1 
 .bss.Connector_Temperature
                0x00000000200000f8        0x2 ./Core/Src/UARTTxRxHandle.o
                0x00000000200000f8                Connector_Temperature
 .bss.Dye_Temperature
                0x00000000200000fa        0x2 ./Core/Src/UARTTxRxHandle.o
                0x00000000200000fa                Dye_Temperature
 .bss.checkbuff
                0x00000000200000fc       0xc8 ./Core/Src/UARTTxRxHandle.o
                0x00000000200000fc                checkbuff
 .bss.refinc    0x00000000200001c4        0x1 ./Core/Src/UARTTxRxHandle.o
                0x00000000200001c4                refinc
 *fill*         0x00000000200001c5        0x3 
 .bss.hi2c1     0x00000000200001c8       0x54 ./Core/Src/main.o
                0x00000000200001c8                hi2c1
 .bss.hlpuart1  0x000000002000021c       0x84 ./Core/Src/main.o
                0x000000002000021c                hlpuart1
 .bss.hspi1     0x00000000200002a0       0x64 ./Core/Src/main.o
                0x00000000200002a0                hspi1
 .bss.hspi2     0x0000000020000304       0x64 ./Core/Src/main.o
                0x0000000020000304                hspi2
 .bss.htim1     0x0000000020000368       0x4c ./Core/Src/main.o
                0x0000000020000368                htim1
 .bss.htim6     0x00000000200003b4       0x4c ./Core/Src/main.o
                0x00000000200003b4                htim6
 .bss.htim7     0x0000000020000400       0x4c ./Core/Src/main.o
                0x0000000020000400                htim7
 .bss.huart1    0x000000002000044c       0x84 ./Core/Src/main.o
                0x000000002000044c                huart1
 .bss.huart2    0x00000000200004d0       0x84 ./Core/Src/main.o
                0x00000000200004d0                huart2
 .bss.rxTempBuff
                0x0000000020000554        0x5 ./Core/Src/main.o
                0x0000000020000554                rxTempBuff
 *fill*         0x0000000020000559        0x3 
 .bss.__sbrk_heap_end
                0x000000002000055c        0x4 ./Core/Src/sysmem.o
 .bss.w25qxx    0x0000000020000560       0x28 ./Core/Src/W25Q64/w25qxx.o
                0x0000000020000560                w25qxx
 .bss.CurrentShift_K1
                0x0000000020000588        0x1 ./Core/srccpp/Bussinesslogic/LpdcLogic.o
                0x0000000020000588                CurrentShift_K1
 .bss.GPIO_PinStateEjection
                0x0000000020000589        0x1 ./Core/srccpp/Bussinesslogic/LpdcLogic.o
                0x0000000020000589                GPIO_PinStateEjection
 .bss.GPIO_PinStateMac
                0x000000002000058a        0x1 ./Core/srccpp/Bussinesslogic/LpdcLogic.o
                0x000000002000058a                GPIO_PinStateMac
 .bss.GPIO_PinStateRej
                0x000000002000058b        0x1 ./Core/srccpp/Bussinesslogic/LpdcLogic.o
                0x000000002000058b                GPIO_PinStateRej
 .bss.IsCurrentShiftUpdated
                0x000000002000058c        0x1 ./Core/srccpp/Bussinesslogic/LpdcLogic.o
                0x000000002000058c                IsCurrentShiftUpdated
 *fill*         0x000000002000058d        0x1 
 .bss.MAC_A_Prod_Input1_CountBase
                0x000000002000058e        0x2 ./Core/srccpp/Bussinesslogic/LpdcLogic.o
                0x000000002000058e                MAC_A_Prod_Input1_CountBase
 .bss.MAC_A_Prod_Input1_StartTimer
                0x0000000020000590        0x1 ./Core/srccpp/Bussinesslogic/LpdcLogic.o
                0x0000000020000590                MAC_A_Prod_Input1_StartTimer
 *fill*         0x0000000020000591        0x1 
 .bss.MAC_Gen_Prod_Input1_Production
                0x0000000020000592        0x2 ./Core/srccpp/Bussinesslogic/LpdcLogic.o
                0x0000000020000592                MAC_Gen_Prod_Input1_Production
 .bss.MAC_Gen_Rej_Input_Production
                0x0000000020000594        0x2 ./Core/srccpp/Bussinesslogic/LpdcLogic.o
                0x0000000020000594                MAC_Gen_Rej_Input_Production
 .bss.Manual_RejectionCount
                0x0000000020000596        0x2 ./Core/srccpp/Bussinesslogic/LpdcLogic.o
                0x0000000020000596                Manual_RejectionCount
 .bss.Production_Zeit
                0x0000000020000598        0x2 ./Core/srccpp/Bussinesslogic/LpdcLogic.o
                0x0000000020000598                Production_Zeit
 .bss.Rejection_Zeit
                0x000000002000059a        0x2 ./Core/srccpp/Bussinesslogic/LpdcLogic.o
                0x000000002000059a                Rejection_Zeit
 .bss.UpdateStorage
                0x000000002000059c        0x1 ./Core/srccpp/Bussinesslogic/LpdcLogic.o
                0x000000002000059c                UpdateStorage
 .bss.GLCDNumericArray
                0x000000002000059d        0x2 ./Core/srccpp/DisplayCPP/DisplayRoutine.o
                0x000000002000059d                GLCDNumericArray
 .bss.gLCDNumericArraySize_4
                0x000000002000059f        0x4 ./Core/srccpp/DisplayCPP/DisplayRoutine.o
                0x000000002000059f                gLCDNumericArraySize_4
 .bss.length    0x00000000200005a3        0x1 ./Core/srccpp/DisplayCPP/GLCD.o
                0x00000000200005a3                length
 .bss.w5500     0x00000000200005a4        0x4 ./Core/srccpp/Ethernet/W5500.o
                0x00000000200005a4                w5500
 .bss.TxSeqComplete
                0x00000000200005a8        0x1 ./Core/srccpp/Modbus/Modbusrtu.o
                0x00000000200005a8                TxSeqComplete
 .bss.u8rxbuf   0x00000000200005a9       0xff ./Core/srccpp/Modbus/Modbusrtu.o
                0x00000000200005a9                u8rxbuf
 .bss.BlockStatusOffline
                0x00000000200006a8       0x28 ./Core/srccpp/OfflineStorage/OfflineStorage.o
                0x00000000200006a8                BlockStatusOffline
 .bss.MAC_Gen_Prod_Input1_Production_K1
                0x00000000200006d0        0x2 ./Core/srccpp/OfflineStorage/OfflineStorage.o
                0x00000000200006d0                MAC_Gen_Prod_Input1_Production_K1
 .bss.MAC_Gen_Rej_Input_Production_K1
                0x00000000200006d2        0x2 ./Core/srccpp/OfflineStorage/OfflineStorage.o
                0x00000000200006d2                MAC_Gen_Rej_Input_Production_K1
 .bss.Manual_RejectionCount_K1
                0x00000000200006d4        0x2 ./Core/srccpp/OfflineStorage/OfflineStorage.o
                0x00000000200006d4                Manual_RejectionCount_K1
 .bss.ProductionSet_charFormat
                0x00000000200006d6       0x64 ./Core/srccpp/OfflineStorage/OfflineStorage.o
                0x00000000200006d6                ProductionSet_charFormat
 .bss.ProductionSet_uintFormat
                0x000000002000073a       0x64 ./Core/srccpp/OfflineStorage/OfflineStorage.o
                0x000000002000073a                ProductionSet_uintFormat
 .bss.SectorPos
                0x000000002000079e        0x2 ./Core/srccpp/OfflineStorage/OfflineStorage.o
                0x000000002000079e                SectorPos
 .bss.CurrentShift
                0x00000000200007a0        0x1 ./Core/srccpp/Shift/SHIFT.o
                0x00000000200007a0                CurrentShift
 .bss.UpdateShiftInfo
                0x00000000200007a1        0x1 ./Core/srccpp/Shift/SHIFT.o
                0x00000000200007a1                UpdateShiftInfo
 .bss.Wdate_Rtc
                0x00000000200007a2        0x1 ./Core/srccpp/Shift/SHIFT.o
                0x00000000200007a2                Wdate_Rtc
 .bss.date_Rtc  0x00000000200007a3        0x1 ./Core/srccpp/Shift/SHIFT.o
                0x00000000200007a3                date_Rtc
 .bss.hour_t    0x00000000200007a4        0x1 ./Core/srccpp/Shift/SHIFT.o
                0x00000000200007a4                hour_t
 .bss.min_t     0x00000000200007a5        0x1 ./Core/srccpp/Shift/SHIFT.o
                0x00000000200007a5                min_t
 .bss.month_Rtc
                0x00000000200007a6        0x1 ./Core/srccpp/Shift/SHIFT.o
                0x00000000200007a6                month_Rtc
 .bss.sec_t     0x00000000200007a7        0x1 ./Core/srccpp/Shift/SHIFT.o
                0x00000000200007a7                sec_t
 .bss.year_Rtc  0x00000000200007a8        0x1 ./Core/srccpp/Shift/SHIFT.o
                0x00000000200007a8                year_Rtc
 .bss.Check_CWMODE_For_Hang
                0x00000000200007a9        0x1 ./Core/srccpp/WifiEsp8266/ESP8266.o
                0x00000000200007a9                Check_CWMODE_For_Hang
 .bss.Dyn_data_calc
                0x00000000200007aa        0x2 ./Core/srccpp/WifiEsp8266/ESP8266.o
                0x00000000200007aa                Dyn_data_calc
 .bss.ESP8266TXData
                0x00000000200007ac       0xfa ./Core/srccpp/WifiEsp8266/ESP8266.o
                0x00000000200007ac                ESP8266TXData
 .bss.Framecheck
                0x00000000200008a6        0x1 ./Core/srccpp/WifiEsp8266/ESP8266.o
                0x00000000200008a6                Framecheck
 *fill*         0x00000000200008a7        0x1 
 .bss.NoOfdata_byte
                0x00000000200008a8        0x2 ./Core/srccpp/WifiEsp8266/ESP8266.o
                0x00000000200008a8                NoOfdata_byte
 .bss.OnlineData_buffer
                0x00000000200008aa       0xc8 ./Core/srccpp/WifiEsp8266/ESP8266.o
                0x00000000200008aa                OnlineData_buffer
 .bss.ProductionSet_uintFormat_MEM
                0x0000000020000972      0x352 ./Core/srccpp/WifiEsp8266/ESP8266.o
                0x0000000020000972                ProductionSet_uintFormat_MEM
 .bss.RefreshBlockInfo
                0x0000000020000cc4        0x1 ./Core/srccpp/WifiEsp8266/ESP8266.o
                0x0000000020000cc4                RefreshBlockInfo
 .bss.Rxseqdecoder
                0x0000000020000cc5        0x1 ./Core/srccpp/WifiEsp8266/ESP8266.o
                0x0000000020000cc5                Rxseqdecoder
 .bss.Timerdelay
                0x0000000020000cc6        0x1 ./Core/srccpp/WifiEsp8266/ESP8266.o
                0x0000000020000cc6                Timerdelay
 .bss.bufferptr
                0x0000000020000cc7        0x1 ./Core/srccpp/WifiEsp8266/ESP8266.o
                0x0000000020000cc7                bufferptr
 .bss.powercycleRefresh
                0x0000000020000cc8        0x1 ./Core/srccpp/WifiEsp8266/ESP8266.o
                0x0000000020000cc8                powercycleRefresh
 .bss.url_buffer
                0x0000000020000cc9        0x1 ./Core/srccpp/WifiEsp8266/ESP8266.o
                0x0000000020000cc9                url_buffer
 .bss.wifi_command
                0x0000000020000cca        0x1 ./Core/srccpp/WifiEsp8266/ESP8266.o
                0x0000000020000cca                wifi_command
 *fill*         0x0000000020000ccb        0x1 
 .bss.uwTick    0x0000000020000ccc        0x4 ./Drivers/STM32L4xx_HAL_Driver/Src/stm32l4xx_hal.o
                0x0000000020000ccc                uwTick
 .bss.__malloc_free_list
                0x0000000020000cd0        0x4 c:/st/stm32cubeide_1.8.0/stm32cubeide/plugins/com.st.stm32cube.ide.mcu.externaltools.gnu-tools-for-stm32.10.3-2021.10.win32_1.0.100.202210260954/tools/bin/../lib/gcc/arm-none-eabi/10.3.1/../../../../arm-none-eabi/lib/thumb/v7e-m+fp/hard\libc_nano.a(lib_a-nano-mallocr.o)
                0x0000000020000cd0                __malloc_free_list
 .bss.__malloc_sbrk_start
                0x0000000020000cd4        0x4 c:/st/stm32cubeide_1.8.0/stm32cubeide/plugins/com.st.stm32cube.ide.mcu.externaltools.gnu-tools-for-stm32.10.3-2021.10.win32_1.0.100.202210260954/tools/bin/../lib/gcc/arm-none-eabi/10.3.1/../../../../arm-none-eabi/lib/thumb/v7e-m+fp/hard\libc_nano.a(lib_a-nano-mallocr.o)
                0x0000000020000cd4                __malloc_sbrk_start
 .bss.errno     0x0000000020000cd8        0x4 c:/st/stm32cubeide_1.8.0/stm32cubeide/plugins/com.st.stm32cube.ide.mcu.externaltools.gnu-tools-for-stm32.10.3-2021.10.win32_1.0.100.202210260954/tools/bin/../lib/gcc/arm-none-eabi/10.3.1/../../../../arm-none-eabi/lib/thumb/v7e-m+fp/hard\libc_nano.a(lib_a-reent.o)
                0x0000000020000cd8                errno
 .bss.__lock___malloc_recursive_mutex
                0x0000000020000cdc        0x1 c:/st/stm32cubeide_1.8.0/stm32cubeide/plugins/com.st.stm32cube.ide.mcu.externaltools.gnu-tools-for-stm32.10.3-2021.10.win32_1.0.100.202210260954/tools/bin/../lib/gcc/arm-none-eabi/10.3.1/../../../../arm-none-eabi/lib/thumb/v7e-m+fp/hard\libc_nano.a(lib_a-lock.o)
                0x0000000020000cdc                __lock___malloc_recursive_mutex
 *(COMMON)
                0x0000000020000ce0                . = ALIGN (0x4)
 *fill*         0x0000000020000cdd        0x3 
                0x0000000020000ce0                _ebss = .
                0x0000000020000ce0                __bss_end__ = _ebss

._user_heap_stack
                0x0000000020000ce0      0x600 load address 0x00000000080090d8
                0x0000000020000ce0                . = ALIGN (0x8)
                [!provide]                        PROVIDE (end = .)
                0x0000000020000ce0                PROVIDE (_end = .)
                0x0000000020000ee0                . = (. + _Min_Heap_Size)
 *fill*         0x0000000020000ce0      0x200 
                0x00000000200012e0                . = (. + _Min_Stack_Size)
 *fill*         0x0000000020000ee0      0x400 
                0x00000000200012e0                . = ALIGN (0x8)

/DISCARD/
 libc.a(*)
 libm.a(*)
 libgcc.a(*)

.ARM.attributes
                0x0000000000000000       0x30
 *(.ARM.attributes)
 .ARM.attributes
                0x0000000000000000       0x1e c:/st/stm32cubeide_1.8.0/stm32cubeide/plugins/com.st.stm32cube.ide.mcu.externaltools.gnu-tools-for-stm32.10.3-2021.10.win32_1.0.100.202210260954/tools/bin/../lib/gcc/arm-none-eabi/10.3.1/thumb/v7e-m+fp/hard/crti.o
 .ARM.attributes
                0x000000000000001e       0x34 c:/st/stm32cubeide_1.8.0/stm32cubeide/plugins/com.st.stm32cube.ide.mcu.externaltools.gnu-tools-for-stm32.10.3-2021.10.win32_1.0.100.202210260954/tools/bin/../lib/gcc/arm-none-eabi/10.3.1/thumb/v7e-m+fp/hard/crtbegin.o
 .ARM.attributes
                0x0000000000000052       0x34 ./Core/Src/ESP8266/esp8266_rx.o
 .ARM.attributes
                0x0000000000000086       0x34 ./Core/Src/TimerIntHandler.o
 .ARM.attributes
                0x00000000000000ba       0x34 ./Core/Src/UARTTxRxHandle.o
 .ARM.attributes
                0x00000000000000ee       0x34 ./Core/Src/main.o
 .ARM.attributes
                0x0000000000000122       0x34 ./Core/Src/stm32l4xx_hal_msp.o
 .ARM.attributes
                0x0000000000000156       0x34 ./Core/Src/stm32l4xx_it.o
 .ARM.attributes
                0x000000000000018a       0x34 ./Core/Src/sysmem.o
 .ARM.attributes
                0x00000000000001be       0x34 ./Core/Src/system_stm32l4xx.o
 .ARM.attributes
                0x00000000000001f2       0x34 ./Core/Src/RTC/ds1307.o
 .ARM.attributes
                0x0000000000000226       0x34 ./Core/Src/W25Q64/w25qxx.o
 .ARM.attributes
                0x000000000000025a       0x21 ./Core/Startup/startup_stm32l433rctx.o
 .ARM.attributes
                0x000000000000027b       0x34 ./Core/srccpp/Bussinesslogic/LpdcLogic.o
 .ARM.attributes
                0x00000000000002af       0x34 ./Core/srccpp/Common/common.o
 .ARM.attributes
                0x00000000000002e3       0x34 ./Core/srccpp/DisplayCPP/DisplayRoutine.o
 .ARM.attributes
                0x0000000000000317       0x34 ./Core/srccpp/DisplayCPP/GLCD.o
 .ARM.attributes
                0x000000000000034b       0x34 ./Core/srccpp/Ethernet/W5500.o
 .ARM.attributes
                0x000000000000037f       0x34 ./Core/srccpp/Modbus/Modbusrtu.o
 .ARM.attributes
                0x00000000000003b3       0x34 ./Core/srccpp/OfflineStorage/OfflineStorage.o
 .ARM.attributes
                0x00000000000003e7       0x34 ./Core/srccpp/Shift/SHIFT.o
 .ARM.attributes
                0x000000000000041b       0x34 ./Core/srccpp/WifiEsp8266/ESP8266.o
 .ARM.attributes
                0x000000000000044f       0x34 ./Core/srccpp/main.o
 .ARM.attributes
                0x0000000000000483       0x34 ./Drivers/STM32L4xx_HAL_Driver/Src/stm32l4xx_hal.o
 .ARM.attributes
                0x00000000000004b7       0x34 ./Drivers/STM32L4xx_HAL_Driver/Src/stm32l4xx_hal_cortex.o
 .ARM.attributes
                0x00000000000004eb       0x34 ./Drivers/STM32L4xx_HAL_Driver/Src/stm32l4xx_hal_dma.o
 .ARM.attributes
                0x000000000000051f       0x34 ./Drivers/STM32L4xx_HAL_Driver/Src/stm32l4xx_hal_gpio.o
 .ARM.attributes
                0x0000000000000553       0x34 ./Drivers/STM32L4xx_HAL_Driver/Src/stm32l4xx_hal_i2c.o
 .ARM.attributes
                0x0000000000000587       0x34 ./Drivers/STM32L4xx_HAL_Driver/Src/stm32l4xx_hal_i2c_ex.o
 .ARM.attributes
                0x00000000000005bb       0x34 ./Drivers/STM32L4xx_HAL_Driver/Src/stm32l4xx_hal_pwr_ex.o
 .ARM.attributes
                0x00000000000005ef       0x34 ./Drivers/STM32L4xx_HAL_Driver/Src/stm32l4xx_hal_rcc.o
 .ARM.attributes
                0x0000000000000623       0x34 ./Drivers/STM32L4xx_HAL_Driver/Src/stm32l4xx_hal_rcc_ex.o
 .ARM.attributes
                0x0000000000000657       0x34 ./Drivers/STM32L4xx_HAL_Driver/Src/stm32l4xx_hal_spi.o
 .ARM.attributes
                0x000000000000068b       0x34 ./Drivers/STM32L4xx_HAL_Driver/Src/stm32l4xx_hal_tim.o
 .ARM.attributes
                0x00000000000006bf       0x34 ./Drivers/STM32L4xx_HAL_Driver/Src/stm32l4xx_hal_tim_ex.o
 .ARM.attributes
                0x00000000000006f3       0x34 ./Drivers/STM32L4xx_HAL_Driver/Src/stm32l4xx_hal_uart.o
 .ARM.attributes
                0x0000000000000727       0x34 ./Drivers/STM32L4xx_HAL_Driver/Src/stm32l4xx_hal_uart_ex.o
 .ARM.attributes
                0x000000000000075b       0x34 c:/st/stm32cubeide_1.8.0/stm32cubeide/plugins/com.st.stm32cube.ide.mcu.externaltools.gnu-tools-for-stm32.10.3-2021.10.win32_1.0.100.202210260954/tools/bin/../lib/gcc/arm-none-eabi/10.3.1/../../../../arm-none-eabi/lib/thumb/v7e-m+fp/hard\libstdc++_nano.a(del_ops.o)
 .ARM.attributes
                0x000000000000078f       0x34 c:/st/stm32cubeide_1.8.0/stm32cubeide/plugins/com.st.stm32cube.ide.mcu.externaltools.gnu-tools-for-stm32.10.3-2021.10.win32_1.0.100.202210260954/tools/bin/../lib/gcc/arm-none-eabi/10.3.1/../../../../arm-none-eabi/lib/thumb/v7e-m+fp/hard\libstdc++_nano.a(del_op.o)
 .ARM.attributes
                0x00000000000007c3       0x34 c:/st/stm32cubeide_1.8.0/stm32cubeide/plugins/com.st.stm32cube.ide.mcu.externaltools.gnu-tools-for-stm32.10.3-2021.10.win32_1.0.100.202210260954/tools/bin/../lib/gcc/arm-none-eabi/10.3.1/../../../../arm-none-eabi/lib/thumb/v7e-m+fp/hard\libc_nano.a(lib_a-errno.o)
 .ARM.attributes
                0x00000000000007f7       0x34 c:/st/stm32cubeide_1.8.0/stm32cubeide/plugins/com.st.stm32cube.ide.mcu.externaltools.gnu-tools-for-stm32.10.3-2021.10.win32_1.0.100.202210260954/tools/bin/../lib/gcc/arm-none-eabi/10.3.1/../../../../arm-none-eabi/lib/thumb/v7e-m+fp/hard\libc_nano.a(lib_a-impure.o)
 .ARM.attributes