../Core/srccpp/OfflineStorage/OfflineStorage.cpp:49:1:OfflineStorage::~OfflineStorage()	0	static
../Core/srccpp/OfflineStorage/OfflineStorage.cpp:49:1:virtual OfflineStorage::~OfflineStorage()	8	static
../Core/srccpp/OfflineStorage/OfflineStorage.cpp:44:1:OfflineStorage::OfflineStorage()	0	static
../Core/srccpp/OfflineStorage/OfflineStorage.cpp:53:6:void OfflineStorage::run()	96	static
../Core/srccpp/OfflineStorage/OfflineStorage.cpp:136:6:void OfflineStorage::ReadOfflinedataInit()	8	static
../Core/srccpp/OfflineStorage/OfflineStorage.cpp:164:6:void OfflineStorage::ECUProductionInit()	8	static
